******************************************************************************
                  TI ARM Linker PC v20.2.6                     
******************************************************************************
>> Linked Wed Jun  8 19:48:14 2022

OUTPUT FILE NAME:   <BlinkAtFrequencyRx.out>
ENTRY POINT SYMBOL: "ResetISR"  address: 00004c71


MEMORY CONFIGURATION

         name            origin    length      used     unused   attr    fill
----------------------  --------  ---------  --------  --------  ----  --------
  FLASH                 00000000   00058000  00008d08  0004f2f8  R  X
  GPRAM                 11000000   00002000  00000000  00002000  RW X
  SRAM                  20000000   00014000  00005b4b  0000e4b5  RW X
  LOG_DATA              90000000   00040000  00000000  00040000  R   


SEGMENT ALLOCATION MAP

run origin  load origin   length   init length attrs members
----------  ----------- ---------- ----------- ----- -------
00000000    00000000    00008ac0   00008ac0    r-x
  00000000    00000000    0000003c   0000003c    r-- .resetVecs
  0000003c    0000003c    000075f4   000075f4    r-x .text
  00007630    00007630    00001490   00001490    r-- .const
00008ac0    00008ac0    00000008   00000008    rw-
  00008ac0    00008ac0    00000008   00000008    rw- .args
00008ac8    00008ac8    000001e8   000001e8    r--
  00008ac8    00008ac8    000001e8   000001e8    r-- .cinit
00057fa8    00057fa8    00000058   00000058    r--
  00057fa8    00057fa8    00000058   00000058    r-- .ccfg
200000d8    200000d8    00004000   00000000    r--
  200000d8    200000d8    00004000   00000000    r-- .priheap
200040d8    200040d8    00001679   00000000    rw-
  200040d8    200040d8    000010a2   00000000    rw- .data
  20005180    20005180    000005d1   00000000    rw- .bss
20013c00    20013c00    00000400   00000000    rw-
  20013c00    20013c00    00000400   00000000    rw- .stack


SECTION ALLOCATION MAP

 output                                  attributes/
section   page    origin      length       input sections
--------  ----  ----------  ----------   ----------------
.binit     0    00000000    00000000     

.cinit     0    00008ac8    000001e8     
                  00008ac8    000001be     (.cinit..data.load) [load image, compression = lzss]
                  00008c86    00000002     --HOLE-- [fill = 0]
                  00008c88    0000000c     (__TI_handler_table)
                  00008c94    00000004     --HOLE-- [fill = 0]
                  00008c98    00000008     (.cinit..bss.load) [load image, compression = zero_init]
                  00008ca0    00000010     (__TI_cinit_table)

.init_array 
*          0    00000000    00000000     UNINITIALIZED

.ccfg      0    00057fa8    00000058     
                  00057fa8    00000058     ti_devices_config.obj (.ccfg:retain)

.data      0    200040d8    000010a2     UNINITIALIZED
                  200040d8    00000508     rf_multiMode_cc13x2.a : RFCC26X2_multiMode.c.cc13x2.ccs.o (.data:$O1$$)
                  200045e0    000003b0     EasyLink.obj (.data:$O1$$)
                  20004990    00000390     ti_sysbios_config.obj (.data:$O1$$)
                  20004d20    00000170     drivers_cc13x2.a : PowerCC26X2.oem4f (.data:PowerCC26X2_module)
                  20004e90    000000a0     blinkAtFrequencyRx.obj (.data:$O1$$)
                  20004f30    0000007c     ti_drivers_config.obj (.data:gpioPinConfigs)
                  20004fac    0000006e     ti_radio_config.obj (.data:txPowerTable_868_pa13)
                  2000501a    00000001     drivers_cc13x2.a : GPIOCC26XX.oem4f (.data)
                  2000501b    00000001                      : PWM.oem4f (.data)
                  2000501c    00000040     EasyLink.obj (.data:addrFilterTable)
                  2000505c    00000030     ti_radio_config.obj (.data:RF_cmdPropRxAdv)
                  2000508c    00000028     ti_radio_config.obj (.data:RF_cmdPropRadioDivSetup)
                  200050b4    00000024     driverlib.lib : osc.obj (.data:$O1$$)
                  200050d8    00000024     ti_easylink_config.obj (.data:EasyLink_supportedPhys)
                  200050fc    00000024     ti_radio_config.obj (.data:pOverrides)
                  20005120    00000018     ti_radio_config.obj (.data:RF_cmdFs)
                  20005138    00000018     ti_radio_config.obj (.data:RF_cmdPropTx)
                  20005150    00000010     ti_radio_config.obj (.data:RF_prop)
                  20005160    00000008     rtsv7M4_T_le_v4SPD16_eabi.lib : _lock.c.obj (.data:$O1$$)
                  20005168    00000008     rf_multiMode_cc13x2.a : RFCC26X2_multiMode.c.cc13x2.ccs.o (.data:RFCC26XX_schedulerPolicy)
                  20005170    00000004     rtsv7M4_T_le_v4SPD16_eabi.lib : rand.c.obj (.data)
                  20005174    00000004                                   : stkdepth_vars.c.obj (.data)
                  20005178    00000001     rf_multiMode_cc13x2.a : rf_patch_cpe_multi_protocol.c.cc13x2.ccs.o (.data)
                  20005179    00000001     ti_sysbios_config.obj (.data)

.bss       0    20005180    000005d1     UNINITIALIZED
                  20005180    00000200     (.common:ti_sysbios_knl_Idle_taskStack)
                  20005380    000000d8     (.common:ti_sysbios_family_arm_m3_Hwi_dispatchTable)
                  20005458    000000b8     (.common:LEDObjects)
                  20005510    00000098     EasyLink.obj (.bss:rxBuffer)
                  200055a8    0000007c     (.common:gpioCallbackFunctions)
                  20005624    0000007c     (.common:gpioUserArgs)
                  200056a0    00000030     (.common:ti_sysbios_knl_Swi_readyQs)
                  200056d0    00000030     (.common:ti_sysbios_knl_Task_readyQs)
                  20005700    00000020     (.common:ti_sysbios_runtime_System_atexitHandlers)
                  20005720    0000001c     drivers_cc13x2.a : GPIOCC26XX.oem4f (.bss:gpioHwi)
                  2000573c    00000014     rf_multiMode_cc13x2.a : RFCC26X2_multiMode.c.cc13x2.ccs.o (.bss:RF_ratSyncCmd)
                  20005750    00000001                           : RFCC26X2_multiMode.c.cc13x2.ccs.o (.bss)

.stack     0    20013c00    00000400     UNINITIALIZED
                  20013c00    00000400     --HOLE--

.priheap   0    200000d8    00004000     UNINITIALIZED
                  200000d8    00004000     --HOLE--

.log_data 
*          0    90000000    00000000     COPY SECTION

.resetVecs 
*          0    00000000    0000003c     
                  00000000    0000003c     ti_sysbios_config.obj (.resetVecs)

.vecs      0    20000000    000000d8     NOLOAD SECTION
                  20000000    000000d8     ti_sysbios_config.obj (.vecs)

__llvm_prf_cnts 
*          0    20000000    00000000     UNINITIALIZED

.text      0    0000003c    000075f4     
                  0000003c    00000558     EasyLink.obj (.text:EasyLink_init)
                  00000594    000004c0     rf_multiMode_cc13x2.a : RFCC26X2_multiMode.c.cc13x2.ccs.o (.text:RF_fsmActiveState)
                  00000a54    00000298                           : RFCC26X2_multiMode.c.cc13x2.ccs.o (.text:RF_open)
                  00000cec    00000248     EasyLink.obj (.text:EasyLink_receive)
                  00000f34    00000210     rf_multiMode_cc13x2.a : RFCC26X2_multiMode.c.cc13x2.ccs.o (.text:RF_scheduleCmd)
                  00001144    000001dc                           : RFCC26X2_multiMode.c.cc13x2.ccs.o (.text:RF_dispatchNextCmd)
                  00001320    00000184     drivers_cc13x2.a : PowerCC26X2.oem4f (.text:Power_sleep)
                  000014a4    00000154     rf_multiMode_cc13x2.a : RFCC26X2_multiMode.c.cc13x2.ccs.o (.text:RF_radioOpDoneCb)
                  000015f8    00000144                           : RFCC26X2_multiMode.c.cc13x2.ccs.o (.text:RF_fsmSetupState)
                  0000173c    00000138                           : RFCC26X2_multiMode.c.cc13x2.ccs.o (.text:RF_abortCmd)
                  00001874    00000134     ti_sysbios_config.obj (.text:ti_sysbios_family_arm_cc26xx_Timer_construct)
                  000019a8    00000130     drivers_cc13x2.a : PowerCC26X2_calibrateRCOSC.oem4f (.text:calibrateRcoscHf1)
                  00001ad8    00000124                      : PowerCC26X2.oem4f (.text:Power_init)
                  00001bfc    00000120     rf_multiMode_cc13x2.a : RFCC26X2_multiMode.c.cc13x2.ccs.o (.text:RF_close)
                  00001d1c    00000114     drivers_cc13x2.a : PowerCC26X2_calibrateRCOSC.oem4f (.text:runCalibrateFsm)
                  00001e30    00000110                      : LED.oem4f (.text:LED_open)
                  00001f40    00000104     rf_multiMode_cc13x2.a : RFCC26X2_multiMode.c.cc13x2.ccs.o (.text:RF_hwiCpe0Active)
                  00002044    000000fc     ti_sysbios_config.obj (.text:ti_sysbios_knl_TaskSupport_buildTaskStack)
                  00002140    000000f8     rf_multiMode_cc13x2.a : RFCC26X2_multiMode.c.cc13x2.ccs.o (.text:RF_decodeOverridePointers)
                  00002238    000000f8     ti_sysbios_config.obj (.text:pthread_create)
                  00002330    000000f8     ti_sysbios_config.obj (.text:ti_sysbios_family_arm_m3_Hwi_excFillContext)
                  00002428    000000f4     sysbios.a : Hwi_asm.obj (.text:ti_sysbios_family_arm_m3_Hwi_dispatch)
                  0000251c    000000f0     driverlib.lib : sys_ctrl.obj (.text:NOROM_SysCtrlStandby)
                  0000260c    000000f0     rf_multiMode_cc13x2.a : RFCC26X2_multiMode.c.cc13x2.ccs.o (.text:RF_fsmPowerUpState)
                  000026fc    000000e8     drivers_cc13x2.a : GPIOCC26XX.oem4f (.text:GPIO_init)
                  000027e4    000000e4     rf_multiMode_cc13x2.a : RFCC26X2_multiMode.c.cc13x2.ccs.o (.text:RF_postCmd)
                  000028c8    000000e4     drivers_cc13x2.a : PowerCC26X2.oem4f (.text:configureXOSCHF)
                  000029ac    000000d8     rf_multiMode_cc13x2.a : RFCC26X2_multiMode.c.cc13x2.ccs.o (.text:RF_pendCmd)
                  00002a84    000000d8     blinkAtFrequencyRx.obj (.text:mainThread)
                  00002b5c    000000d2     rf_multiMode_cc13x2.a : RFCC26X2_multiMode.c.cc13x2.ccs.o (.text:RF_updatePaConfiguration)
                  00002c2e    00000002     ti_sysbios_config.obj (.text:BIOS_nullFunc)
                  00002c30    000000cc     rf_multiMode_cc13x2.a : RFCC26X2_multiMode.c.cc13x2.ccs.o (.text:RF_swiHw)
                  00002cfc    000000c4     ti_sysbios_config.obj (.text:ti_sysbios_knl_Semaphore_pend)
                  00002dc0    000000c0     drivers_cc13x2.a : PowerCC26X2.oem4f (.text:Power_releaseDependency)
                  00002e80    000000c0     ti_sysbios_config.obj (.text:ti_sysbios_knl_Task_Instance_init)
                  00002f40    000000bc     driverlib.lib : setup.obj (.text:NOROM_SetupTrimDevice)
                  00002ffc    000000bc     rf_multiMode_cc13x2.a : RFCC26X2_multiMode.c.cc13x2.ccs.o (.text:RF_initRadioSetup)
                  000030b8    000000b8     drivers_cc13x2.a : PowerCC26X2.oem4f (.text:Power_setDependency)
                  00003170    000000b4     driverlib.lib : setup.obj (.text:TrimAfterColdResetWakeupFromShutDown)
                  00003224    000000b0     ti_sysbios_config.obj (.text:PowerCC26XX_standbyPolicy)
                  000032d4    000000b0     ti_sysbios_config.obj (.text:ti_sysbios_knl_Clock_workFuncDynamic)
                  00003384    000000b0     ti_sysbios_config.obj (.text:ti_sysbios_knl_Task_setPri)
                  00003434    000000a4     rf_multiMode_cc13x2.a : RFCC26X2_multiMode.c.cc13x2.ccs.o (.text:RF_ratRestartChannels)
                  000034d8    000000a0                           : RFCC26X2_multiMode.c.cc13x2.ccs.o (.text:RF_cmdDispatchTime)
                  00003578    000000a0     sysbios.a : auto_init.obj (.text)
                  00003618    0000009c     rtsv7M4_T_le_v4SPD16_eabi.lib : memcpy_t2.asm.obj (.text)
                  000036b4    0000009c     ti_sysbios_config.obj (.text:ti_sysbios_knl_Task_Instance_finalize)
                  00003750    00000098     rf_multiMode_cc13x2.a : RFCC26X2_multiMode.c.cc13x2.ccs.o (.text:RF_calculateDispatchTime)
                  000037e8    00000096     rtsv7M4_T_le_v4SPD16_eabi.lib : ull_div_t2.asm.obj (.text)
                  0000387e    00000002     ti_drivers_config.obj (.text:Board_initHook)
                  00003880    00000090     rf_multiMode_cc13x2.a : RFCC26X2_multiMode.c.cc13x2.ccs.o (.text:RF_discardPendCmd)
                  00003910    0000008c     ti_sysbios_config.obj (.text:ti_sysbios_family_arm_m3_Hwi_initNVIC)
                  0000399c    00000088     driverlib.lib : osc.obj (.text:NOROM_OSCHF_AttemptToSwitchToXosc)
                  00003a24    00000088     ti_sysbios_config.obj (.text:ti_sysbios_family_arm_m3_Hwi_Instance_init)
                  00003aac    00000084     drivers_cc13x2.a : PowerCC26X2_calibrateRCOSC_helpers.oem4f (.text:PowerCC26X2_updateSubSecInc)
                  00003b30    00000084     rf_multiMode_cc13x2.a : RFCC26X2_multiMode.c.cc13x2.ccs.o (.text:RF_issueRadioFreeCb)
                  00003bb4    00000084                           : RFCC26X2_multiMode.c.cc13x2.ccs.o (.text:RF_verifyGap)
                  00003c38    00000080     driverlib.lib : chipinfo.obj (.text:NOROM_ChipInfo_GetChipType)
                  00003cb8    00000080                   : sys_ctrl.obj (.text:NOROM_SysCtrlSetRechargeBeforePowerDown)
                  00003d38    00000080     ti_sysbios_config.obj (.text:ti_sysbios_knl_Idle_init)
                  00003db8    00000080     ti_sysbios_config.obj (.text:ti_sysbios_knl_Task_checkStacks)
                  00003e38    0000007c     drivers_cc13x2.a : GPIOCC26XX.oem4f (.text:GPIO_setConfig)
                  00003eb4    0000007c     rf_multiMode_cc13x2.a : RFCC26X2_multiMode.c.cc13x2.ccs.o (.text:RF_ratFreeChannel)
                  00003f30    0000007c     ti_sysbios_config.obj (.text:_pthread_removeThreadKeys)
                  00003fac    0000007a     rtsv7M4_T_le_v4SPD16_eabi.lib : memset_t2.asm.obj (.text)
                  00004026    00000002     drivers_cc13x2.a : LED.oem4f (.text:LED_init)
                  00004028    00000078                      : PowerCC26X2_calibrateRCOSC.oem4f (.text:PowerCC26X2_auxISR)
                  000040a0    00000078     rf_multiMode_cc13x2.a : rf_patch_cpe_multi_protocol.c.cc13x2.ccs.o (.text:configureMultiProtocolPatch)
                  00004118    00000078     ti_sysbios_config.obj (.text:ti_sysbios_knl_Task_postInit)
                  00004190    00000074     ti_sysbios_config.obj (.text:ti_sysbios_heaps_HeapMem_allocUnprotected)
                  00004204    00000074     ti_sysbios_config.obj (.text:ti_sysbios_knl_Clock_startI)
                  00004278    00000074     ti_sysbios_config.obj (.text:ti_sysbios_knl_Swi_restoreHwi)
                  000042ec    00000072     rf_multiMode_cc13x2.a : RFCC26X2_multiMode.c.cc13x2.ccs.o (.text:RF_detachOverrides)
                  0000435e    00000070                           : rfc.c.cc13x2.ccs.o (.text:NOROM_RFCAnaDivTxOverride)
                  000043ce    00000002                           : rfc.c.cc13x2.ccs.o (.text:NOROM_RFCCpePatchReset)
                  000043d0    00000070                           : RFCC26X2_multiMode.c.cc13x2.ccs.o (.text:RF_getCurrentTime)
                  00004440    0000006e                           : RFCC26X2_multiMode.c.cc13x2.ccs.o (.text:RF_attachOverrides)
                  000044ae    0000006e                           : RFCC26X2_multiMode.c.cc13x2.ccs.o (.text:RF_howToSchedule)
                  0000451c    0000006c                           : RFCC26X2_multiMode.c.cc13x2.ccs.o (.text:RF_dispatchNextEvent)
                  00004588    0000006c     ti_sysbios_config.obj (.text:ti_sysbios_knl_Clock_walkQueueDynamic)
                  000045f4    0000006c     ti_sysbios_config.obj (.text:ti_sysbios_knl_Swi_run)
                  00004660    0000006c     ti_sysbios_config.obj (.text:ti_sysbios_knl_Task_schedule)
                  000046cc    00000068     driverlib.lib : osc.obj (.text:NOROM_OSCHF_SwitchToRcOscTurnOffXosc)
                  00004734    00000068     rf_multiMode_cc13x2.a : RFCC26X2_multiMode.c.cc13x2.ccs.o (.text:RF_hwiHw)
                  0000479c    00000068     rtsv7M4_T_le_v4SPD16_eabi.lib : copy_decompress_lzss.c.obj (.text:decompress:lzss:__TI_decompress_lzss)
                  00004804    00000068     ti_sysbios_config.obj (.text:ti_sysbios_knl_Task_startup)
                  0000486c    00000064     ti_sysbios_config.obj (.text:ti_sysbios_knl_Clock_init)
                  000048d0    00000062     rf_multiMode_cc13x2.a : RFCC26X2_multiMode.c.cc13x2.ccs.o (.text:RF_syncCb)
                  00004932    00000002                           : RFCC26X2_multiMode.c.cc13x2.ccs.o (.text:RF_defaultCallback)
                  00004934    00000060                           : RFCC26X2_multiMode.c.cc13x2.ccs.o (.text:RF_applyRfCorePatch)
                  00004994    00000060     main_tirtos.obj (.text:main)
                  000049f4    0000005c     driverlib.lib : prcm.obj (.text:NOROM_PRCMPowerDomainsAllOff)
                  00004a50    0000005c     rf_multiMode_cc13x2.a : RFCC26X2_multiMode.c.cc13x2.ccs.o (.text:RF_hwiCpe0PowerFsm)
                  00004aac    0000005c     ti_sysbios_config.obj (.text:ti_sysbios_family_arm_m3_Hwi_postInit)
                  00004b08    0000005c     ti_sysbios_config.obj (.text:ti_sysbios_knl_Swi_Instance_init)
                  00004b64    0000005c     ti_sysbios_config.obj (.text:ti_sysbios_knl_Swi_schedule)
                  00004bc0    00000058     drivers_cc13x2.a : PowerCC26X2_calibrateRCOSC.oem4f (.text:PowerCC26X2_initiateCalibration)
                  00004c18    00000058     ti_sysbios_config.obj (.text:pthread_exit)
                  00004c70    00000058     sysbios.a : boot.obj (.text)
                  00004cc8    00000058     ti_sysbios_config.obj (.text:ti_sysbios_family_arm_m3_Hwi_dispatchC)
                  00004d20    00000058     ti_sysbios_config.obj (.text:ti_sysbios_family_arm_m3_Hwi_excHandlerMin)
                  00004d78    00000058     sysbios.a : Hwi_asm_switch.obj (.text:ti_sysbios_family_arm_m3_Hwi_initStacks)
                  00004dd0    00000058     ti_sysbios_config.obj (.text:ti_sysbios_heaps_HeapMem_freeUnprotected)
                  00004e28    00000058     ti_sysbios_config.obj (.text:ti_sysbios_knl_Semaphore_post)
                  00004e80    00000058     ti_sysbios_config.obj (.text:ti_sysbios_knl_Swi_runLoop)
                  00004ed8    00000056     ti_drivers_config.obj (.text:Board_sendExtFlashByte)
                  00004f2e    00000056     drivers_cc13x2.a : LED.oem4f (.text:LED_startBlinking)
                  00004f84    00000056     rf_multiMode_cc13x2.a : RFCC26X2_multiMode.c.cc13x2.ccs.o (.text:RF_defaultSubmitPolicy)
                  00004fda    00000002     rtsv7M4_T_le_v4SPD16_eabi.lib : _lock.c.obj (.text:_nop)
                  00004fdc    00000054     ti_drivers_config.obj (.text:Board_shutDownExtFlash)
                  00005030    00000054     rf_multiMode_cc13x2.a : RFCC26X2_multiMode.c.cc13x2.ccs.o (.text:RF_fsmXOSCState)
                  00005084    00000054     ti_sysbios_config.obj (.text:ti_sysbios_family_arm_cc26xx_Timer_dynamicMultiStub)
                  000050d8    00000050     drivers_cc13x2.a : GPIOCC26XX.oem4f (.text:GPIO_hwiIntFxn)
                  00005128    0000004c     ti_sysbios_config.obj (.text:BIOS_init)
                  00005174    0000004c     driverlib.lib : prcm.obj (.text:NOROM_PRCMPowerDomainsAllOn)
                  000051c0    0000004c     rf_multiMode_cc13x2.a : RFCC26X2_multiMode.c.cc13x2.ccs.o (.text:RF_wakeupNotification)
                  0000520c    0000004c     ti_sysbios_config.obj (.text:SwiP_construct)
                  00005258    0000004c     rtsv7M4_T_le_v4SPD16_eabi.lib : cpy_tbl.c.obj (.text:copy_in)
                  000052a4    0000004c     drivers_cc13x2.a : PowerCC26X2.oem4f (.text:switchXOSCHF)
                  000052f0    0000004c     ti_sysbios_config.obj (.text:ti_sysbios_heaps_HeapMem_Instance_init)
                  0000533c    0000004c     ti_sysbios_config.obj (.text:ti_sysbios_knl_Swi_post)
                  00005388    00000048     rf_multiMode_cc13x2.a : rfc.c.cc13x2.ccs.o (.text:NOROM_RFCSynthPowerDown)
                  000053d0    00000048     drivers_cc13x2.a : PowerCC26X2.oem4f (.text:PowerCC26XX_switchXOSC_HF)
                  00005418    00000048                      : PowerCC26X2_calibrateRCOSC.oem4f (.text:calibrateRcoscHf2)
                  00005460    00000048     ti_sysbios_config.obj (.text:ti_sysbios_family_arm_m3_Hwi_disableInterrupt)
                  000054a8    00000048     ti_sysbios_config.obj (.text:ti_sysbios_heaps_HeapMem_alloc)
                  000054f0    00000044     ti_sysbios_config.obj (.text:BIOS_startFunc)
                  00005534    00000044     driverlib.lib : chipinfo.obj (.text:NOROM_ChipInfo_GetHwRevision)
                  00005578    00000044     drivers_cc13x2.a : PWM.oem4f (.text:PWM_init)
                  000055bc    00000044     ti_sysbios_config.obj (.text:ti_sysbios_family_arm_cc26xx_Timer_start)
                  00005600    00000044     ti_sysbios_config.obj (.text:ti_sysbios_family_arm_m3_Hwi_enableInterrupt)
                  00005644    00000044     ti_sysbios_config.obj (.text:ti_sysbios_family_arm_m3_Hwi_getStackInfo)
                  00005688    00000044     ti_sysbios_config.obj (.text:ti_sysbios_heaps_HeapMem_getStats)
                  000056cc    00000040     ti_sysbios_config.obj (.text:HwiP_construct)
                  0000570c    00000040     driverlib.lib : osc.obj (.text:NOROM_OSC_HPOSCRelativeFrequencyOffsetGet)
                  0000574c    00000040     drivers_cc13x2.a : PWM.oem4f (.text:PWM_open)
                  0000578c    00000040                      : PowerCC26X2_calibrateRCOSC.oem4f (.text:PowerCC26X2_RCOSC_clockFunc)
                  000057cc    00000040                      : PowerCC26X2_helpers.oem4f (.text:PowerCC26X2_oscDisableQualifiers)
                  0000580c    00000040                      : PowerCC26X2_calibrateRCOSC_helpers.oem4f (.text:PowerCC26X2_setAclkRefSrc)
                  0000584c    00000040                      : PowerCC26X2.oem4f (.text:PowerCC26XX_isStableXOSC_HF)
                  0000588c    00000040     rf_multiMode_cc13x2.a : RFCC26X2_multiMode.c.cc13x2.ccs.o (.text:RF_updatePowerupDuration)
                  000058cc    00000040     ti_sysbios_config.obj (.text:ti_sysbios_family_arm_cc26xx_Timer_setThreshold)
                  0000590c    00000040     ti_sysbios_config.obj (.text:ti_sysbios_knl_Task_blockI)
                  0000594c    0000003e     drivers_cc13x2.a : LED.oem4f (.text:LED_setBrightnessLevel)
                  0000598a    0000003e                      : LED.oem4f (.text:clockTimeoutHandler)
                  000059c8    0000003e     EasyLink.obj (.text:createTxAdvFromTx)
                  00005a06    00000002     drivers_cc13x2.a : PowerCC26X2.oem4f (.text:emptyClockFunc)
                  00005a08    0000003c     driverlib.lib : osc.obj (.text:InternCapArrayAdjustWithBaseline7001F)
                  00005a44    0000003c     drivers_cc13x2.a : LED.oem4f (.text:LED_setOff)
                  00005a80    0000003c                      : PowerCC26X2_calibrateRCOSC_helpers.oem4f (.text:PowerCC26X2_setTdcClkSrc24M)
                  00005abc    0000003c     rf_multiMode_cc13x2.a : RFCC26X2_multiMode.c.cc13x2.ccs.o (.text:RF_cmdGet)
                  00005af8    0000003c                           : RFCC26X2_multiMode.c.cc13x2.ccs.o (.text:RF_cmdStoreEvents)
                  00005b34    0000003c     ti_sysbios_config.obj (.text:ti_sysbios_family_arm_m3_Hwi_construct2)
                  00005b70    0000003c     ti_sysbios_config.obj (.text:ti_sysbios_knl_ClockSupport_init)
                  00005bac    0000003c     ti_sysbios_config.obj (.text:ti_sysbios_knl_Task_exit)
                  00005be8    00000038     ti_sysbios_config.obj (.text:ClockP_create)
                  00005c20    00000038     rf_multiMode_cc13x2.a : RFCC26X2_multiMode.c.cc13x2.ccs.o (.text:RF_checkCmdFsError)
                  00005c58    00000038     drivers_cc13x2.a : PowerCC26X2.oem4f (.text:notify)
                  00005c90    00000038     ti_sysbios_config.obj (.text:ti_sysbios_family_arm_m3_Hwi_init)
                  00005cc8    00000038     ti_sysbios_config.obj (.text:ti_sysbios_heaps_HeapMem_construct)
                  00005d00    00000038     ti_sysbios_config.obj (.text:ti_sysbios_knl_Swi_restore)
                  00005d38    00000038     ti_sysbios_config.obj (.text:ti_sysbios_knl_Task_processVitalTaskFlag)
                  00005d70    00000038     ti_sysbios_config.obj (.text:ti_sysbios_runtime_Memory_alloc)
                  00005da8    00000038     ti_sysbios_config.obj (.text:ti_sysbios_runtime_Startup_exec)
                  00005de0    00000036     drivers_cc13x2.a : LED.oem4f (.text:LED_setOn)
                  00005e16    00000002     rtsv7M4_T_le_v4SPD16_eabi.lib : div0.asm.obj (.text)
                  00005e18    00000034     ti_sysbios_config.obj (.text:ClockP_construct)
                  00005e4c    00000034     driverlib.lib : aux_sysif.obj (.text:NOROM_AUXSYSIFOpModeChange)
                  00005e80    00000034                   : sys_ctrl.obj (.text:NOROM_SysCtrlIdle)
                  00005eb4    00000034     rf_multiMode_cc13x2.a : RFCC26X2_multiMode.c.cc13x2.ccs.o (.text:RF_powerConstraintRelease)
                  00005ee8    00000034     rtsv7M4_T_le_v4SPD16_eabi.lib : rand.c.obj (.text:rand)
                  00005f1c    00000034     ti_sysbios_config.obj (.text:ti_sysbios_family_arm_m3_Hwi_Instance_finalize)
                  00005f50    00000034     ti_sysbios_config.obj (.text:ti_sysbios_knl_Task_create)
                  00005f84    00000034     ti_sysbios_config.obj (.text:ti_sysbios_knl_Task_unblockI)
                  00005fb8    00000034     ti_sysbios_config.obj (.text:ti_sysbios_runtime_System_atexit)
                  00005fec    00000032     ti_sysbios_config.obj (.text:ti_sysbios_family_arm_cc26xx_Timer_setNextTick)
                  0000601e    00000002     ti_sysbios_config.obj (.text:ti_sysbios_runtime_SysCallback_defaultAbort)
                  00006020    00000030     ti_sysbios_config.obj (.text:BIOS_atExitFunc)
                  00006050    00000030     ti_drivers_config.obj (.text:Board_wakeUpExtFlash)
                  00006080    00000030     drivers_cc13x2.a : GPIO.oem4f (.text:GPIO_resetConfig)
                  000060b0    00000030                      : PowerCC26X2.oem4f (.text:Power_releaseConstraint)
                  000060e0    00000030                      : PowerCC26X2.oem4f (.text:Power_setConstraint)
                  00006110    00000030     driverlib.lib : osc.obj (.text:SpecialCapArrayWorkaroundEnabledAndNeeded)
                  00006140    00000030     rf_multiMode_cc13x2.a : rf_patch_cpe_multi_protocol.c.cc13x2.ccs.o (.text:applyMultiProtocolPatch)
                  00006170    00000030     ti_sysbios_config.obj (.text:ti_sysbios_family_arm_cc26xx_Timer_getCurrentTick)
                  000061a0    00000030     ti_sysbios_config.obj (.text:ti_sysbios_heaps_HeapMem_free)
                  000061d0    00000030     ti_sysbios_config.obj (.text:ti_sysbios_knl_Clock_Instance_init)
                  00006200    00000030     ti_sysbios_config.obj (.text:ti_sysbios_knl_Clock_getTicksUntilInterrupt)
                  00006230    00000030     ti_sysbios_config.obj (.text:ti_sysbios_knl_TaskSupport_start)
                  00006260    00000030     ti_sysbios_config.obj (.text:ti_sysbios_knl_Task_restore)
                  00006290    0000002e     rf_multiMode_cc13x2.a : RFCC26X2_multiMode.c.cc13x2.ccs.o (.text:RF_queueEnd)
                  000062be    0000002e     ti_sysbios_config.obj (.text:pthread_setcancelstate)
                  000062ec    0000002e     ti_sysbios_config.obj (.text:ti_sysbios_family_arm_m3_Hwi_initStack)
                  0000631a    00000002     ti_sysbios_config.obj (.text:ti_sysbios_runtime_System_abortSpin)
                  0000631c    0000002c     rf_multiMode_cc13x2.a : RFCC26X2_multiMode.c.cc13x2.ccs.o (.text:RF_executeDirectImmediateCmd)
                  00006348    0000002c     ti_sysbios_config.obj (.text:ti_sysbios_knl_Semaphore_pendTimeout)
                  00006374    0000002c     ti_sysbios_config.obj (.text:ti_sysbios_runtime_System_processAtExit)
                  000063a0    0000002a     drivers_cc13x2.a : List.oem4f (.text:List_insert)
                  000063ca    0000002a     rf_multiMode_cc13x2.a : RFCC26X2_multiMode.c.cc13x2.ccs.o (.text:RF_searchAndReplacePAOverride)
                  000063f4    0000002a     ti_sysbios_config.obj (.text:ti_sysbios_gates_GateMutex_enter)
                  0000641e    0000002a     ti_sysbios_config.obj (.text:ti_sysbios_knl_Clock_getTimeout)
                  00006448    00000028     ti_sysbios_config.obj (.text:BIOS_rtsLock)
                  00006470    00000028     rf_multiMode_cc13x2.a : rfc.c.cc13x2.ccs.o (.text:NOROM_RFCOverrideSearch)
                  00006498    00000028     drivers_cc13x2.a : PowerCC26X2.oem4f (.text:Power_registerNotify)
                  000064c0    00000028     rf_multiMode_cc13x2.a : RFCC26X2_multiMode.c.cc13x2.ccs.o (.text:RF_calculateDeltaTimeUs)
                  000064e8    00000028                           : RFCC26X2_multiMode.c.cc13x2.ccs.o (.text:RF_runCmd)
                  00006510    00000028                           : RFCC26X2_multiMode.c.cc13x2.ccs.o (.text:RF_runScheduleCmd)
                  00006538    00000028     drivers_cc13x2.a : PowerCC26X2.oem4f (.text:oscillatorISR)
                  00006560    00000028     ti_sysbios_config.obj (.text:ti_sysbios_family_arm_m3_Hwi_construct)
                  00006588    00000028     sysbios.a : Hwi_asm.obj (.text:ti_sysbios_family_arm_m3_Hwi_excHandlerAsm)
                  000065b0    00000028     ti_sysbios_config.obj (.text:ti_sysbios_gates_GateMutex_Instance_init)
                  000065d8    00000028     ti_sysbios_config.obj (.text:ti_sysbios_knl_Semaphore_Instance_init)
                  00006600    00000028     ti_sysbios_config.obj (.text:ti_sysbios_knl_Swi_init)
                  00006628    00000028     ti_sysbios_config.obj (.text:ti_sysbios_knl_Task_init)
                  00006650    00000028     ti_sysbios_config.obj (.text:ti_sysbios_knl_Task_restoreHwi)
                  00006678    00000028     drivers_cc13x2.a : GPIOCC26XX.oem4f (.text:writePinmask64)
                  000066a0    00000026                      : List.oem4f (.text:List_put)
                  000066c6    00000026                      : List.oem4f (.text:List_putHead)
                  000066ec    00000026                      : List.oem4f (.text:List_remove)
                  00006712    00000026                      : PowerCC26X2.oem4f (.text:disableLFClockQualifiers)
                  00006738    00000026     sysbios.a : Hwi_asm.obj (.text:ti_sysbios_family_arm_m3_Hwi_pendSV)
                  0000675e    00000002     ti_sysbios_config.obj (.text:ti_sysbios_runtime_System_exitSpin)
                  00006760    00000024     ti_sysbios_config.obj (.text:BIOS_registerRTSLock)
                  00006784    00000024     driverlib.lib : osc.obj (.text:NOROM_OSCHF_TurnOnXosc)
                  000067a8    00000024                   : osc.obj (.text:NOROM_OSC_CapArrayAdjustWorkaround_Boot)
                  000067cc    00000024     rf_multiMode_cc13x2.a : rfc.c.cc13x2.ccs.o (.text:NOROM_RFCDoorbellSendTo)
                  000067f0    00000024     drivers_cc13x2.a : PowerCC26X2_calibrateRCOSC_helpers.oem4f (.text:PowerCC26X2_writeCtrim)
                  00006814    00000024                      : PowerCC26X2_calibrateRCOSC_helpers.oem4f (.text:PowerCC26X2_writeCtrimFract)
                  00006838    00000024                      : PowerCC26X2_calibrateRCOSC_helpers.oem4f (.text:PowerCC26X2_writeCtrimFractEn)
                  0000685c    00000024                      : PowerCC26X2_calibrateRCOSC_helpers.oem4f (.text:PowerCC26X2_writeRtrim)
                  00006880    00000024     rf_multiMode_cc13x2.a : RFCC26X2_multiMode.c.cc13x2.ccs.o (.text:RF_cmdAlloc)
                  000068a4    00000024                           : RFCC26X2_multiMode.c.cc13x2.ccs.o (.text:RF_invokeGlobalCallback)
                  000068c8    00000024     ti_sysbios_config.obj (.text:_pthread_cleanupFxn)
                  000068ec    00000024     ti_sysbios_config.obj (.text:_pthread_delete)
                  00006910    00000024     drivers_cc13x2.a : PowerCC26X2_calibrateRCOSC.oem4f (.text:getTdcSemaphore)
                  00006934    00000024     ti_sysbios_config.obj (.text:pthread_attr_init)
                  00006958    00000024     ti_sysbios_config.obj (.text:ti_sysbios_family_arm_cc26xx_Timer_getMaxTicks)
                  0000697c    00000024     ti_sysbios_config.obj (.text:ti_sysbios_family_arm_m3_Hwi_setPriority)
                  000069a0    00000024     ti_sysbios_config.obj (.text:ti_sysbios_knl_Task_allBlockedFunction)
                  000069c4    00000024     ti_sysbios_config.obj (.text:ti_sysbios_knl_Task_destruct)
                  000069e8    00000024     ti_sysbios_config.obj (.text:ti_sysbios_knl_Task_enter)
                  00006a0c    00000024     ti_sysbios_config.obj (.text:ti_sysbios_runtime_Error_raiseX)
                  00006a30    00000022     drivers_cc13x2.a : LED.oem4f (.text:LED_stopBlinking)
                  00006a52    00000022                      : List.oem4f (.text:List_get)
                  00006a74    00000020     ti_sysbios_config.obj (.text:BIOS_removeRTSLock)
                  00006a94    00000020     ti_sysbios_config.obj (.text:BIOS_rtsUnlock)
                  00006ab4    00000020     drivers_cc13x2.a : PowerCC26X2_helpers.oem4f (.text:PowerCC26X2_disableTCXOQual)
                  00006ad4    00000020                      : PowerCC26X2_helpers.oem4f (.text:PowerCC26X2_enableTCXOQual)
                  00006af4    00000020                      : PowerCC26X2.oem4f (.text:Power_unregisterNotify)
                  00006b14    00000020     rf_multiMode_cc13x2.a : RFCC26X2_multiMode.c.cc13x2.ccs.o (.text:RF_clkPowerUp)
                  00006b34    00000020                           : RFCC26X2_multiMode.c.cc13x2.ccs.o (.text:RF_hwiCpe0ChangePhy)
                  00006b54    00000020                           : RFCC26X2_multiMode.c.cc13x2.ccs.o (.text:RF_isStateTransitionAllowed)
                  00006b74    00000020                           : RFCC26X2_multiMode.c.cc13x2.ccs.o (.text:RF_ratIsRunning)
                  00006b94    00000020     ti_sysbios_config.obj (.text:SemaphoreP_constructBinary)
                  00006bb4    00000020     ti_sysbios_config.obj (.text:ti_sysbios_knl_Clock_create)
                  00006bd4    00000020     ti_sysbios_config.obj (.text:ti_sysbios_knl_Task_construct)
                  00006bf4    0000001e     drivers_cc13x2.a : PowerCC26X2.oem4f (.text:Power_getTransitionLatency)
                  00006c12    0000001e                      : LED.oem4f (.text:msToTicks)
                  00006c30    0000001e     sysbios.a : Hwi_asm_switch.obj (.text:ti_sysbios_family_arm_m3_Hwi_switchAndRunFunc)
                  00006c4e    0000001e     ti_sysbios_config.obj (.text:ti_sysbios_knl_Semaphore_create)
                  00006c6c    0000001e     ti_sysbios_config.obj (.text:ti_sysbios_knl_Semaphore_destruct)
                  00006c8a    00000002     --HOLE-- [fill = 0]
                  00006c8c    0000001c     drivers_cc13x2.a : GPIOCC26XX.oem4f (.text:GPIO_disableInt)
                  00006ca8    0000001c                      : GPIO.oem4f (.text:GPIO_setCallback)
                  00006cc4    0000001c     driverlib.lib : chipinfo.obj (.text:NOROM_ChipInfo_GetChipFamily)
                  00006ce0    0000001c     rf_multiMode_cc13x2.a : RFCC26X2_multiMode.c.cc13x2.ccs.o (.text:RF_ScheduleCmdParams_init)
                  00006cfc    0000001c                           : RFCC26X2_multiMode.c.cc13x2.ccs.o (.text:RF_clkInactivityCallback)
                  00006d18    0000001c                           : RFCC26X2_multiMode.c.cc13x2.ccs.o (.text:RF_getPAOverrideOffsetAndValue)
                  00006d34    0000001c                           : RFCC26X2_multiMode.c.cc13x2.ccs.o (.text:RF_powerConstraintSet)
                  00006d50    0000001c     ti_sysbios_config.obj (.text:ti_sysbios_knl_Clock_scheduleNextTick)
                  00006d6c    0000001c     ti_sysbios_config.obj (.text:ti_sysbios_knl_Queue_put)
                  00006d88    0000001c     sysbios.a : TaskSupport_asm.obj (.text:ti_sysbios_knl_TaskSupport_swap)
                  00006da4    0000001a     drivers_cc13x2.a : LED.oem4f (.text:LED_toggle)
                  00006dbe    0000001a                      : PowerCC26X2.oem4f (.text:PowerCC26XX_calibrate)
                  00006dd8    0000001a     ti_sysbios_config.obj (.text:ti_sysbios_knl_Task_delete)
                  00006df2    00000002     --HOLE-- [fill = 0]
                  00006df4    00000018     ti_sysbios_config.obj (.text:PowerCC26XX_schedulerDisable)
                  00006e0c    00000018     ti_sysbios_config.obj (.text:PowerCC26XX_schedulerRestore)
                  00006e24    00000018     drivers_cc13x2.a : PowerCC26X2.oem4f (.text:Power_idleFunc)
                  00006e3c    00000018     rf_multiMode_cc13x2.a : RFCC26X2_multiMode.c.cc13x2.ccs.o (.text:RF_swiFsm)
                  00006e54    00000018     rtsv7M4_T_le_v4SPD16_eabi.lib : args_main.c.obj (.text:_args_main)
                  00006e6c    00000018                                   : ll_mul_t2.asm.obj (.text)
                  00006e84    00000018     ti_sysbios_config.obj (.text:ti_sysbios_family_arm_m3_Hwi_plug)
                  00006e9c    00000018     ti_sysbios_config.obj (.text:ti_sysbios_family_arm_m3_Hwi_switchFromBootStack)
                  00006eb4    00000018     ti_sysbios_config.obj (.text:ti_sysbios_knl_Clock_getTicks)
                  00006ecc    00000018     ti_sysbios_config.obj (.text:ti_sysbios_knl_Idle_run)
                  00006ee4    00000018     ti_sysbios_config.obj (.text:ti_sysbios_knl_Swi_construct)
                  00006efc    00000018     ti_sysbios_config.obj (.text:ti_sysbios_knl_Swi_destruct)
                  00006f14    00000018     ti_sysbios_config.obj (.text:ti_sysbios_knl_Swi_or)
                  00006f2c    00000018     ti_sysbios_config.obj (.text:ti_sysbios_knl_Task_unblock)
                  00006f44    00000016     ti_sysbios_config.obj (.text:BIOS_exitFunc)
                  00006f5a    00000016     ti_sysbios_config.obj (.text:HwiP_setFunc)
                  00006f70    00000016     driverlib.lib : chipinfo.obj (.text:NOROM_ThisLibraryIsFor_CC13x2_CC26x2_HwRev20AndLater_HaltIfViolated)
                  00006f86    00000016     drivers_cc13x2.a : PowerCC26X2_helpers.oem4f (.text:PowerCC26X2_oschfTrySwitchToXosc)
                  00006f9c    00000016     rf_multiMode_cc13x2.a : RFCC26X2_multiMode.c.cc13x2.ccs.o (.text:RF_restartClockTimeout)
                  00006fb2    00000016     ti_sysbios_config.obj (.text:ti_sysbios_knl_Clock_Instance_finalize)
                  00006fc8    00000016     ti_sysbios_config.obj (.text:ti_sysbios_knl_Clock_start)
                  00006fde    00000002     --HOLE-- [fill = 0]
                  00006fe0    00000014     ti_sysbios_config.obj (.text:BIOS_setThreadType)
                  00006ff4    00000014     ti_drivers_config.obj (.text:Board_init)
                  00007008    00000014     drivers_cc13x2.a : GPIO.oem4f (.text:GPIO_setUserArg)
                  0000701c    00000014                      : GPIOCC26XX.oem4f (.text:GPIO_write)
                  00007030    00000014                      : List.oem4f (.text:List_clearList)
                  00007044    00000014     rf_multiMode_cc13x2.a : rfc.c.cc13x2.ccs.o (.text:NOROM_RFCCpeIntGetAndClear)
                  00007058    00000014     drivers_cc13x2.a : PWM.oem4f (.text:PWM_Params_init)
                  0000706c    00000014                      : PowerCC26X2_calibrateRCOSC.oem4f (.text:PowerCC26X2_calibrate)
                  00007080    00000014                      : PowerCC26X2_helpers.oem4f (.text:PowerCC26X2_oscClockSourceGet)
                  00007094    00000014     rf_multiMode_cc13x2.a : RFCC26X2_multiMode.c.cc13x2.ccs.o (.text:RF_Params_init)
                  000070a8    00000014                           : RFCC26X2_multiMode.c.cc13x2.ccs.o (.text:RF_dbellSyncOnAck)
                  000070bc    00000014                           : RFCC26X2_multiMode.c.cc13x2.ccs.o (.text:RF_ratGetChannel)
                  000070d0    00000014                           : rf_patch_cpe_multi_protocol.c.cc13x2.ccs.o (.text:enterMultiProtocolCpeHdPatch)
                  000070e4    00000014     ti_sysbios_config.obj (.text:pthread_attr_setschedparam)
                  000070f8    00000014     ti_sysbios_config.obj (.text:ti_sysbios_family_arm_cc26xx_Timer_dynamicStub)
                  0000710c    00000014     ti_sysbios_config.obj (.text:ti_sysbios_knl_Clock_construct)
                  00007120    00000014     ti_sysbios_config.obj (.text:ti_sysbios_knl_Semaphore_construct)
                  00007134    00000014     ti_sysbios_config.obj (.text:ti_sysbios_knl_Swi_construct2)
                  00007148    00000014     ti_sysbios_config.obj (.text:ti_sysbios_knl_Swi_disable)
                  0000715c    00000014     ti_sysbios_config.obj (.text:ti_sysbios_knl_Swi_enabled)
                  00007170    00000014     ti_sysbios_config.obj (.text:ti_sysbios_knl_Task_disable)
                  00007184    00000014     ti_sysbios_config.obj (.text:ti_sysbios_runtime_Error_init)
                  00007198    00000014     ti_sysbios_config.obj (.text:ti_sysbios_runtime_Memory_free)
                  000071ac    00000014     ti_sysbios_config.obj (.text:ti_sysbios_runtime_System_init)
                  000071c0    00000012     drivers_cc13x2.a : LED.oem4f (.text:LED_Params_init)
                  000071d2    00000012     ti_sysbios_config.obj (.text:SemaphoreP_pend)
                  000071e4    00000012     ti_sysbios_config.obj (.text:_pthread_cleanup_pop)
                  000071f6    00000012     ti_sysbios_config.obj (.text:_pthread_runStub)
                  00007208    00000012     ti_sysbios_config.obj (.text:ti_sysbios_family_arm_cc26xx_Timer_postInit)
                  0000721a    00000012     ti_sysbios_config.obj (.text:ti_sysbios_runtime_System_abort)
                  0000722c    00000010     ti_sysbios_config.obj (.text:BIOS_exit)
                  0000723c    00000010     ti_sysbios_config.obj (.text:BIOS_start)
                  0000724c    00000010     EasyLink.obj (.text:EasyLink_Params_init)
                  0000725c    00000010     ti_sysbios_config.obj (.text:HwiP_Params_init)
                  0000726c    00000010     rf_multiMode_cc13x2.a : rfc.c.cc13x2.ccs.o (.text:NOROM_RFCHwIntGetAndClear)
                  0000727c    00000010     drivers_cc13x2.a : PowerCC26X2_helpers.oem4f (.text:PRCMCacheRetentionEnable)
                  0000728c    00000010                      : PowerCC26X2_helpers.oem4f (.text:PowerCC26X2_oscCtlClearXtal)
                  0000729c    00000010                      : PowerCC26X2_calibrateRCOSC_helpers.oem4f (.text:PowerCC26X2_readCtrim)
                  000072ac    00000010                      : PowerCC26X2_calibrateRCOSC_helpers.oem4f (.text:PowerCC26X2_readCtrimFract)
                  000072bc    00000010                      : PowerCC26X2_calibrateRCOSC_helpers.oem4f (.text:PowerCC26X2_readRtrim)
                  000072cc    00000010                      : PowerCC26X2_helpers.oem4f (.text:PowerCC26X2_switchToTCXO)
                  000072dc    00000010                      : PowerCC26X2_helpers.oem4f (.text:PowerCC26X2_sysCtrlVoltageConditionalControl)
                  000072ec    00000010     rf_multiMode_cc13x2.a : RFCC26X2_multiMode.c.cc13x2.ccs.o (.text:RF_dbellSubmitCmdAsync)
                  000072fc    00000010                           : RFCC26X2_multiMode.c.cc13x2.ccs.o (.text:RF_isClientOwner)
                  0000730c    00000010     ti_sysbios_config.obj (.text:SwiP_Params_init)
                  0000731c    00000010     ti_sysbios_config.obj (.text:ti_sysbios_family_arm_cc26xx_Timer_getCount64)
                  0000732c    00000010     ti_sysbios_config.obj (.text:ti_sysbios_family_arm_cc26xx_TimestampProvider_init)
                  0000733c    00000010     ti_sysbios_config.obj (.text:ti_sysbios_family_arm_m3_Hwi_excHandler)
                  0000734c    00000010     ti_sysbios_config.obj (.text:ti_sysbios_family_arm_m3_Hwi_getHandle)
                  0000735c    00000010     ti_sysbios_config.obj (.text:ti_sysbios_family_arm_m3_Hwi_post)
                  0000736c    00000010     ti_sysbios_config.obj (.text:ti_sysbios_knl_ClockSupport_getCurrentTick)
                  0000737c    00000010     ti_sysbios_config.obj (.text:ti_sysbios_knl_ClockSupport_setNextTick)
                  0000738c    00000010     ti_sysbios_config.obj (.text:ti_sysbios_knl_Clock_enqueueI)
                  0000739c    00000010     ti_sysbios_config.obj (.text:ti_sysbios_knl_Semaphore_Params_init)
                  000073ac    00000010     sysbios.a : TaskSupport_asm.obj (.text:ti_sysbios_knl_TaskSupport_glue)
                  000073bc    0000000e     rf_multiMode_cc13x2.a : RFCC26X2_multiMode.c.cc13x2.ccs.o (.text:RF_getSwitchingTimeInUs)
                  000073ca    0000000e     rtsv7M4_T_le_v4SPD16_eabi.lib : copy_decompress_none.c.obj (.text:decompress:none:__TI_decompress_none)
                  000073d8    0000000e     ti_sysbios_config.obj (.text:pthread_attr_setdetachstate)
                  000073e6    0000000e     ti_sysbios_config.obj (.text:ti_sysbios_gates_GateMutex_leave)
                  000073f4    0000000e     ti_sysbios_config.obj (.text:ti_sysbios_heaps_HeapMem_restore)
                  00007402    0000000e     ti_sysbios_config.obj (.text:ti_sysbios_knl_Clock_initI)
                  00007410    0000000e     ti_sysbios_config.obj (.text:ti_sysbios_knl_Queue_empty)
                  0000741e    0000000e     ti_sysbios_config.obj (.text:ti_sysbios_knl_Queue_remove)
                  0000742c    0000000c     ti_sysbios_config.obj (.text:BIOS_getThreadType)
                  00007438    0000000c     ti_sysbios_config.obj (.text:BIOS_linkedWithIncorrectBootLibrary)
                  00007444    0000000c     ti_sysbios_config.obj (.text:HwiP_disable)
                  00007450    0000000c     driverlib.lib : cpu.obj (.text:NOROM_CPUcpsid)
                  0000745c    0000000c                   : cpu.obj (.text:NOROM_CPUcpsie)
                  00007468    0000000c     drivers_cc13x2.a : PowerCC26X2.oem4f (.text:Power_getConstraintMask)
                  00007474    0000000c                      : PowerCC26X2.oem4f (.text:Power_getDependencyCount)
                  00007480    0000000c     rf_multiMode_cc13x2.a : RFCC26X2_multiMode.c.cc13x2.ccs.o (.text:RF_powerConstraintGet)
                  0000748c    0000000c     rtsv7M4_T_le_v4SPD16_eabi.lib : _lock.c.obj (.text:_register_lock)
                  00007498    0000000c                                   : _lock.c.obj (.text:_register_unlock)
                  000074a4    0000000c                                   : copy_zero_init.c.obj (.text:decompress:ZI:__TI_zero_init)
                  000074b0    0000000c     drivers_cc13x2.a : PowerCC26X2.oem4f (.text:switchToTCXO)
                  000074bc    0000000c     ti_sysbios_config.obj (.text:ti_sysbios_heaps_HeapMem_init)
                  000074c8    0000000c     ti_sysbios_config.obj (.text:ti_sysbios_knl_ClockSupport_getMaxTicks)
                  000074d4    0000000c     ti_sysbios_config.obj (.text:ti_sysbios_knl_Clock_tick)
                  000074e0    0000000c     ti_sysbios_config.obj (.text:ti_sysbios_knl_Queue_dequeue)
                  000074ec    0000000c     ti_sysbios_config.obj (.text:ti_sysbios_knl_Queue_enqueue)
                  000074f8    0000000c     ti_sysbios_config.obj (.text:ti_sysbios_knl_Queue_insert)
                  00007504    0000000c     ti_sysbios_config.obj (.text:ti_sysbios_knl_Swi_getTrigger)
                  00007510    0000000c     ti_sysbios_config.obj (.text:ti_sysbios_knl_Swi_self)
                  0000751c    0000000c     ti_sysbios_config.obj (.text:ti_sysbios_knl_TaskSupport_checkStack)
                  00007528    0000000c     ti_sysbios_config.obj (.text:ti_sysbios_knl_Task_self)
                  00007534    0000000c     ti_sysbios_config.obj (.text:ti_sysbios_runtime_System_exit)
                  00007540    0000000a     ti_sysbios_config.obj (.text:ClockP_Params_init)
                  0000754a    0000000a     drivers_cc13x2.a : PWM.oem4f (.text:PWM_close)
                  00007554    0000000a                      : PWM.oem4f (.text:PWM_setDuty)
                  0000755e    0000000a                      : PWM.oem4f (.text:PWM_start)
                  00007568    0000000a                      : PowerCC26X2_helpers.oem4f (.text:PowerCC26X2_sysCtrlStandby)
                  00007572    0000000a     ti_sysbios_config.obj (.text:pthread_self)
                  0000757c    00000008     ti_sysbios_config.obj (.text:pthread_attr_setstacksize)
                  00007584    00000008     ti_sysbios_config.obj (.text:ti_sysbios_family_arm_m3_Hwi_doSwiRestore)
                  0000758c    00000008     ti_sysbios_config.obj (.text:ti_sysbios_family_arm_m3_Hwi_startup)
                  00007594    00000008     ti_sysbios_config.obj (.text:ti_sysbios_knl_Idle_loop)
                  0000759c    00000006     driverlib.lib : cpu.obj (.text:NOROM_CPUdelay)
                  000075a2    00000006     rf_multiMode_cc13x2.a : RFCC26X2_multiMode.c.cc13x2.ccs.o (.text:RF_clkReqAccess)
                  000075a8    00000006     drivers_cc13x2.a : PowerCC26X2.oem4f (.text:delayUs)
                  000075ae    00000006     ti_sysbios_config.obj (.text:ti_sysbios_family_arm_m3_Hwi_destruct)
                  000075b4    00000006     ti_sysbios_config.obj (.text:ti_sysbios_family_arm_m3_Hwi_doTaskRestore)
                  000075ba    00000006     ti_sysbios_config.obj (.text:ti_sysbios_family_arm_m3_Hwi_restore)
                  000075c0    00000006     ti_sysbios_config.obj (.text:ti_sysbios_knl_Clock_stop)
                  000075c6    00000006     ti_sysbios_config.obj (.text:ti_sysbios_knl_Queue_elemClear)
                  000075cc    00000006     ti_sysbios_config.obj (.text:ti_sysbios_knl_Semaphore_Instance_finalize)
                  000075d2    00000006     ti_sysbios_config.obj (.text:ti_sysbios_knl_Swi_startup)
                  000075d8    00000004     ti_sysbios_config.obj (.text:CPUwfi)
                  000075dc    00000004     ti_sysbios_config.obj (.text:ClockP_destruct)
                  000075e0    00000004     ti_sysbios_config.obj (.text:ClockP_getSystemTickPeriod)
                  000075e4    00000004     ti_sysbios_config.obj (.text:ClockP_getTimeout)
                  000075e8    00000004     ti_sysbios_config.obj (.text:ClockP_isActive)
                  000075ec    00000004     ti_sysbios_config.obj (.text:ClockP_setTimeout)
                  000075f0    00000004     ti_sysbios_config.obj (.text:ClockP_start)
                  000075f4    00000004     ti_sysbios_config.obj (.text:ClockP_stop)
                  000075f8    00000004     ti_sysbios_config.obj (.text:HwiP_destruct)
                  000075fc    00000004     ti_sysbios_config.obj (.text:HwiP_enableInterrupt)
                  00007600    00000004     ti_sysbios_config.obj (.text:HwiP_post)
                  00007604    00000004     rf_multiMode_cc13x2.a : rfc.c.cc13x2.ccs.o (.text:NOROM_RFCOverrideUpdate)
                  00007608    00000004                           : RFCC26X2_multiMode.c.cc13x2.ccs.o (.text:RF_defaultExecutionPolicy)
                  0000760c    00000004     ti_sysbios_config.obj (.text:SemaphoreP_destruct)
                  00007610    00000004     ti_sysbios_config.obj (.text:SemaphoreP_post)
                  00007614    00000004     ti_sysbios_config.obj (.text:SwiP_destruct)
                  00007618    00000004     ti_sysbios_config.obj (.text:SwiP_disable)
                  0000761c    00000004     ti_sysbios_config.obj (.text:SwiP_getTrigger)
                  00007620    00000004     ti_sysbios_config.obj (.text:SwiP_or)
                  00007624    00000004     drivers_cc13x2.a : PowerCC26X2.oem4f (.text:configureRFCoreClocks)
                  00007628    00000004                      : PowerCC26X2.oem4f (.text:nopResourceHandler)
                  0000762c    00000004     ti_sysbios_config.obj (.text:ti_sysbios_heaps_HeapMem_isBlocking)

.const     0    00007630    00001490     
                  00007630    00000ca4     ti_sysbios_config.obj (.const:$O2$$)
                  000082d4    000006ec     rf_multiMode_cc13x2.a : rf_patch_cpe_multi_protocol.c.cc13x2.ccs.o (.const:$O1$$)
                  000089c0    00000054     drivers_cc13x2.a : PowerCC26X2.oem4f (.const:resourceDB)
                  00008a14    00000020     rf_multiMode_cc13x2.a : RFCC26X2_multiMode.c.cc13x2.ccs.o (.const:RF_defaultParams)
                  00008a34    00000018     drivers_cc13x2.a : PWM.oem4f (.const:PWM_defaultParams)
                  00008a4c    00000014     ti_drivers_config.obj (.const:PowerCC26X2_config)
                  00008a60    00000010     EasyLink.obj (.const:EasyLink_defaultParams)
                  00008a70    00000010     ti_drivers_config.obj (.const:GPIO_config)
                  00008a80    00000010     ti_drivers_config.obj (.const:LED_config)
                  00008a90    0000000c     ti_drivers_config.obj (.const:RFCC26XX_hwAttrs)
                  00008a9c    00000008     driverlib.lib : aux_sysif.obj (.const:$O1$$)
                  00008aa4    00000008     drivers_cc13x2.a : LED.oem4f (.const:LED_defaultParams)
                  00008aac    00000008     ti_sysbios_config.obj (.const:ti_sysbios_knl_Idle_funcList)
                  00008ab4    00000007     ti_drivers_config.obj (.const)
                  00008abb    00000004     ti_drivers_config.obj (.const:LEDHWAttrs)
                  00008abf    00000001     ti_easylink_config.obj (.const)

.args      0    00008ac0    00000008     
                  00008ac0    00000008     --HOLE-- [fill = 0]

MODULE SUMMARY

       Module                                       code    ro data   rw data
       ------                                       ----    -------   -------
    .\
       blinkAtFrequencyRx.obj                       216     0         160    
       main_tirtos.obj                              96      0         0      
    +--+--------------------------------------------+-------+---------+---------+
       Total:                                       312     0         160    
                                                                             
    .\easylink\
       EasyLink.obj                                 2030    16        1160   
    +--+--------------------------------------------+-------+---------+---------+
       Total:                                       2030    16        1160   
                                                                             
    .\syscfg\
       ti_sysbios_config.obj                        9364    3304      1985   
       ti_drivers_config.obj                        240     75        556    
       ti_radio_config.obj                          0       0         298    
       ti_devices_config.obj                        0       88        0      
       ti_easylink_config.obj                       0       1         36     
    +--+--------------------------------------------+-------+---------+---------+
       Total:                                       9604    3468      2875   
                                                                             
    F:/ti/ccs1110/simplelink_cc13xx_cc26xx_sdk_6_10_00_29/kernel/tirtos7/packages/ti/sysbios/lib/ccs/m4f/sysbios.a
       Hwi_asm.obj                                  322     0         0      
       auto_init.obj                                160     0         0      
       Hwi_asm_switch.obj                           118     0         0      
       boot.obj                                     88      0         0      
       TaskSupport_asm.obj                          44      0         0      
    +--+--------------------------------------------+-------+---------+---------+
       Total:                                       732     0         0      
                                                                             
    F:/ti/ccs1110/simplelink_cc13xx_cc26xx_sdk_6_10_00_29/source/ti/devices/cc13x2_cc26x2/driverlib/bin/ccs/driverlib.lib
       osc.obj                                      484     0         36     
       sys_ctrl.obj                                 420     0         0      
       setup.obj                                    368     0         0      
       chipinfo.obj                                 246     0         0      
       prcm.obj                                     168     0         0      
       aux_sysif.obj                                52      8         0      
       cpu.obj                                      30      0         0      
    +--+--------------------------------------------+-------+---------+---------+
       Total:                                       1768    8         36     
                                                                             
    F:/ti/ccs1110/simplelink_cc13xx_cc26xx_sdk_6_10_00_29/source/ti/drivers/lib/ccs/m4f/drivers_cc13x2.a
       PowerCC26X2.oem4f                            1930    84        368    
       PowerCC26X2_calibrateRCOSC.oem4f             980     0         0      
       LED.oem4f                                    706     8         0      
       GPIOCC26XX.oem4f                             524     0         29     
       PowerCC26X2_calibrateRCOSC_helpers.oem4f     448     0         0      
       PowerCC26X2_helpers.oem4f                    244     0         0      
       List.oem4f                                   210     0         0      
       PWM.oem4f                                    182     24        1      
       GPIO.oem4f                                   96      0         0      
    +--+--------------------------------------------+-------+---------+---------+
       Total:                                       5320    116       398    
                                                                             
    F:/ti/ccs1110/simplelink_cc13xx_cc26xx_sdk_6_10_00_29/source/ti/drivers/rf/lib/ccs/m4f/rf_multiMode_cc13x2.a
       RFCC26X2_multiMode.c.cc13x2.ccs.o            9172    32        1317   
       rf_patch_cpe_multi_protocol.c.cc13x2.ccs.o   188     1772      1      
       rfc.c.cc13x2.ccs.o                           302     0         0      
    +--+--------------------------------------------+-------+---------+---------+
       Total:                                       9662    1804      1318   
                                                                             
    F:\ti\ccs1110\ccs\tools\compiler\ti-cgt-arm_20.2.6.LTS\lib\rtsv7M4_T_le_v4SPD16_eabi.lib
       memcpy_t2.asm.obj                            156     0         0      
       ull_div_t2.asm.obj                           150     0         0      
       memset_t2.asm.obj                            122     0         0      
       copy_decompress_lzss.c.obj                   104     0         0      
       cpy_tbl.c.obj                                76      0         0      
       rand.c.obj                                   52      0         4      
       _lock.c.obj                                  26      0         8      
       args_main.c.obj                              24      0         0      
       ll_mul_t2.asm.obj                            24      0         0      
       copy_decompress_none.c.obj                   14      0         0      
       copy_zero_init.c.obj                         12      0         0      
       stkdepth_vars.c.obj                          0       0         4      
       div0.asm.obj                                 2       0         0      
    +--+--------------------------------------------+-------+---------+---------+
       Total:                                       762     0         16     
                                                                             
       Stack:                                       0       0         1024   
       Linker Generated:                            0       482       0      
    +--+--------------------------------------------+-------+---------+---------+
       Grand Total:                                 30190   5894      6987   


LINKER GENERATED COPY TABLES

__TI_cinit_table @ 00008ca0 records: 2, size/record: 8, table size: 16
	.data: load addr=00008ac8, load size=000001be bytes, run addr=200040d8, run size=000010a2 bytes, compression=lzss
	.bss: load addr=00008c98, load size=00000008 bytes, run addr=20005180, run size=000005d1 bytes, compression=zero_init


LINKER GENERATED HANDLER TABLE

__TI_handler_table @ 00008c88 records: 3, size/record: 4, table size: 12
	index: 0, handler: __TI_decompress_lzss
	index: 1, handler: __TI_decompress_none
	index: 2, handler: __TI_zero_init


GLOBAL SYMBOLS: SORTED ALPHABETICALLY BY Name 

address   name                                                               
-------   ----                                                               
20004b58  BIOS_Module_state                                                  
00006021  BIOS_atExitFunc                                                    
0000722d  BIOS_exit                                                          
00006f45  BIOS_exitFunc                                                      
0000742d  BIOS_getThreadType                                                 
20004b2c  BIOS_heapMemObject                                                 
00005129  BIOS_init                                                          
00007439  BIOS_linkedWithIncorrectBootLibrary                                
00002c2f  BIOS_nullFunc                                                      
00006761  BIOS_registerRTSLock                                               
00006a75  BIOS_removeRTSLock                                                 
20004ab4  BIOS_rtsGate                                                       
00006449  BIOS_rtsLock                                                       
00006a95  BIOS_rtsUnlock                                                     
00006fe1  BIOS_setThreadType                                                 
0000723d  BIOS_start                                                         
000054f1  BIOS_startFunc                                                     
00006ff5  Board_init                                                         
0000387f  Board_initHook                                                     
00004ed9  Board_sendExtFlashByte                                             
00004fdd  Board_shutDownExtFlash                                             
00006051  Board_wakeUpExtFlash                                               
00002f41  Boot_trimDevice                                                    
00008ab8  CONFIG_LED_0_CONST                                                 
00008ab6  CONFIG_LED_0_GPIO_CONST                                            
00008ab9  CONFIG_LED_1_CONST                                                 
00008ab7  CONFIG_LED_1_GPIO_CONST                                            
00007541  ClockP_Params_init                                                 
00005e19  ClockP_construct                                                   
00005be9  ClockP_create                                                      
000075dd  ClockP_destruct                                                    
000075e1  ClockP_getSystemTickPeriod                                         
00006eb5  ClockP_getSystemTicks                                              
000075e5  ClockP_getTimeout                                                  
000075e9  ClockP_isActive                                                    
000075ed  ClockP_setTimeout                                                  
000075f1  ClockP_start                                                       
000075f5  ClockP_stop                                                        
0000724d  EasyLink_Params_init                                               
0000003d  EasyLink_init                                                      
00008abf  EasyLink_numSupportedPhys                                          
00000ced  EasyLink_receive                                                   
200050d8  EasyLink_supportedPhys                                             
00008a70  GPIO_config                                                        
00006c8d  GPIO_disableInt                                                    
000050d9  GPIO_hwiIntFxn                                                     
000026fd  GPIO_init                                                          
00008ab4  GPIO_pinLowerBound                                                 
00008ab5  GPIO_pinUpperBound                                                 
00006081  GPIO_resetConfig                                                   
00006ca9  GPIO_setCallback                                                   
00003e39  GPIO_setConfig                                                     
00007009  GPIO_setUserArg                                                    
0000701d  GPIO_write                                                         
00004000  HEAPSIZE                                                           
0000725d  HwiP_Params_init                                                   
000056cd  HwiP_construct                                                     
000075f9  HwiP_destruct                                                      
00007445  HwiP_disable                                                       
000075fd  HwiP_enableInterrupt                                               
00007601  HwiP_post                                                          
000075bb  HwiP_restore                                                       
00006f5b  HwiP_setFunc                                                       
UNDEFED   ITM_flush                                                          
UNDEFED   ITM_restore                                                        
20005458  LEDObjects                                                         
000071c1  LED_Params_init                                                    
00008a80  LED_config                                                         
00008aba  LED_count                                                          
00008aa4  LED_defaultParams                                                  
00004027  LED_init                                                           
00001e31  LED_open                                                           
0000594d  LED_setBrightnessLevel                                             
00005a45  LED_setOff                                                         
00005de1  LED_setOn                                                          
00004f2f  LED_startBlinking                                                  
00006a31  LED_stopBlinking                                                   
00006da5  LED_toggle                                                         
00007031  List_clearList                                                     
00006a53  List_get                                                           
000063a1  List_insert                                                        
000066a1  List_put                                                           
000066c7  List_putHead                                                       
000066ed  List_remove                                                        
00005e4d  NOROM_AUXSYSIFOpModeChange                                         
00007451  NOROM_CPUcpsid                                                     
0000745d  NOROM_CPUcpsie                                                     
0000759d  NOROM_CPUdelay                                                     
00006cc5  NOROM_ChipInfo_GetChipFamily                                       
00003c39  NOROM_ChipInfo_GetChipType                                         
00005535  NOROM_ChipInfo_GetHwRevision                                       
0000399d  NOROM_OSCHF_AttemptToSwitchToXosc                                  
000046cd  NOROM_OSCHF_SwitchToRcOscTurnOffXosc                               
00006785  NOROM_OSCHF_TurnOnXosc                                             
000067a9  NOROM_OSC_CapArrayAdjustWorkaround_Boot                            
0000570d  NOROM_OSC_HPOSCRelativeFrequencyOffsetGet                          
000049f5  NOROM_PRCMPowerDomainsAllOff                                       
00005175  NOROM_PRCMPowerDomainsAllOn                                        
0000435f  NOROM_RFCAnaDivTxOverride                                          
00007045  NOROM_RFCCpeIntGetAndClear                                         
000043cf  NOROM_RFCCpePatchReset                                             
000067cd  NOROM_RFCDoorbellSendTo                                            
0000726d  NOROM_RFCHwIntGetAndClear                                          
00006471  NOROM_RFCOverrideSearch                                            
00007605  NOROM_RFCOverrideUpdate                                            
00005389  NOROM_RFCSynthPowerDown                                            
00002f41  NOROM_SetupTrimDevice                                              
00005e81  NOROM_SysCtrlIdle                                                  
00003cb9  NOROM_SysCtrlSetRechargeBeforePowerDown                            
0000251d  NOROM_SysCtrlStandby                                               
00006f71  NOROM_ThisLibraryIsFor_CC13x2_CC26x2_HwRev20AndLater_HaltIfViolated
UNDEFED   PIN_hwi_bypass                                                     
00007059  PWM_Params_init                                                    
0000754b  PWM_close                                                          
UNDEFED   PWM_config                                                         
UNDEFED   PWM_count                                                          
00008a34  PWM_defaultParams                                                  
00005579  PWM_init                                                           
0000574d  PWM_open                                                           
00007555  PWM_setDuty                                                        
0000755f  PWM_start                                                          
0000578d  PowerCC26X2_RCOSC_clockFunc                                        
00004029  PowerCC26X2_auxISR                                                 
0000706d  PowerCC26X2_calibrate                                              
00008a4c  PowerCC26X2_config                                                 
00006ab5  PowerCC26X2_disableTCXOQual                                        
00006ad5  PowerCC26X2_enableTCXOQual                                         
00004bc1  PowerCC26X2_initiateCalibration                                    
20004d20  PowerCC26X2_module                                                 
00007081  PowerCC26X2_oscClockSourceGet                                      
0000728d  PowerCC26X2_oscCtlClearXtal                                        
000057cd  PowerCC26X2_oscDisableQualifiers                                   
000046cd  PowerCC26X2_oschfSwitchToRcosc                                     
00006f87  PowerCC26X2_oschfTrySwitchToXosc                                   
0000727d  PowerCC26X2_prcmEnableCacheRetention                               
0000729d  PowerCC26X2_readCtrim                                              
000072ad  PowerCC26X2_readCtrimFract                                         
000072bd  PowerCC26X2_readRtrim                                              
0000580d  PowerCC26X2_setAclkRefSrc                                          
00005a81  PowerCC26X2_setTdcClkSrc24M                                        
000072cd  PowerCC26X2_switchToTCXO                                           
00005e81  PowerCC26X2_sysCtrlIdle                                            
00007569  PowerCC26X2_sysCtrlStandby                                         
000072dd  PowerCC26X2_sysCtrlVoltageConditionalControl                       
00003aad  PowerCC26X2_updateSubSecInc                                        
000067f1  PowerCC26X2_writeCtrim                                             
00006815  PowerCC26X2_writeCtrimFract                                        
00006839  PowerCC26X2_writeCtrimFractEn                                      
0000685d  PowerCC26X2_writeRtrim                                             
00006dbf  PowerCC26XX_calibrate                                              
0000584d  PowerCC26XX_isStableXOSC_HF                                        
00006df5  PowerCC26XX_schedulerDisable                                       
00006e0d  PowerCC26XX_schedulerRestore                                       
00003225  PowerCC26XX_standbyPolicy                                          
20004998  PowerCC26XX_swiKey                                                 
000053d1  PowerCC26XX_switchXOSC_HF                                          
20004994  PowerCC26XX_taskKey                                                
00007469  Power_getConstraintMask                                            
00007475  Power_getDependencyCount                                           
00006bf5  Power_getTransitionLatency                                         
00006e25  Power_idleFunc                                                     
00001ad9  Power_init                                                         
00006499  Power_registerNotify                                               
000060b1  Power_releaseConstraint                                            
00002dc1  Power_releaseDependency                                            
000060e1  Power_setConstraint                                                
000030b9  Power_setDependency                                                
00001321  Power_sleep                                                        
00006af5  Power_unregisterNotify                                             
00008a90  RFCC26XX_hwAttrs                                                   
20005168  RFCC26XX_schedulerPolicy                                           
00007095  RF_Params_init                                                     
00006ce1  RF_ScheduleCmdParams_init                                          
00001bfd  RF_close                                                           
20005120  RF_cmdFs                                                           
2000508c  RF_cmdPropRadioDivSetup                                            
2000505c  RF_cmdPropRxAdv                                                    
20005138  RF_cmdPropTx                                                       
00007609  RF_defaultExecutionPolicy                                          
00004f85  RF_defaultSubmitPolicy                                             
000043d1  RF_getCurrentTime                                                  
00000a55  RF_open                                                            
000029ad  RF_pendCmd                                                         
000027e5  RF_postCmd                                                         
00007481  RF_powerConstraintGet                                              
00005eb5  RF_powerConstraintRelease                                          
00006d35  RF_powerConstraintSet                                              
20005150  RF_prop                                                            
000064e9  RF_runCmd                                                          
00006511  RF_runScheduleCmd                                                  
00000f35  RF_scheduleCmd                                                     
00004c71  ResetISR                                                           
UNDEFED   SHT$$INIT_ARRAY$$Base                                              
UNDEFED   SHT$$INIT_ARRAY$$Limit                                             
00006b95  SemaphoreP_constructBinary                                         
0000760d  SemaphoreP_destruct                                                
000071d3  SemaphoreP_pend                                                    
00007611  SemaphoreP_post                                                    
0000730d  SwiP_Params_init                                                   
0000520d  SwiP_construct                                                     
00007615  SwiP_destruct                                                      
00007619  SwiP_disable                                                       
0000761d  SwiP_getTrigger                                                    
00007621  SwiP_or                                                            
00005d01  SwiP_restore                                                       
20014000  __STACK_END                                                        
00000400  __STACK_SIZE                                                       
00008ca0  __TI_CINIT_Base                                                    
00008cb0  __TI_CINIT_Limit                                                   
00008c88  __TI_Handler_Table_Base                                            
00008c94  __TI_Handler_Table_Limit                                           
00003579  __TI_auto_init                                                     
0000479d  __TI_decompress_lzss                                               
000073cb  __TI_decompress_none                                               
ffffffff  __TI_pprof_out_hndl                                                
ffffffff  __TI_prof_data_size                                                
ffffffff  __TI_prof_data_start                                               
00000000  __TI_static_base__                                                 
000074a5  __TI_zero_init                                                     
00005e17  __aeabi_idiv0                                                      
00005e17  __aeabi_ldiv0                                                      
00006e6d  __aeabi_lmul                                                       
00003fad  __aeabi_memclr                                                     
00003fad  __aeabi_memclr4                                                    
00003fad  __aeabi_memclr8                                                    
00003619  __aeabi_memcpy                                                     
00003619  __aeabi_memcpy4                                                    
00003619  __aeabi_memcpy8                                                    
00003faf  __aeabi_memset                                                     
00003faf  __aeabi_memset4                                                    
00003faf  __aeabi_memset8                                                    
[...]
00006ab5  PowerCC26X2_disableTCXOQual                                        
00006ad5  PowerCC26X2_enableTCXOQual                                         
00006af5  Power_unregisterNotify                                             
00006b95  SemaphoreP_constructBinary                                         
00006bb5  ti_sysbios_knl_Clock_create                                        
00006bd5  ti_sysbios_knl_Task_construct                                      
00006bf5  Power_getTransitionLatency                                         
00006c31  ti_sysbios_family_arm_m3_Hwi_switchAndRunFunc                      
00006c4f  ti_sysbios_knl_Semaphore_create                                    
00006c6d  ti_sysbios_knl_Semaphore_destruct                                  
00006c8d  GPIO_disableInt                                                    
00006ca9  GPIO_setCallback                                                   
00006cc5  NOROM_ChipInfo_GetChipFamily                                       
00006ce1  RF_ScheduleCmdParams_init                                          
00006d35  RF_powerConstraintSet                                              
00006d51  ti_sysbios_knl_Clock_scheduleNextTick                              
00006d6d  ti_sysbios_knl_Queue_put                                           
00006d89  ti_sysbios_knl_TaskSupport_swap                                    
00006d99  ti_sysbios_knl_TaskSupport_swapReturn                              
00006da5  LED_toggle                                                         
00006dbf  PowerCC26XX_calibrate                                              
00006dd9  ti_sysbios_knl_Task_delete                                         
00006df5  PowerCC26XX_schedulerDisable                                       
00006e0d  PowerCC26XX_schedulerRestore                                       
00006e25  Power_idleFunc                                                     
00006e55  _args_main                                                         
00006e6d  __aeabi_lmul                                                       
00006e85  ti_sysbios_family_arm_m3_Hwi_plug                                  
00006e9d  ti_sysbios_family_arm_m3_Hwi_switchFromBootStack                   
00006eb5  ClockP_getSystemTicks                                              
00006eb5  ti_sysbios_knl_Clock_getTicks                                      
00006ecd  ti_sysbios_knl_Idle_run                                            
00006ee5  ti_sysbios_knl_Swi_construct                                       
00006efd  ti_sysbios_knl_Swi_destruct                                        
00006f15  ti_sysbios_knl_Swi_or                                              
00006f2d  ti_sysbios_knl_Task_unblock                                        
00006f45  BIOS_exitFunc                                                      
00006f5b  HwiP_setFunc                                                       
00006f71  NOROM_ThisLibraryIsFor_CC13x2_CC26x2_HwRev20AndLater_HaltIfViolated
00006f87  PowerCC26X2_oschfTrySwitchToXosc                                   
00006fb3  ti_sysbios_knl_Clock_Instance_finalize                             
00006fb3  ti_sysbios_knl_Clock_destruct                                      
00006fc9  ti_sysbios_knl_Clock_start                                         
00006fe1  BIOS_setThreadType                                                 
00006ff5  Board_init                                                         
00007009  GPIO_setUserArg                                                    
0000701d  GPIO_write                                                         
00007031  List_clearList                                                     
00007045  NOROM_RFCCpeIntGetAndClear                                         
00007059  PWM_Params_init                                                    
0000706d  PowerCC26X2_calibrate                                              
00007081  PowerCC26X2_oscClockSourceGet                                      
00007095  RF_Params_init                                                     
000070e5  pthread_attr_setschedparam                                         
000070f9  ti_sysbios_family_arm_cc26xx_Timer_dynamicStub                     
0000710d  ti_sysbios_knl_Clock_construct                                     
00007121  ti_sysbios_knl_Semaphore_construct                                 
00007135  ti_sysbios_knl_Swi_construct2                                      
00007149  ti_sysbios_family_arm_m3_Hwi_swiDisable                            
00007149  ti_sysbios_knl_Swi_disable                                         
0000715d  ti_sysbios_knl_Swi_enabled                                         
00007171  ti_sysbios_family_arm_m3_Hwi_taskDisable                           
00007171  ti_sysbios_knl_Task_disable                                        
00007185  ti_sysbios_runtime_Error_init                                      
00007199  ti_sysbios_runtime_Memory_free                                     
000071ad  ti_sysbios_runtime_System_init                                     
000071c1  LED_Params_init                                                    
000071d3  SemaphoreP_pend                                                    
000071e5  _pthread_cleanup_pop                                               
00007209  ti_sysbios_family_arm_cc26xx_Timer_postInit                        
0000721b  ti_sysbios_runtime_System_abort                                    
0000722d  BIOS_exit                                                          
0000723d  BIOS_start                                                         
0000724d  EasyLink_Params_init                                               
0000725d  HwiP_Params_init                                                   
0000726d  NOROM_RFCHwIntGetAndClear                                          
0000727d  PowerCC26X2_prcmEnableCacheRetention                               
0000728d  PowerCC26X2_oscCtlClearXtal                                        
0000729d  PowerCC26X2_readCtrim                                              
000072ad  PowerCC26X2_readCtrimFract                                         
000072bd  PowerCC26X2_readRtrim                                              
000072cd  PowerCC26X2_switchToTCXO                                           
000072dd  PowerCC26X2_sysCtrlVoltageConditionalControl                       
0000730d  SwiP_Params_init                                                   
0000731d  ti_sysbios_family_arm_cc26xx_Timer_getCount64                      
0000732d  ti_sysbios_family_arm_cc26xx_TimestampProvider_init                
0000732d  ti_sysbios_runtime_Timestamp_init                                  
0000733d  ti_sysbios_family_arm_m3_Hwi_excHandler                            
0000734d  ti_sysbios_family_arm_m3_Hwi_getHandle                             
0000735d  ti_sysbios_family_arm_m3_Hwi_post                                  
0000736d  ti_sysbios_knl_ClockSupport_getCurrentTick                         
0000737d  ti_sysbios_knl_ClockSupport_setNextTick                            
0000738d  ti_sysbios_knl_Clock_enqueueI                                      
0000739d  ti_sysbios_knl_Semaphore_Params_init                               
000073ad  ti_sysbios_knl_TaskSupport_glue                                    
000073cb  __TI_decompress_none                                               
000073d9  pthread_attr_setdetachstate                                        
000073e7  ti_sysbios_gates_GateMutex_leave                                   
000073f5  ti_sysbios_heaps_HeapMem_restore                                   
00007403  ti_sysbios_knl_Clock_initI                                         
00007411  ti_sysbios_knl_Queue_empty                                         
0000741f  ti_sysbios_knl_Queue_remove                                        
0000742d  BIOS_getThreadType                                                 
00007439  BIOS_linkedWithIncorrectBootLibrary                                
00007445  HwiP_disable                                                       
00007451  NOROM_CPUcpsid                                                     
0000745d  NOROM_CPUcpsie                                                     
00007469  Power_getConstraintMask                                            
00007475  Power_getDependencyCount                                           
00007481  RF_powerConstraintGet                                              
0000748d  _register_lock                                                     
00007499  _register_unlock                                                   
000074a5  __TI_zero_init                                                     
000074bd  ti_sysbios_heaps_HeapMem_init                                      
000074c9  ti_sysbios_knl_ClockSupport_getMaxTicks                            
000074d5  ti_sysbios_knl_Clock_tick                                          
000074e1  ti_sysbios_knl_Queue_dequeue                                       
000074ed  ti_sysbios_knl_Queue_enqueue                                       
000074f9  ti_sysbios_knl_Queue_insert                                        
00007505  ti_sysbios_knl_Swi_getTrigger                                      
00007511  ti_sysbios_knl_Swi_self                                            
0000751d  ti_sysbios_knl_TaskSupport_checkStack                              
00007529  ti_sysbios_knl_Task_self                                           
00007535  ti_sysbios_runtime_System_exit                                     
00007541  ClockP_Params_init                                                 
0000754b  PWM_close                                                          
00007555  PWM_setDuty                                                        
0000755f  PWM_start                                                          
00007569  PowerCC26X2_sysCtrlStandby                                         
00007573  pthread_self                                                       
0000757d  pthread_attr_setstacksize                                          
00007585  ti_sysbios_family_arm_m3_Hwi_doSwiRestore                          
0000758d  ti_sysbios_family_arm_m3_Hwi_startup                               
00007595  ti_sysbios_knl_Idle_loop                                           
0000759d  NOROM_CPUdelay                                                     
000075af  ti_sysbios_family_arm_m3_Hwi_destruct                              
000075b5  ti_sysbios_family_arm_m3_Hwi_doTaskRestore                         
000075bb  HwiP_restore                                                       
000075c1  ti_sysbios_knl_Clock_stop                                          
000075c7  ti_sysbios_knl_Queue_destruct                                      
000075c7  ti_sysbios_knl_Queue_elemClear                                     
000075cd  ti_sysbios_knl_Semaphore_Instance_finalize                         
000075d3  ti_sysbios_knl_Swi_startup                                         
000075dd  ClockP_destruct                                                    
000075e1  ClockP_getSystemTickPeriod                                         
000075e5  ClockP_getTimeout                                                  
000075e9  ClockP_isActive                                                    
000075ed  ClockP_setTimeout                                                  
000075f1  ClockP_start                                                       
000075f5  ClockP_stop                                                        
000075f9  HwiP_destruct                                                      
000075fd  HwiP_enableInterrupt                                               
00007601  HwiP_post                                                          
00007605  NOROM_RFCOverrideUpdate                                            
00007609  RF_defaultExecutionPolicy                                          
0000760d  SemaphoreP_destruct                                                
00007611  SemaphoreP_post                                                    
00007615  SwiP_destruct                                                      
00007619  SwiP_disable                                                       
0000761d  SwiP_getTrigger                                                    
00007621  SwiP_or                                                            
0000762d  ti_sysbios_heaps_HeapMem_isBlocking                                
00007630  ti_sysbios_family_arm_cc26xx_Timer_funcHookCH1                     
00007634  ti_sysbios_family_arm_cc26xx_Timer_funcHookCH2                     
000089c0  resourceDB                                                         
00008a34  PWM_defaultParams                                                  
00008a4c  PowerCC26X2_config                                                 
00008a70  GPIO_config                                                        
00008a80  LED_config                                                         
00008a90  RFCC26XX_hwAttrs                                                   
00008aa4  LED_defaultParams                                                  
00008aac  ti_sysbios_knl_Idle_funcList                                       
00008ab4  GPIO_pinLowerBound                                                 
00008ab5  GPIO_pinUpperBound                                                 
00008ab6  CONFIG_LED_0_GPIO_CONST                                            
00008ab7  CONFIG_LED_1_GPIO_CONST                                            
00008ab8  CONFIG_LED_0_CONST                                                 
00008ab9  CONFIG_LED_1_CONST                                                 
00008aba  LED_count                                                          
00008abf  EasyLink_numSupportedPhys                                          
00008ac0  __c_args__                                                         
00008c88  __TI_Handler_Table_Base                                            
00008c94  __TI_Handler_Table_Limit                                           
00008ca0  __TI_CINIT_Base                                                    
00008cb0  __TI_CINIT_Limit                                                   
00057fa8  __ccfg                                                             
20000000  __start___llvm_prf_cnts                                            
20000000  __stop___llvm_prf_cnts                                             
20000000  ti_sysbios_family_arm_m3_Hwi_ramVectors                            
200000d8  __primary_heap_start__                                             
200040d8  __primary_heap_end__                                               
20004992  ti_sysbios_knl_Idle_initDone                                       
20004994  PowerCC26XX_taskKey                                                
20004998  PowerCC26XX_swiKey                                                 
200049b0  ti_sysbios_family_arm_cc26xx_TimestampProvider_Module_state        
200049b4  ti_sysbios_knl_Task_defaultStackHeap                               
200049b8  ti_sysbios_runtime_Memory_defaultHeapInstance                      
200049bc  ti_sysbios_gates_GateMutex_Module_state                            
200049c4  ti_sysbios_heaps_HeapMem_Module_state                              
200049cc  ti_sysbios_knl_Event_state                                         
200049d4  ti_sysbios_knl_Mailbox_Module_state                                
200049dc  ti_sysbios_knl_Semaphore_Module_state                              
200049f0  ti_sysbios_family_arm_cc26xx_Timer_Module_state                    
200049fc  ti_sysbios_runtime_Error_ignore                                    
20004a08  ti_sysbios_runtime_System_Module_state                             
20004a38  ti_sysbios_hal_Seconds_Module_state                                
20004ab4  BIOS_rtsGate                                                       
20004adc  ti_sysbios_heaps_HeapMem_gate                                      
20004b04  ti_sysbios_knl_Swi_Module_state                                    
20004b2c  BIOS_heapMemObject                                                 
20004b58  BIOS_Module_state                                                  
20004b84  ti_sysbios_family_arm_m3_Hwi_Module_state                          
20004bc0  ti_sysbios_knl_Task_Module_state                                   
20004bfc  ti_sysbios_knl_Idle_taskStruct                                     
20004c58  ti_sysbios_knl_ClockSupport_timerStruct                            
20004cb8  ti_sysbios_knl_Clock_Module_state                                  
20004d20  PowerCC26X2_module                                                 
20004e90  ledHandle                                                          
20004e98  rxPacket                                                           
20004f30  gpioPinConfigs                                                     
20004fac  txPowerTable_868_pa13                                              
2000505c  RF_cmdPropRxAdv                                                    
2000508c  RF_cmdPropRadioDivSetup                                            
200050b4  _hposcCoeffs                                                       
200050d8  EasyLink_supportedPhys                                             
200050fc  pOverrides                                                         
20005120  RF_cmdFs                                                           
20005138  RF_cmdPropTx                                                       
20005150  RF_prop                                                            
20005160  _lock                                                              
20005164  _unlock                                                            
20005168  RFCC26XX_schedulerPolicy                                           
20005174  main_func_sp                                                       
20005179  ti_sysbios_runtime_Startup_done                                    
20005180  ti_sysbios_knl_Idle_taskStack                                      
20005380  ti_sysbios_family_arm_m3_Hwi_dispatchTable                         
20005458  LEDObjects                                                         
200055a8  gpioCallbackFunctions                                              
20005624  gpioUserArgs                                                       
200056a0  ti_sysbios_knl_Swi_readyQs                                         
200056d0  ti_sysbios_knl_Task_readyQs                                        
20005700  ti_sysbios_runtime_System_atexitHandlers                           
20013c00  __stack                                                            
20014000  __STACK_END                                                        
ffffffff  __TI_pprof_out_hndl                                                
ffffffff  __TI_prof_data_size                                                
ffffffff  __TI_prof_data_start                                               
ffffffff  __binit__                                                          
ffffffff  binit                                                              
UNDEFED   ITM_flush                                                          
UNDEFED   ITM_restore                                                        
UNDEFED   PIN_hwi_bypass                                                     
UNDEFED   PWM_config                                                         
UNDEFED   PWM_count                                                          
UNDEFED   SHT$$INIT_ARRAY$$Base                                              
UNDEFED   SHT$$INIT_ARRAY$$Limit                                             

[476 symbols]
