******************************************************************************
                  TI ARM Linker PC v20.2.6                     
******************************************************************************
>> Linked Fri May 27 10:34:25 2022

OUTPUT FILE NAME:   <MoveStructsRx.out>
ENTRY POINT SYMBOL: "ResetISR"  address: 00004c49


MEMORY CONFIGURATION

         name            origin    length      used     unused   attr    fill
----------------------  --------  ---------  --------  --------  ----  --------
  FLASH                 00000000   00058000  00008d50  0004f2b0  R  X
  GPRAM                 11000000   00002000  00000000  00002000  RW X
  SRAM                  20000000   00014000  00005b4b  0000e4b5  RW X
  LOG_DATA              90000000   00040000  00000000  00040000  R   


SEGMENT ALLOCATION MAP

run origin  load origin   length   init length attrs members
----------  ----------- ---------- ----------- ----- -------
00000000    00000000    00008b08   00008b08    r-x
  00000000    00000000    0000003c   0000003c    r-- .resetVecs
  0000003c    0000003c    0000763c   0000763c    r-x .text
  00007678    00007678    00001490   00001490    r-- .const
00008b08    00008b08    00000008   00000008    rw-
  00008b08    00008b08    00000008   00000008    rw- .args
00008b10    00008b10    000001e8   000001e8    r--
  00008b10    00008b10    000001e8   000001e8    r-- .cinit
00057fa8    00057fa8    00000058   00000058    r--
  00057fa8    00057fa8    00000058   00000058    r-- .ccfg
200000d8    200000d8    00004000   00000000    r--
  200000d8    200000d8    00004000   00000000    r-- .priheap
200040d8    200040d8    00001679   00000000    rw-
  200040d8    200040d8    000010a2   00000000    rw- .data
  20005180    20005180    000005d1   00000000    rw- .bss
20013c00    20013c00    00000400   00000000    rw-
  20013c00    20013c00    00000400   00000000    rw- .stack


SECTION ALLOCATION MAP

 output                                  attributes/
section   page    origin      length       input sections
--------  ----  ----------  ----------   ----------------
.binit     0    00000000    00000000     

.cinit     0    00008b10    000001e8     
                  00008b10    000001bd     (.cinit..data.load) [load image, compression = lzss]
                  00008ccd    00000003     --HOLE-- [fill = 0]
                  00008cd0    0000000c     (__TI_handler_table)
                  00008cdc    00000004     --HOLE-- [fill = 0]
                  00008ce0    00000008     (.cinit..bss.load) [load image, compression = zero_init]
                  00008ce8    00000010     (__TI_cinit_table)

.init_array 
*          0    00000000    00000000     UNINITIALIZED

.ccfg      0    00057fa8    00000058     
                  00057fa8    00000058     ti_devices_config.obj (.ccfg:retain)

.data      0    200040d8    000010a2     UNINITIALIZED
                  200040d8    00000508     rf_multiMode_cc13x2.a : RFCC26X2_multiMode.c.cc13x2.ccs.o (.data:$O1$$)
                  200045e0    000003b0     EasyLink.obj (.data:$O1$$)
                  20004990    00000390     ti_sysbios_config.obj (.data:$O1$$)
                  20004d20    00000170     drivers_cc13x2.a : PowerCC26X2.oem4f (.data:PowerCC26X2_module)
                  20004e90    000000a0     moveStructsRx.obj (.data:$O1$$)
                  20004f30    0000007c     ti_drivers_config.obj (.data:gpioPinConfigs)
                  20004fac    0000006e     ti_radio_config.obj (.data:txPowerTable_868_pa13)
                  2000501a    00000001     drivers_cc13x2.a : GPIOCC26XX.oem4f (.data)
                  2000501b    00000001                      : PWM.oem4f (.data)
                  2000501c    00000040     EasyLink.obj (.data:addrFilterTable)
                  2000505c    00000030     ti_radio_config.obj (.data:RF_cmdPropRxAdv)
                  2000508c    00000028     ti_radio_config.obj (.data:RF_cmdPropRadioDivSetup)
                  200050b4    00000024     driverlib.lib : osc.obj (.data:$O1$$)
                  200050d8    00000024     ti_easylink_config.obj (.data:EasyLink_supportedPhys)
                  200050fc    00000024     ti_radio_config.obj (.data:pOverrides)
                  20005120    00000018     ti_radio_config.obj (.data:RF_cmdFs)
                  20005138    00000018     ti_radio_config.obj (.data:RF_cmdPropTx)
                  20005150    00000010     ti_radio_config.obj (.data:RF_prop)
                  20005160    00000008     rtsv7M4_T_le_v4SPD16_eabi.lib : _lock.c.obj (.data:$O1$$)
                  20005168    00000008     rf_multiMode_cc13x2.a : RFCC26X2_multiMode.c.cc13x2.ccs.o (.data:RFCC26XX_schedulerPolicy)
                  20005170    00000004     rtsv7M4_T_le_v4SPD16_eabi.lib : rand.c.obj (.data)
                  20005174    00000004                                   : stkdepth_vars.c.obj (.data)
                  20005178    00000001     rf_multiMode_cc13x2.a : rf_patch_cpe_multi_protocol.c.cc13x2.ccs.o (.data)
                  20005179    00000001     ti_sysbios_config.obj (.data)

.bss       0    20005180    000005d1     UNINITIALIZED
                  20005180    00000200     (.common:ti_sysbios_knl_Idle_taskStack)
                  20005380    000000d8     (.common:ti_sysbios_family_arm_m3_Hwi_dispatchTable)
                  20005458    000000b8     (.common:LEDObjects)
                  20005510    00000098     EasyLink.obj (.bss:rxBuffer)
                  200055a8    0000007c     (.common:gpioCallbackFunctions)
                  20005624    0000007c     (.common:gpioUserArgs)
                  200056a0    00000030     (.common:ti_sysbios_knl_Swi_readyQs)
                  200056d0    00000030     (.common:ti_sysbios_knl_Task_readyQs)
                  20005700    00000020     (.common:ti_sysbios_runtime_System_atexitHandlers)
                  20005720    0000001c     drivers_cc13x2.a : GPIOCC26XX.oem4f (.bss:gpioHwi)
                  2000573c    00000014     rf_multiMode_cc13x2.a : RFCC26X2_multiMode.c.cc13x2.ccs.o (.bss:RF_ratSyncCmd)
                  20005750    00000001                           : RFCC26X2_multiMode.c.cc13x2.ccs.o (.bss)

.stack     0    20013c00    00000400     UNINITIALIZED
                  20013c00    00000400     --HOLE--

.priheap   0    200000d8    00004000     UNINITIALIZED
                  200000d8    00004000     --HOLE--

.log_data 
*          0    90000000    00000000     COPY SECTION

.resetVecs 
*          0    00000000    0000003c     
                  00000000    0000003c     ti_sysbios_config.obj (.resetVecs)

.vecs      0    20000000    000000d8     NOLOAD SECTION
                  20000000    000000d8     ti_sysbios_config.obj (.vecs)

__llvm_prf_cnts 
*          0    20000000    00000000     UNINITIALIZED

.text      0    0000003c    0000763c     
                  0000003c    00000558     EasyLink.obj (.text:EasyLink_init)
                  00000594    000004c0     rf_multiMode_cc13x2.a : RFCC26X2_multiMode.c.cc13x2.ccs.o (.text:RF_fsmActiveState)
                  00000a54    00000298                           : RFCC26X2_multiMode.c.cc13x2.ccs.o (.text:RF_open)
                  00000cec    00000248     EasyLink.obj (.text:EasyLink_receive)
                  00000f34    00000210     rf_multiMode_cc13x2.a : RFCC26X2_multiMode.c.cc13x2.ccs.o (.text:RF_scheduleCmd)
                  00001144    000001dc                           : RFCC26X2_multiMode.c.cc13x2.ccs.o (.text:RF_dispatchNextCmd)
                  00001320    00000184     drivers_cc13x2.a : PowerCC26X2.oem4f (.text:Power_sleep)
                  000014a4    00000154     rf_multiMode_cc13x2.a : RFCC26X2_multiMode.c.cc13x2.ccs.o (.text:RF_radioOpDoneCb)
                  000015f8    00000144                           : RFCC26X2_multiMode.c.cc13x2.ccs.o (.text:RF_fsmSetupState)
                  0000173c    00000138                           : RFCC26X2_multiMode.c.cc13x2.ccs.o (.text:RF_abortCmd)
                  00001874    00000134     ti_sysbios_config.obj (.text:ti_sysbios_family_arm_cc26xx_Timer_construct)
                  000019a8    00000130     drivers_cc13x2.a : PowerCC26X2_calibrateRCOSC.oem4f (.text:calibrateRcoscHf1)
                  00001ad8    00000124                      : PowerCC26X2.oem4f (.text:Power_init)
                  00001bfc    00000120     rf_multiMode_cc13x2.a : RFCC26X2_multiMode.c.cc13x2.ccs.o (.text:RF_close)
                  00001d1c    00000114     drivers_cc13x2.a : PowerCC26X2_calibrateRCOSC.oem4f (.text:runCalibrateFsm)
                  00001e30    00000110                      : LED.oem4f (.text:LED_open)
                  00001f40    00000104     rf_multiMode_cc13x2.a : RFCC26X2_multiMode.c.cc13x2.ccs.o (.text:RF_hwiCpe0Active)
                  00002044    000000fc     ti_sysbios_config.obj (.text:ti_sysbios_knl_TaskSupport_buildTaskStack)
                  00002140    000000f8     rf_multiMode_cc13x2.a : RFCC26X2_multiMode.c.cc13x2.ccs.o (.text:RF_decodeOverridePointers)
                  00002238    000000f8     ti_sysbios_config.obj (.text:pthread_create)
                  00002330    000000f8     ti_sysbios_config.obj (.text:ti_sysbios_family_arm_m3_Hwi_excFillContext)
                  00002428    000000f4     sysbios.a : Hwi_asm.obj (.text:ti_sysbios_family_arm_m3_Hwi_dispatch)
                  0000251c    000000f0     driverlib.lib : sys_ctrl.obj (.text:NOROM_SysCtrlStandby)
                  0000260c    000000f0     rf_multiMode_cc13x2.a : RFCC26X2_multiMode.c.cc13x2.ccs.o (.text:RF_fsmPowerUpState)
                  000026fc    000000e8     drivers_cc13x2.a : GPIOCC26XX.oem4f (.text:GPIO_init)
                  000027e4    000000e4     rf_multiMode_cc13x2.a : RFCC26X2_multiMode.c.cc13x2.ccs.o (.text:RF_postCmd)
                  000028c8    000000e4     drivers_cc13x2.a : PowerCC26X2.oem4f (.text:configureXOSCHF)
                  000029ac    000000d8     rf_multiMode_cc13x2.a : RFCC26X2_multiMode.c.cc13x2.ccs.o (.text:RF_pendCmd)
                  00002a84    000000d2                           : RFCC26X2_multiMode.c.cc13x2.ccs.o (.text:RF_updatePaConfiguration)
                  00002b56    00000002     ti_sysbios_config.obj (.text:BIOS_nullFunc)
                  00002b58    000000cc     rf_multiMode_cc13x2.a : RFCC26X2_multiMode.c.cc13x2.ccs.o (.text:RF_swiHw)
                  00002c24    000000c4     ti_sysbios_config.obj (.text:ti_sysbios_knl_Semaphore_pend)
                  00002ce8    000000c0     drivers_cc13x2.a : PowerCC26X2.oem4f (.text:Power_releaseDependency)
                  00002da8    000000c0     ti_sysbios_config.obj (.text:ti_sysbios_knl_Task_Instance_init)
                  00002e68    000000bc     driverlib.lib : setup.obj (.text:NOROM_SetupTrimDevice)
                  00002f24    000000bc     rf_multiMode_cc13x2.a : RFCC26X2_multiMode.c.cc13x2.ccs.o (.text:RF_initRadioSetup)
                  00002fe0    000000b8     drivers_cc13x2.a : PowerCC26X2.oem4f (.text:Power_setDependency)
                  00003098    000000b4     driverlib.lib : setup.obj (.text:TrimAfterColdResetWakeupFromShutDown)
                  0000314c    000000b0     ti_sysbios_config.obj (.text:PowerCC26XX_standbyPolicy)
                  000031fc    000000b0     moveStructsRx.obj (.text:mainThread)
                  000032ac    000000b0     ti_sysbios_config.obj (.text:ti_sysbios_knl_Clock_workFuncDynamic)
                  0000335c    000000b0     ti_sysbios_config.obj (.text:ti_sysbios_knl_Task_setPri)
                  0000340c    000000a4     rf_multiMode_cc13x2.a : RFCC26X2_multiMode.c.cc13x2.ccs.o (.text:RF_ratRestartChannels)
                  000034b0    000000a0                           : RFCC26X2_multiMode.c.cc13x2.ccs.o (.text:RF_cmdDispatchTime)
                  00003550    000000a0     sysbios.a : auto_init.obj (.text)
                  000035f0    0000009c     rtsv7M4_T_le_v4SPD16_eabi.lib : memcpy_t2.asm.obj (.text)
                  0000368c    0000009c     ti_sysbios_config.obj (.text:ti_sysbios_knl_Task_Instance_finalize)
                  00003728    00000098     rf_multiMode_cc13x2.a : RFCC26X2_multiMode.c.cc13x2.ccs.o (.text:RF_calculateDispatchTime)
                  000037c0    00000096     rtsv7M4_T_le_v4SPD16_eabi.lib : ull_div_t2.asm.obj (.text)
                  00003856    00000002     ti_drivers_config.obj (.text:Board_initHook)
                  00003858    00000090     rf_multiMode_cc13x2.a : RFCC26X2_multiMode.c.cc13x2.ccs.o (.text:RF_discardPendCmd)
                  000038e8    0000008c     ti_sysbios_config.obj (.text:ti_sysbios_family_arm_m3_Hwi_initNVIC)
                  00003974    00000088     driverlib.lib : osc.obj (.text:NOROM_OSCHF_AttemptToSwitchToXosc)
                  000039fc    00000088     ti_sysbios_config.obj (.text:ti_sysbios_family_arm_m3_Hwi_Instance_init)
                  00003a84    00000084     drivers_cc13x2.a : PowerCC26X2_calibrateRCOSC_helpers.oem4f (.text:PowerCC26X2_updateSubSecInc)
                  00003b08    00000084     rf_multiMode_cc13x2.a : RFCC26X2_multiMode.c.cc13x2.ccs.o (.text:RF_issueRadioFreeCb)
                  00003b8c    00000084                           : RFCC26X2_multiMode.c.cc13x2.ccs.o (.text:RF_verifyGap)
                  00003c10    00000080     driverlib.lib : chipinfo.obj (.text:NOROM_ChipInfo_GetChipType)
                  00003c90    00000080                   : sys_ctrl.obj (.text:NOROM_SysCtrlSetRechargeBeforePowerDown)
                  00003d10    00000080     ti_sysbios_config.obj (.text:ti_sysbios_knl_Idle_init)
                  00003d90    00000080     ti_sysbios_config.obj (.text:ti_sysbios_knl_Task_checkStacks)
                  00003e10    0000007c     drivers_cc13x2.a : GPIOCC26XX.oem4f (.text:GPIO_setConfig)
                  00003e8c    0000007c     rf_multiMode_cc13x2.a : RFCC26X2_multiMode.c.cc13x2.ccs.o (.text:RF_ratFreeChannel)
                  00003f08    0000007c     ti_sysbios_config.obj (.text:_pthread_removeThreadKeys)
                  00003f84    0000007a     rtsv7M4_T_le_v4SPD16_eabi.lib : memset_t2.asm.obj (.text)
                  00003ffe    00000002     drivers_cc13x2.a : LED.oem4f (.text:LED_init)
                  00004000    00000078                      : PowerCC26X2_calibrateRCOSC.oem4f (.text:PowerCC26X2_auxISR)
                  00004078    00000078     rf_multiMode_cc13x2.a : rf_patch_cpe_multi_protocol.c.cc13x2.ccs.o (.text:configureMultiProtocolPatch)
                  000040f0    00000078     ti_sysbios_config.obj (.text:ti_sysbios_knl_Task_postInit)
                  00004168    00000074     ti_sysbios_config.obj (.text:ti_sysbios_heaps_HeapMem_allocUnprotected)
                  000041dc    00000074     ti_sysbios_config.obj (.text:ti_sysbios_knl_Clock_startI)
                  00004250    00000074     ti_sysbios_config.obj (.text:ti_sysbios_knl_Swi_restoreHwi)
                  000042c4    00000072     rf_multiMode_cc13x2.a : RFCC26X2_multiMode.c.cc13x2.ccs.o (.text:RF_detachOverrides)
                  00004336    00000070                           : rfc.c.cc13x2.ccs.o (.text:NOROM_RFCAnaDivTxOverride)
                  000043a6    00000002                           : rfc.c.cc13x2.ccs.o (.text:NOROM_RFCCpePatchReset)
                  000043a8    00000070                           : RFCC26X2_multiMode.c.cc13x2.ccs.o (.text:RF_getCurrentTime)
                  00004418    0000006e                           : RFCC26X2_multiMode.c.cc13x2.ccs.o (.text:RF_attachOverrides)
                  00004486    0000006e                           : RFCC26X2_multiMode.c.cc13x2.ccs.o (.text:RF_howToSchedule)
                  000044f4    0000006c                           : RFCC26X2_multiMode.c.cc13x2.ccs.o (.text:RF_dispatchNextEvent)
                  00004560    0000006c     ti_sysbios_config.obj (.text:ti_sysbios_knl_Clock_walkQueueDynamic)
                  000045cc    0000006c     ti_sysbios_config.obj (.text:ti_sysbios_knl_Swi_run)
                  00004638    0000006c     ti_sysbios_config.obj (.text:ti_sysbios_knl_Task_schedule)
                  000046a4    00000068     driverlib.lib : osc.obj (.text:NOROM_OSCHF_SwitchToRcOscTurnOffXosc)
                  0000470c    00000068     rf_multiMode_cc13x2.a : RFCC26X2_multiMode.c.cc13x2.ccs.o (.text:RF_hwiHw)
                  00004774    00000068     rtsv7M4_T_le_v4SPD16_eabi.lib : copy_decompress_lzss.c.obj (.text:decompress:lzss:__TI_decompress_lzss)
                  000047dc    00000068     ti_sysbios_config.obj (.text:ti_sysbios_knl_Task_startup)
                  00004844    00000064     ti_sysbios_config.obj (.text:ti_sysbios_knl_Clock_init)
                  000048a8    00000062     rf_multiMode_cc13x2.a : RFCC26X2_multiMode.c.cc13x2.ccs.o (.text:RF_syncCb)
                  0000490a    00000002                           : RFCC26X2_multiMode.c.cc13x2.ccs.o (.text:RF_defaultCallback)
                  0000490c    00000060                           : RFCC26X2_multiMode.c.cc13x2.ccs.o (.text:RF_applyRfCorePatch)
                  0000496c    00000060     main_tirtos.obj (.text:main)
                  000049cc    0000005c     driverlib.lib : prcm.obj (.text:NOROM_PRCMPowerDomainsAllOff)
                  00004a28    0000005c     rf_multiMode_cc13x2.a : RFCC26X2_multiMode.c.cc13x2.ccs.o (.text:RF_hwiCpe0PowerFsm)
                  00004a84    0000005c     ti_sysbios_config.obj (.text:ti_sysbios_family_arm_m3_Hwi_postInit)
                  00004ae0    0000005c     ti_sysbios_config.obj (.text:ti_sysbios_knl_Swi_Instance_init)
                  00004b3c    0000005c     ti_sysbios_config.obj (.text:ti_sysbios_knl_Swi_schedule)
                  00004b98    00000058     drivers_cc13x2.a : PowerCC26X2_calibrateRCOSC.oem4f (.text:PowerCC26X2_initiateCalibration)
                  00004bf0    00000058     ti_sysbios_config.obj (.text:pthread_exit)
                  00004c48    00000058     sysbios.a : boot.obj (.text)
                  00004ca0    00000058     ti_sysbios_config.obj (.text:ti_sysbios_family_arm_m3_Hwi_dispatchC)
                  00004cf8    00000058     ti_sysbios_config.obj (.text:ti_sysbios_family_arm_m3_Hwi_excHandlerMin)
                  00004d50    00000058     sysbios.a : Hwi_asm_switch.obj (.text:ti_sysbios_family_arm_m3_Hwi_initStacks)
                  00004da8    00000058     ti_sysbios_config.obj (.text:ti_sysbios_heaps_HeapMem_freeUnprotected)
                  00004e00    00000058     ti_sysbios_config.obj (.text:ti_sysbios_knl_Semaphore_post)
                  00004e58    00000058     ti_sysbios_config.obj (.text:ti_sysbios_knl_Swi_runLoop)
                  00004eb0    00000056     ti_drivers_config.obj (.text:Board_sendExtFlashByte)
                  00004f06    00000056     drivers_cc13x2.a : LED.oem4f (.text:LED_startBlinking)
                  00004f5c    00000056     rf_multiMode_cc13x2.a : RFCC26X2_multiMode.c.cc13x2.ccs.o (.text:RF_defaultSubmitPolicy)
                  00004fb2    00000002     rtsv7M4_T_le_v4SPD16_eabi.lib : _lock.c.obj (.text:_nop)
                  00004fb4    00000054     ti_drivers_config.obj (.text:Board_shutDownExtFlash)
                  00005008    00000054     rf_multiMode_cc13x2.a : RFCC26X2_multiMode.c.cc13x2.ccs.o (.text:RF_fsmXOSCState)
                  0000505c    00000054     ti_sysbios_config.obj (.text:ti_sysbios_family_arm_cc26xx_Timer_dynamicMultiStub)
                  000050b0    00000050     drivers_cc13x2.a : GPIOCC26XX.oem4f (.text:GPIO_hwiIntFxn)
                  00005100    0000004c     ti_sysbios_config.obj (.text:BIOS_init)
                  0000514c    0000004c     driverlib.lib : prcm.obj (.text:NOROM_PRCMPowerDomainsAllOn)
                  00005198    0000004c     rf_multiMode_cc13x2.a : RFCC26X2_multiMode.c.cc13x2.ccs.o (.text:RF_wakeupNotification)
                  000051e4    0000004c     ti_sysbios_config.obj (.text:SwiP_construct)
                  00005230    0000004c     rtsv7M4_T_le_v4SPD16_eabi.lib : cpy_tbl.c.obj (.text:copy_in)
                  0000527c    0000004c     drivers_cc13x2.a : PowerCC26X2.oem4f (.text:switchXOSCHF)
                  000052c8    0000004c     ti_sysbios_config.obj (.text:ti_sysbios_heaps_HeapMem_Instance_init)
                  00005314    0000004c     ti_sysbios_config.obj (.text:ti_sysbios_knl_Swi_post)
                  00005360    00000048     rf_multiMode_cc13x2.a : rfc.c.cc13x2.ccs.o (.text:NOROM_RFCSynthPowerDown)
                  000053a8    00000048     drivers_cc13x2.a : PowerCC26X2.oem4f (.text:PowerCC26XX_switchXOSC_HF)
                  000053f0    00000048                      : PowerCC26X2_calibrateRCOSC.oem4f (.text:calibrateRcoscHf2)
                  00005438    00000048     ti_sysbios_config.obj (.text:ti_sysbios_family_arm_m3_Hwi_disableInterrupt)
                  00005480    00000048     ti_sysbios_config.obj (.text:ti_sysbios_heaps_HeapMem_alloc)
                  000054c8    00000044     ti_sysbios_config.obj (.text:BIOS_startFunc)
                  0000550c    00000044     driverlib.lib : chipinfo.obj (.text:NOROM_ChipInfo_GetHwRevision)
                  00005550    00000044     drivers_cc13x2.a : PWM.oem4f (.text:PWM_init)
                  00005594    00000044     ti_sysbios_config.obj (.text:ti_sysbios_family_arm_cc26xx_Timer_start)
                  000055d8    00000044     ti_sysbios_config.obj (.text:ti_sysbios_family_arm_m3_Hwi_enableInterrupt)
                  0000561c    00000044     ti_sysbios_config.obj (.text:ti_sysbios_family_arm_m3_Hwi_getStackInfo)
                  00005660    00000044     ti_sysbios_config.obj (.text:ti_sysbios_heaps_HeapMem_getStats)
                  000056a4    00000040     ti_sysbios_config.obj (.text:HwiP_construct)
                  000056e4    00000040     driverlib.lib : osc.obj (.text:NOROM_OSC_HPOSCRelativeFrequencyOffsetGet)
                  00005724    00000040     drivers_cc13x2.a : PWM.oem4f (.text:PWM_open)
                  00005764    00000040                      : PowerCC26X2_calibrateRCOSC.oem4f (.text:PowerCC26X2_RCOSC_clockFunc)
                  000057a4    00000040                      : PowerCC26X2_helpers.oem4f (.text:PowerCC26X2_oscDisableQualifiers)
                  000057e4    00000040                      : PowerCC26X2_calibrateRCOSC_helpers.oem4f (.text:PowerCC26X2_setAclkRefSrc)
                  00005824    00000040                      : PowerCC26X2.oem4f (.text:PowerCC26XX_isStableXOSC_HF)
                  00005864    00000040     rf_multiMode_cc13x2.a : RFCC26X2_multiMode.c.cc13x2.ccs.o (.text:RF_updatePowerupDuration)
                  000058a4    00000040     ti_sysbios_config.obj (.text:ti_sysbios_family_arm_cc26xx_Timer_setThreshold)
                  000058e4    00000040     ti_sysbios_config.obj (.text:ti_sysbios_knl_Task_blockI)
                  00005924    0000003e     drivers_cc13x2.a : LED.oem4f (.text:LED_setBrightnessLevel)
                  00005962    0000003e                      : LED.oem4f (.text:clockTimeoutHandler)
                  000059a0    0000003e     EasyLink.obj (.text:createTxAdvFromTx)
                  000059de    00000002     drivers_cc13x2.a : PowerCC26X2.oem4f (.text:emptyClockFunc)
                  000059e0    0000003c     driverlib.lib : osc.obj (.text:InternCapArrayAdjustWithBaseline7001F)
                  00005a1c    0000003c     drivers_cc13x2.a : LED.oem4f (.text:LED_setOff)
                  00005a58    0000003c                      : PowerCC26X2_calibrateRCOSC_helpers.oem4f (.text:PowerCC26X2_setTdcClkSrc24M)
                  00005a94    0000003c     rf_multiMode_cc13x2.a : RFCC26X2_multiMode.c.cc13x2.ccs.o (.text:RF_cmdGet)
                  00005ad0    0000003c                           : RFCC26X2_multiMode.c.cc13x2.ccs.o (.text:RF_cmdStoreEvents)
                  00005b0c    0000003c     ti_sysbios_config.obj (.text:ti_sysbios_family_arm_m3_Hwi_construct2)
                  00005b48    0000003c     ti_sysbios_config.obj (.text:ti_sysbios_knl_ClockSupport_init)
                  00005b84    0000003c     ti_sysbios_config.obj (.text:ti_sysbios_knl_Task_exit)
                  00005bc0    00000038     ti_sysbios_config.obj (.text:ClockP_create)
                  00005bf8    00000038     rf_multiMode_cc13x2.a : RFCC26X2_multiMode.c.cc13x2.ccs.o (.text:RF_checkCmdFsError)
                  00005c30    00000038     drivers_cc13x2.a : PowerCC26X2.oem4f (.text:notify)
                  00005c68    00000038     ti_sysbios_config.obj (.text:ti_sysbios_family_arm_m3_Hwi_init)
                  00005ca0    00000038     ti_sysbios_config.obj (.text:ti_sysbios_heaps_HeapMem_construct)
                  00005cd8    00000038     ti_sysbios_config.obj (.text:ti_sysbios_knl_Swi_restore)
                  00005d10    00000038     ti_sysbios_config.obj (.text:ti_sysbios_knl_Task_processVitalTaskFlag)
                  00005d48    00000038     ti_sysbios_config.obj (.text:ti_sysbios_runtime_Memory_alloc)
                  00005d80    00000038     ti_sysbios_config.obj (.text:ti_sysbios_runtime_Startup_exec)
                  00005db8    00000036     drivers_cc13x2.a : LED.oem4f (.text:LED_setOn)
                  00005dee    00000002     rtsv7M4_T_le_v4SPD16_eabi.lib : div0.asm.obj (.text)
                  00005df0    00000034     ti_sysbios_config.obj (.text:ClockP_construct)
                  00005e24    00000034     driverlib.lib : aux_sysif.obj (.text:NOROM_AUXSYSIFOpModeChange)
                  00005e58    00000034                   : sys_ctrl.obj (.text:NOROM_SysCtrlIdle)
                  00005e8c    00000034     rf_multiMode_cc13x2.a : RFCC26X2_multiMode.c.cc13x2.ccs.o (.text:RF_powerConstraintRelease)
                  00005ec0    00000034     rtsv7M4_T_le_v4SPD16_eabi.lib : rand.c.obj (.text:rand)
                  00005ef4    00000034     ti_sysbios_config.obj (.text:ti_sysbios_family_arm_m3_Hwi_Instance_finalize)
                  00005f28    00000034     ti_sysbios_config.obj (.text:ti_sysbios_knl_Task_create)
                  00005f5c    00000034     ti_sysbios_config.obj (.text:ti_sysbios_knl_Task_unblockI)
                  00005f90    00000034     ti_sysbios_config.obj (.text:ti_sysbios_runtime_System_atexit)
                  00005fc4    00000032     ti_sysbios_config.obj (.text:ti_sysbios_family_arm_cc26xx_Timer_setNextTick)
                  00005ff6    00000002     ti_sysbios_config.obj (.text:ti_sysbios_runtime_SysCallback_defaultAbort)
                  00005ff8    00000030     ti_sysbios_config.obj (.text:BIOS_atExitFunc)
                  00006028    00000030     ti_drivers_config.obj (.text:Board_wakeUpExtFlash)
                  00006058    00000030     drivers_cc13x2.a : GPIO.oem4f (.text:GPIO_resetConfig)
                  00006088    00000030     ti_sysbios_config.obj (.text:MemAlloc_alloc)
                  000060b8    00000030     drivers_cc13x2.a : PowerCC26X2.oem4f (.text:Power_releaseConstraint)
                  000060e8    00000030                      : PowerCC26X2.oem4f (.text:Power_setConstraint)
                  00006118    00000030     driverlib.lib : osc.obj (.text:SpecialCapArrayWorkaroundEnabledAndNeeded)
                  00006148    00000030     rf_multiMode_cc13x2.a : rf_patch_cpe_multi_protocol.c.cc13x2.ccs.o (.text:applyMultiProtocolPatch)
                  00006178    00000030     ti_sysbios_config.obj (.text:ti_sysbios_family_arm_cc26xx_Timer_getCurrentTick)
                  000061a8    00000030     ti_sysbios_config.obj (.text:ti_sysbios_heaps_HeapMem_free)
                  000061d8    00000030     ti_sysbios_config.obj (.text:ti_sysbios_knl_Clock_Instance_init)
                  00006208    00000030     ti_sysbios_config.obj (.text:ti_sysbios_knl_Clock_getTicksUntilInterrupt)
                  00006238    00000030     ti_sysbios_config.obj (.text:ti_sysbios_knl_TaskSupport_start)
                  00006268    00000030     ti_sysbios_config.obj (.text:ti_sysbios_knl_Task_restore)
                  00006298    0000002e     rf_multiMode_cc13x2.a : RFCC26X2_multiMode.c.cc13x2.ccs.o (.text:RF_queueEnd)
                  000062c6    0000002e     ti_sysbios_config.obj (.text:pthread_setcancelstate)
                  000062f4    0000002e     ti_sysbios_config.obj (.text:ti_sysbios_family_arm_m3_Hwi_initStack)
                  00006322    00000002     ti_sysbios_config.obj (.text:ti_sysbios_runtime_System_abortSpin)
                  00006324    0000002c     rf_multiMode_cc13x2.a : RFCC26X2_multiMode.c.cc13x2.ccs.o (.text:RF_executeDirectImmediateCmd)
                  00006350    0000002c     ti_sysbios_config.obj (.text:ti_sysbios_knl_Semaphore_pendTimeout)
                  0000637c    0000002c     ti_sysbios_config.obj (.text:ti_sysbios_runtime_System_processAtExit)
                  000063a8    0000002a     drivers_cc13x2.a : List.oem4f (.text:List_insert)
                  000063d2    0000002a     rf_multiMode_cc13x2.a : RFCC26X2_multiMode.c.cc13x2.ccs.o (.text:RF_searchAndReplacePAOverride)
                  000063fc    0000002a     ti_sysbios_config.obj (.text:ti_sysbios_gates_GateMutex_enter)
                  00006426    0000002a     ti_sysbios_config.obj (.text:ti_sysbios_knl_Clock_getTimeout)
                  00006450    00000028     ti_sysbios_config.obj (.text:BIOS_rtsLock)
                  00006478    00000028     rf_multiMode_cc13x2.a : rfc.c.cc13x2.ccs.o (.text:NOROM_RFCOverrideSearch)
                  000064a0    00000028     drivers_cc13x2.a : PowerCC26X2.oem4f (.text:Power_registerNotify)
                  000064c8    00000028     rf_multiMode_cc13x2.a : RFCC26X2_multiMode.c.cc13x2.ccs.o (.text:RF_calculateDeltaTimeUs)
                  000064f0    00000028                           : RFCC26X2_multiMode.c.cc13x2.ccs.o (.text:RF_runCmd)
                  00006518    00000028                           : RFCC26X2_multiMode.c.cc13x2.ccs.o (.text:RF_runScheduleCmd)
                  00006540    00000028     drivers_cc13x2.a : PowerCC26X2.oem4f (.text:oscillatorISR)
                  00006568    00000028     ti_sysbios_config.obj (.text:ti_sysbios_family_arm_m3_Hwi_construct)
                  00006590    00000028     sysbios.a : Hwi_asm.obj (.text:ti_sysbios_family_arm_m3_Hwi_excHandlerAsm)
                  000065b8    00000028     ti_sysbios_config.obj (.text:ti_sysbios_gates_GateMutex_Instance_init)
                  000065e0    00000028     ti_sysbios_config.obj (.text:ti_sysbios_knl_Semaphore_Instance_init)
                  00006608    00000028     ti_sysbios_config.obj (.text:ti_sysbios_knl_Swi_init)
                  00006630    00000028     ti_sysbios_config.obj (.text:ti_sysbios_knl_Task_init)
                  00006658    00000028     ti_sysbios_config.obj (.text:ti_sysbios_knl_Task_restoreHwi)
                  00006680    00000028     drivers_cc13x2.a : GPIOCC26XX.oem4f (.text:writePinmask64)
                  000066a8    00000026                      : List.oem4f (.text:List_put)
                  000066ce    00000026                      : List.oem4f (.text:List_putHead)
                  000066f4    00000026                      : List.oem4f (.text:List_remove)
                  0000671a    00000026                      : PowerCC26X2.oem4f (.text:disableLFClockQualifiers)
                  00006740    00000026     sysbios.a : Hwi_asm.obj (.text:ti_sysbios_family_arm_m3_Hwi_pendSV)
                  00006766    00000002     ti_sysbios_config.obj (.text:ti_sysbios_runtime_System_exitSpin)
                  00006768    00000024     ti_sysbios_config.obj (.text:BIOS_registerRTSLock)
                  0000678c    00000024     driverlib.lib : osc.obj (.text:NOROM_OSCHF_TurnOnXosc)
                  000067b0    00000024                   : osc.obj (.text:NOROM_OSC_CapArrayAdjustWorkaround_Boot)
                  000067d4    00000024     rf_multiMode_cc13x2.a : rfc.c.cc13x2.ccs.o (.text:NOROM_RFCDoorbellSendTo)
                  000067f8    00000024     drivers_cc13x2.a : PowerCC26X2_calibrateRCOSC_helpers.oem4f (.text:PowerCC26X2_writeCtrim)
                  0000681c    00000024                      : PowerCC26X2_calibrateRCOSC_helpers.oem4f (.text:PowerCC26X2_writeCtrimFract)
                  00006840    00000024                      : PowerCC26X2_calibrateRCOSC_helpers.oem4f (.text:PowerCC26X2_writeCtrimFractEn)
                  00006864    00000024                      : PowerCC26X2_calibrateRCOSC_helpers.oem4f (.text:PowerCC26X2_writeRtrim)
                  00006888    00000024     rf_multiMode_cc13x2.a : RFCC26X2_multiMode.c.cc13x2.ccs.o (.text:RF_cmdAlloc)
                  000068ac    00000024                           : RFCC26X2_multiMode.c.cc13x2.ccs.o (.text:RF_invokeGlobalCallback)
                  000068d0    00000024     ti_sysbios_config.obj (.text:_pthread_cleanupFxn)
                  000068f4    00000024     ti_sysbios_config.obj (.text:_pthread_delete)
                  00006918    00000024     drivers_cc13x2.a : PowerCC26X2_calibrateRCOSC.oem4f (.text:getTdcSemaphore)
                  0000693c    00000024     ti_sysbios_config.obj (.text:pthread_attr_init)
                  00006960    00000024     ti_sysbios_config.obj (.text:ti_sysbios_family_arm_cc26xx_Timer_getMaxTicks)
                  00006984    00000024     ti_sysbios_config.obj (.text:ti_sysbios_family_arm_m3_Hwi_setPriority)
                  000069a8    00000024     ti_sysbios_config.obj (.text:ti_sysbios_knl_Task_allBlockedFunction)
                  000069cc    00000024     ti_sysbios_config.obj (.text:ti_sysbios_knl_Task_destruct)
                  000069f0    00000024     ti_sysbios_config.obj (.text:ti_sysbios_knl_Task_enter)
                  00006a14    00000024     ti_sysbios_config.obj (.text:ti_sysbios_runtime_Error_raiseX)
                  00006a38    00000022     drivers_cc13x2.a : LED.oem4f (.text:LED_stopBlinking)
                  00006a5a    00000022                      : List.oem4f (.text:List_get)
                  00006a7c    00000020     ti_sysbios_config.obj (.text:BIOS_removeRTSLock)
                  00006a9c    00000020     ti_sysbios_config.obj (.text:BIOS_rtsUnlock)
                  00006abc    00000020     drivers_cc13x2.a : PowerCC26X2_helpers.oem4f (.text:PowerCC26X2_disableTCXOQual)
                  00006adc    00000020                      : PowerCC26X2_helpers.oem4f (.text:PowerCC26X2_enableTCXOQual)
                  00006afc    00000020                      : PowerCC26X2.oem4f (.text:Power_unregisterNotify)
                  00006b1c    00000020     rf_multiMode_cc13x2.a : RFCC26X2_multiMode.c.cc13x2.ccs.o (.text:RF_clkPowerUp)
                  00006b3c    00000020                           : RFCC26X2_multiMode.c.cc13x2.ccs.o (.text:RF_hwiCpe0ChangePhy)
                  00006b5c    00000020                           : RFCC26X2_multiMode.c.cc13x2.ccs.o (.text:RF_isStateTransitionAllowed)
                  00006b7c    00000020                           : RFCC26X2_multiMode.c.cc13x2.ccs.o (.text:RF_ratIsRunning)
                  00006b9c    00000020     ti_sysbios_config.obj (.text:SemaphoreP_constructBinary)
                  00006bbc    00000020     dataFormat.obj (.text:deserializeCommand)
                  00006bdc    00000020     dataFormat.obj (.text:deserializeSensorData)
                  00006bfc    00000020     ti_sysbios_config.obj (.text:ti_sysbios_knl_Clock_create)
                  00006c1c    00000020     ti_sysbios_config.obj (.text:ti_sysbios_knl_Task_construct)
                  00006c3c    0000001e     drivers_cc13x2.a : PowerCC26X2.oem4f (.text:Power_getTransitionLatency)
                  00006c5a    0000001e                      : LED.oem4f (.text:msToTicks)
                  00006c78    0000001e     sysbios.a : Hwi_asm_switch.obj (.text:ti_sysbios_family_arm_m3_Hwi_switchAndRunFunc)
                  00006c96    0000001e     ti_sysbios_config.obj (.text:ti_sysbios_knl_Semaphore_create)
                  00006cb4    0000001e     ti_sysbios_config.obj (.text:ti_sysbios_knl_Semaphore_destruct)
                  00006cd2    00000002     --HOLE-- [fill = 0]
                  00006cd4    0000001c     drivers_cc13x2.a : GPIOCC26XX.oem4f (.text:GPIO_disableInt)
                  00006cf0    0000001c                      : GPIO.oem4f (.text:GPIO_setCallback)
                  00006d0c    0000001c     driverlib.lib : chipinfo.obj (.text:NOROM_ChipInfo_GetChipFamily)
                  00006d28    0000001c     rf_multiMode_cc13x2.a : RFCC26X2_multiMode.c.cc13x2.ccs.o (.text:RF_ScheduleCmdParams_init)
                  00006d44    0000001c                           : RFCC26X2_multiMode.c.cc13x2.ccs.o (.text:RF_clkInactivityCallback)
                  00006d60    0000001c                           : RFCC26X2_multiMode.c.cc13x2.ccs.o (.text:RF_getPAOverrideOffsetAndValue)
                  00006d7c    0000001c                           : RFCC26X2_multiMode.c.cc13x2.ccs.o (.text:RF_powerConstraintSet)
                  00006d98    0000001c     ti_sysbios_config.obj (.text:ti_sysbios_knl_Clock_scheduleNextTick)
                  00006db4    0000001c     ti_sysbios_config.obj (.text:ti_sysbios_knl_Queue_put)
                  00006dd0    0000001c     sysbios.a : TaskSupport_asm.obj (.text:ti_sysbios_knl_TaskSupport_swap)
                  00006dec    0000001a     drivers_cc13x2.a : LED.oem4f (.text:LED_toggle)
                  00006e06    0000001a                      : PowerCC26X2.oem4f (.text:PowerCC26XX_calibrate)
                  00006e20    0000001a     ti_sysbios_config.obj (.text:ti_sysbios_knl_Task_delete)
                  00006e3a    00000002     --HOLE-- [fill = 0]
                  00006e3c    00000018     ti_sysbios_config.obj (.text:PowerCC26XX_schedulerDisable)
                  00006e54    00000018     ti_sysbios_config.obj (.text:PowerCC26XX_schedulerRestore)
                  00006e6c    00000018     drivers_cc13x2.a : PowerCC26X2.oem4f (.text:Power_idleFunc)
                  00006e84    00000018     rf_multiMode_cc13x2.a : RFCC26X2_multiMode.c.cc13x2.ccs.o (.text:RF_swiFsm)
                  00006e9c    00000018     rtsv7M4_T_le_v4SPD16_eabi.lib : args_main.c.obj (.text:_args_main)
                  00006eb4    00000018                                   : ll_mul_t2.asm.obj (.text)
                  00006ecc    00000018     ti_sysbios_config.obj (.text:ti_sysbios_family_arm_m3_Hwi_plug)
                  00006ee4    00000018     ti_sysbios_config.obj (.text:ti_sysbios_family_arm_m3_Hwi_switchFromBootStack)
                  00006efc    00000018     ti_sysbios_config.obj (.text:ti_sysbios_knl_Clock_getTicks)
                  00006f14    00000018     ti_sysbios_config.obj (.text:ti_sysbios_knl_Idle_run)
                  00006f2c    00000018     ti_sysbios_config.obj (.text:ti_sysbios_knl_Swi_construct)
                  00006f44    00000018     ti_sysbios_config.obj (.text:ti_sysbios_knl_Swi_destruct)
                  00006f5c    00000018     ti_sysbios_config.obj (.text:ti_sysbios_knl_Swi_or)
                  00006f74    00000018     ti_sysbios_config.obj (.text:ti_sysbios_knl_Task_unblock)
                  00006f8c    00000016     ti_sysbios_config.obj (.text:BIOS_exitFunc)
                  00006fa2    00000016     ti_sysbios_config.obj (.text:HwiP_setFunc)
                  00006fb8    00000016     driverlib.lib : chipinfo.obj (.text:NOROM_ThisLibraryIsFor_CC13x2_CC26x2_HwRev20AndLater_HaltIfViolated)
                  00006fce    00000016     drivers_cc13x2.a : PowerCC26X2_helpers.oem4f (.text:PowerCC26X2_oschfTrySwitchToXosc)
                  00006fe4    00000016     rf_multiMode_cc13x2.a : RFCC26X2_multiMode.c.cc13x2.ccs.o (.text:RF_restartClockTimeout)
                  00006ffa    00000016     ti_sysbios_config.obj (.text:ti_sysbios_knl_Clock_Instance_finalize)
                  00007010    00000016     ti_sysbios_config.obj (.text:ti_sysbios_knl_Clock_start)
                  00007026    00000002     --HOLE-- [fill = 0]
                  00007028    00000014     ti_sysbios_config.obj (.text:BIOS_setThreadType)
                  0000703c    00000014     ti_drivers_config.obj (.text:Board_init)
                  00007050    00000014     drivers_cc13x2.a : GPIO.oem4f (.text:GPIO_setUserArg)
                  00007064    00000014                      : GPIOCC26XX.oem4f (.text:GPIO_write)
                  00007078    00000014                      : List.oem4f (.text:List_clearList)
                  0000708c    00000014     rf_multiMode_cc13x2.a : rfc.c.cc13x2.ccs.o (.text:NOROM_RFCCpeIntGetAndClear)
                  000070a0    00000014     drivers_cc13x2.a : PWM.oem4f (.text:PWM_Params_init)
                  000070b4    00000014                      : PowerCC26X2_calibrateRCOSC.oem4f (.text:PowerCC26X2_calibrate)
                  000070c8    00000014                      : PowerCC26X2_helpers.oem4f (.text:PowerCC26X2_oscClockSourceGet)
                  000070dc    00000014     rf_multiMode_cc13x2.a : RFCC26X2_multiMode.c.cc13x2.ccs.o (.text:RF_Params_init)
                  000070f0    00000014                           : RFCC26X2_multiMode.c.cc13x2.ccs.o (.text:RF_dbellSyncOnAck)
                  00007104    00000014                           : RFCC26X2_multiMode.c.cc13x2.ccs.o (.text:RF_ratGetChannel)
                  00007118    00000014                           : rf_patch_cpe_multi_protocol.c.cc13x2.ccs.o (.text:enterMultiProtocolCpeHdPatch)
                  0000712c    00000014     ti_sysbios_config.obj (.text:pthread_attr_setschedparam)
                  00007140    00000014     ti_sysbios_config.obj (.text:ti_sysbios_family_arm_cc26xx_Timer_dynamicStub)
                  00007154    00000014     ti_sysbios_config.obj (.text:ti_sysbios_knl_Clock_construct)
                  00007168    00000014     ti_sysbios_config.obj (.text:ti_sysbios_knl_Semaphore_construct)
                  0000717c    00000014     ti_sysbios_config.obj (.text:ti_sysbios_knl_Swi_construct2)
                  00007190    00000014     ti_sysbios_config.obj (.text:ti_sysbios_knl_Swi_disable)
                  000071a4    00000014     ti_sysbios_config.obj (.text:ti_sysbios_knl_Swi_enabled)
                  000071b8    00000014     ti_sysbios_config.obj (.text:ti_sysbios_knl_Task_disable)
                  000071cc    00000014     ti_sysbios_config.obj (.text:ti_sysbios_runtime_Error_init)
                  000071e0    00000014     ti_sysbios_config.obj (.text:ti_sysbios_runtime_Memory_free)
                  000071f4    00000014     ti_sysbios_config.obj (.text:ti_sysbios_runtime_System_init)
                  00007208    00000012     drivers_cc13x2.a : LED.oem4f (.text:LED_Params_init)
                  0000721a    00000012     ti_sysbios_config.obj (.text:SemaphoreP_pend)
                  0000722c    00000012     ti_sysbios_config.obj (.text:_pthread_cleanup_pop)
                  0000723e    00000012     ti_sysbios_config.obj (.text:_pthread_runStub)
                  00007250    00000012     ti_sysbios_config.obj (.text:ti_sysbios_family_arm_cc26xx_Timer_postInit)
                  00007262    00000012     ti_sysbios_config.obj (.text:ti_sysbios_runtime_System_abort)
                  00007274    00000010     ti_sysbios_config.obj (.text:BIOS_exit)
                  00007284    00000010     ti_sysbios_config.obj (.text:BIOS_start)
                  00007294    00000010     EasyLink.obj (.text:EasyLink_Params_init)
                  000072a4    00000010     ti_sysbios_config.obj (.text:HwiP_Params_init)
                  000072b4    00000010     rf_multiMode_cc13x2.a : rfc.c.cc13x2.ccs.o (.text:NOROM_RFCHwIntGetAndClear)
                  000072c4    00000010     drivers_cc13x2.a : PowerCC26X2_helpers.oem4f (.text:PRCMCacheRetentionEnable)
                  000072d4    00000010                      : PowerCC26X2_helpers.oem4f (.text:PowerCC26X2_oscCtlClearXtal)
                  000072e4    00000010                      : PowerCC26X2_calibrateRCOSC_helpers.oem4f (.text:PowerCC26X2_readCtrim)
                  000072f4    00000010                      : PowerCC26X2_calibrateRCOSC_helpers.oem4f (.text:PowerCC26X2_readCtrimFract)
                  00007304    00000010                      : PowerCC26X2_calibrateRCOSC_helpers.oem4f (.text:PowerCC26X2_readRtrim)
                  00007314    00000010                      : PowerCC26X2_helpers.oem4f (.text:PowerCC26X2_switchToTCXO)
                  00007324    00000010                      : PowerCC26X2_helpers.oem4f (.text:PowerCC26X2_sysCtrlVoltageConditionalControl)
                  00007334    00000010     rf_multiMode_cc13x2.a : RFCC26X2_multiMode.c.cc13x2.ccs.o (.text:RF_dbellSubmitCmdAsync)
                  00007344    00000010                           : RFCC26X2_multiMode.c.cc13x2.ccs.o (.text:RF_isClientOwner)
                  00007354    00000010     ti_sysbios_config.obj (.text:SwiP_Params_init)
                  00007364    00000010     ti_sysbios_config.obj (.text:ti_sysbios_family_arm_cc26xx_Timer_getCount64)
                  00007374    00000010     ti_sysbios_config.obj (.text:ti_sysbios_family_arm_cc26xx_TimestampProvider_init)
                  00007384    00000010     ti_sysbios_config.obj (.text:ti_sysbios_family_arm_m3_Hwi_excHandler)
                  00007394    00000010     ti_sysbios_config.obj (.text:ti_sysbios_family_arm_m3_Hwi_getHandle)
                  000073a4    00000010     ti_sysbios_config.obj (.text:ti_sysbios_family_arm_m3_Hwi_post)
                  000073b4    00000010     ti_sysbios_config.obj (.text:ti_sysbios_knl_ClockSupport_getCurrentTick)
                  000073c4    00000010     ti_sysbios_config.obj (.text:ti_sysbios_knl_ClockSupport_setNextTick)
                  000073d4    00000010     ti_sysbios_config.obj (.text:ti_sysbios_knl_Clock_enqueueI)
                  000073e4    00000010     ti_sysbios_config.obj (.text:ti_sysbios_knl_Semaphore_Params_init)
                  000073f4    00000010     sysbios.a : TaskSupport_asm.obj (.text:ti_sysbios_knl_TaskSupport_glue)
                  00007404    0000000e     rf_multiMode_cc13x2.a : RFCC26X2_multiMode.c.cc13x2.ccs.o (.text:RF_getSwitchingTimeInUs)
                  00007412    0000000e     rtsv7M4_T_le_v4SPD16_eabi.lib : copy_decompress_none.c.obj (.text:decompress:none:__TI_decompress_none)
                  00007420    0000000e     ti_sysbios_config.obj (.text:pthread_attr_setdetachstate)
                  0000742e    0000000e     ti_sysbios_config.obj (.text:ti_sysbios_gates_GateMutex_leave)
                  0000743c    0000000e     ti_sysbios_config.obj (.text:ti_sysbios_heaps_HeapMem_restore)
                  0000744a    0000000e     ti_sysbios_config.obj (.text:ti_sysbios_knl_Clock_initI)
                  00007458    0000000e     ti_sysbios_config.obj (.text:ti_sysbios_knl_Queue_empty)
                  00007466    0000000e     ti_sysbios_config.obj (.text:ti_sysbios_knl_Queue_remove)
                  00007474    0000000c     ti_sysbios_config.obj (.text:BIOS_getThreadType)
                  00007480    0000000c     ti_sysbios_config.obj (.text:BIOS_linkedWithIncorrectBootLibrary)
                  0000748c    0000000c     ti_sysbios_config.obj (.text:HwiP_disable)
                  00007498    0000000c     driverlib.lib : cpu.obj (.text:NOROM_CPUcpsid)
                  000074a4    0000000c                   : cpu.obj (.text:NOROM_CPUcpsie)
                  000074b0    0000000c     drivers_cc13x2.a : PowerCC26X2.oem4f (.text:Power_getConstraintMask)
                  000074bc    0000000c                      : PowerCC26X2.oem4f (.text:Power_getDependencyCount)
                  000074c8    0000000c     rf_multiMode_cc13x2.a : RFCC26X2_multiMode.c.cc13x2.ccs.o (.text:RF_powerConstraintGet)
                  000074d4    0000000c     rtsv7M4_T_le_v4SPD16_eabi.lib : _lock.c.obj (.text:_register_lock)
                  000074e0    0000000c                                   : _lock.c.obj (.text:_register_unlock)
                  000074ec    0000000c                                   : copy_zero_init.c.obj (.text:decompress:ZI:__TI_zero_init)
                  000074f8    0000000c     drivers_cc13x2.a : PowerCC26X2.oem4f (.text:switchToTCXO)
                  00007504    0000000c     ti_sysbios_config.obj (.text:ti_sysbios_heaps_HeapMem_init)
                  00007510    0000000c     ti_sysbios_config.obj (.text:ti_sysbios_knl_ClockSupport_getMaxTicks)
                  0000751c    0000000c     ti_sysbios_config.obj (.text:ti_sysbios_knl_Clock_tick)
                  00007528    0000000c     ti_sysbios_config.obj (.text:ti_sysbios_knl_Queue_dequeue)
                  00007534    0000000c     ti_sysbios_config.obj (.text:ti_sysbios_knl_Queue_enqueue)
                  00007540    0000000c     ti_sysbios_config.obj (.text:ti_sysbios_knl_Queue_insert)
                  0000754c    0000000c     ti_sysbios_config.obj (.text:ti_sysbios_knl_Swi_getTrigger)
                  00007558    0000000c     ti_sysbios_config.obj (.text:ti_sysbios_knl_Swi_self)
                  00007564    0000000c     ti_sysbios_config.obj (.text:ti_sysbios_knl_TaskSupport_checkStack)
                  00007570    0000000c     ti_sysbios_config.obj (.text:ti_sysbios_knl_Task_self)
                  0000757c    0000000c     ti_sysbios_config.obj (.text:ti_sysbios_runtime_System_exit)
                  00007588    0000000a     ti_sysbios_config.obj (.text:ClockP_Params_init)
                  00007592    0000000a     drivers_cc13x2.a : PWM.oem4f (.text:PWM_close)
                  0000759c    0000000a                      : PWM.oem4f (.text:PWM_setDuty)
                  000075a6    0000000a                      : PWM.oem4f (.text:PWM_start)
                  000075b0    0000000a                      : PowerCC26X2_helpers.oem4f (.text:PowerCC26X2_sysCtrlStandby)
                  000075ba    0000000a     ti_sysbios_config.obj (.text:pthread_self)
                  000075c4    00000008     ti_sysbios_config.obj (.text:pthread_attr_setstacksize)
                  000075cc    00000008     ti_sysbios_config.obj (.text:ti_sysbios_family_arm_m3_Hwi_doSwiRestore)
                  000075d4    00000008     ti_sysbios_config.obj (.text:ti_sysbios_family_arm_m3_Hwi_startup)
                  000075dc    00000008     ti_sysbios_config.obj (.text:ti_sysbios_knl_Idle_loop)
                  000075e4    00000006     driverlib.lib : cpu.obj (.text:NOROM_CPUdelay)
                  000075ea    00000006     rf_multiMode_cc13x2.a : RFCC26X2_multiMode.c.cc13x2.ccs.o (.text:RF_clkReqAccess)
                  000075f0    00000006     drivers_cc13x2.a : PowerCC26X2.oem4f (.text:delayUs)
                  000075f6    00000006     ti_sysbios_config.obj (.text:ti_sysbios_family_arm_m3_Hwi_destruct)
                  000075fc    00000006     ti_sysbios_config.obj (.text:ti_sysbios_family_arm_m3_Hwi_doTaskRestore)
                  00007602    00000006     ti_sysbios_config.obj (.text:ti_sysbios_family_arm_m3_Hwi_restore)
                  00007608    00000006     ti_sysbios_config.obj (.text:ti_sysbios_knl_Clock_stop)
                  0000760e    00000006     ti_sysbios_config.obj (.text:ti_sysbios_knl_Queue_elemClear)
                  00007614    00000006     ti_sysbios_config.obj (.text:ti_sysbios_knl_Semaphore_Instance_finalize)
                  0000761a    00000006     ti_sysbios_config.obj (.text:ti_sysbios_knl_Swi_startup)
                  00007620    00000004     ti_sysbios_config.obj (.text:CPUwfi)
                  00007624    00000004     ti_sysbios_config.obj (.text:ClockP_destruct)
                  00007628    00000004     ti_sysbios_config.obj (.text:ClockP_getSystemTickPeriod)
                  0000762c    00000004     ti_sysbios_config.obj (.text:ClockP_getTimeout)
                  00007630    00000004     ti_sysbios_config.obj (.text:ClockP_isActive)
                  00007634    00000004     ti_sysbios_config.obj (.text:ClockP_setTimeout)
                  00007638    00000004     ti_sysbios_config.obj (.text:ClockP_start)
                  0000763c    00000004     ti_sysbios_config.obj (.text:ClockP_stop)
                  00007640    00000004     ti_sysbios_config.obj (.text:HwiP_destruct)
                  00007644    00000004     ti_sysbios_config.obj (.text:HwiP_enableInterrupt)
                  00007648    00000004     ti_sysbios_config.obj (.text:HwiP_post)
                  0000764c    00000004     rf_multiMode_cc13x2.a : rfc.c.cc13x2.ccs.o (.text:NOROM_RFCOverrideUpdate)
                  00007650    00000004                           : RFCC26X2_multiMode.c.cc13x2.ccs.o (.text:RF_defaultExecutionPolicy)
                  00007654    00000004     ti_sysbios_config.obj (.text:SemaphoreP_destruct)
                  00007658    00000004     ti_sysbios_config.obj (.text:SemaphoreP_post)
                  0000765c    00000004     ti_sysbios_config.obj (.text:SwiP_destruct)
                  00007660    00000004     ti_sysbios_config.obj (.text:SwiP_disable)
                  00007664    00000004     ti_sysbios_config.obj (.text:SwiP_getTrigger)
                  00007668    00000004     ti_sysbios_config.obj (.text:SwiP_or)
                  0000766c    00000004     drivers_cc13x2.a : PowerCC26X2.oem4f (.text:configureRFCoreClocks)
                  00007670    00000004                      : PowerCC26X2.oem4f (.text:nopResourceHandler)
                  00007674    00000004     ti_sysbios_config.obj (.text:ti_sysbios_heaps_HeapMem_isBlocking)

.const     0    00007678    00001490     
                  00007678    00000ca4     ti_sysbios_config.obj (.const:$O2$$)
                  0000831c    000006ec     rf_multiMode_cc13x2.a : rf_patch_cpe_multi_protocol.c.cc13x2.ccs.o (.const:$O1$$)
                  00008a08    00000054     drivers_cc13x2.a : PowerCC26X2.oem4f (.const:resourceDB)
                  00008a5c    00000020     rf_multiMode_cc13x2.a : RFCC26X2_multiMode.c.cc13x2.ccs.o (.const:RF_defaultParams)
                  00008a7c    00000018     drivers_cc13x2.a : PWM.oem4f (.const:PWM_defaultParams)
                  00008a94    00000014     ti_drivers_config.obj (.const:PowerCC26X2_config)
                  00008aa8    00000010     EasyLink.obj (.const:EasyLink_defaultParams)
                  00008ab8    00000010     ti_drivers_config.obj (.const:GPIO_config)
                  00008ac8    00000010     ti_drivers_config.obj (.const:LED_config)
                  00008ad8    0000000c     ti_drivers_config.obj (.const:RFCC26XX_hwAttrs)
                  00008ae4    00000008     driverlib.lib : aux_sysif.obj (.const:$O1$$)
                  00008aec    00000008     drivers_cc13x2.a : LED.oem4f (.const:LED_defaultParams)
                  00008af4    00000008     ti_sysbios_config.obj (.const:ti_sysbios_knl_Idle_funcList)
                  00008afc    00000007     ti_drivers_config.obj (.const)
                  00008b03    00000004     ti_drivers_config.obj (.const:LEDHWAttrs)
                  00008b07    00000001     ti_easylink_config.obj (.const)

.args      0    00008b08    00000008     
                  00008b08    00000008     --HOLE-- [fill = 0]

MODULE SUMMARY

       Module                                       code    ro data   rw data
       ------                                       ----    -------   -------
    .\
       moveStructsRx.obj                            176     0         160    
       main_tirtos.obj                              96      0         0      
    +--+--------------------------------------------+-------+---------+---------+
       Total:                                       272     0         160    
                                                                             
    .\data\
       dataFormat.obj                               64      0         0      
    +--+--------------------------------------------+-------+---------+---------+
       Total:                                       64      0         0      
                                                                             
    .\easylink\
       EasyLink.obj                                 2030    16        1160   
    +--+--------------------------------------------+-------+---------+---------+
       Total:                                       2030    16        1160   
                                                                             
    .\syscfg\
       ti_sysbios_config.obj                        9412    3304      1985   
       ti_drivers_config.obj                        240     75        556    
       ti_radio_config.obj                          0       0         298    
       ti_devices_config.obj                        0       88        0      
       ti_easylink_config.obj                       0       1         36     
    +--+--------------------------------------------+-------+---------+---------+
       Total:                                       9652    3468      2875   
                                                                             
    F:/ti/ccs1110/simplelink_cc13xx_cc26xx_sdk_6_10_00_29/kernel/tirtos7/packages/ti/sysbios/lib/ccs/m4f/sysbios.a
       Hwi_asm.obj                                  322     0         0      
       auto_init.obj                                160     0         0      
       Hwi_asm_switch.obj                           118     0         0      
       boot.obj                                     88      0         0      
       TaskSupport_asm.obj                          44      0         0      
    +--+--------------------------------------------+-------+---------+---------+
       Total:                                       732     0         0      
                                                                             
    F:/ti/ccs1110/simplelink_cc13xx_cc26xx_sdk_6_10_00_29/source/ti/devices/cc13x2_cc26x2/driverlib/bin/ccs/driverlib.lib
       osc.obj                                      484     0         36     
       sys_ctrl.obj                                 420     0         0      
       setup.obj                                    368     0         0      
       chipinfo.obj                                 246     0         0      
       prcm.obj                                     168     0         0      
       aux_sysif.obj                                52      8         0      
       cpu.obj                                      30      0         0      
    +--+--------------------------------------------+-------+---------+---------+
       Total:                                       1768    8         36     
                                                                             
    F:/ti/ccs1110/simplelink_cc13xx_cc26xx_sdk_6_10_00_29/source/ti/drivers/lib/ccs/m4f/drivers_cc13x2.a
       PowerCC26X2.oem4f                            1930    84        368    
       PowerCC26X2_calibrateRCOSC.oem4f             980     0         0      
       LED.oem4f                                    706     8         0      
       GPIOCC26XX.oem4f                             524     0         29     
       PowerCC26X2_calibrateRCOSC_helpers.oem4f     448     0         0      
       PowerCC26X2_helpers.oem4f                    244     0         0      
       List.oem4f                                   210     0         0      
       PWM.oem4f                                    182     24        1      
       GPIO.oem4f                                   96      0         0      
    +--+--------------------------------------------+-------+---------+---------+
       Total:                                       5320    116       398    
                                                                             
    F:/ti/ccs1110/simplelink_cc13xx_cc26xx_sdk_6_10_00_29/source/ti/drivers/rf/lib/ccs/m4f/rf_multiMode_cc13x2.a
       RFCC26X2_multiMode.c.cc13x2.ccs.o            9172    32        1317   
       rf_patch_cpe_multi_protocol.c.cc13x2.ccs.o   188     1772      1      
       rfc.c.cc13x2.ccs.o                           302     0         0      
    +--+--------------------------------------------+-------+---------+---------+
       Total:                                       9662    1804      1318   
                                                                             
    F:\ti\ccs1110\ccs\tools\compiler\ti-cgt-arm_20.2.6.LTS\lib\rtsv7M4_T_le_v4SPD16_eabi.lib
       memcpy_t2.asm.obj                            156     0         0      
       ull_div_t2.asm.obj                           150     0         0      
       memset_t2.asm.obj                            122     0         0      
       copy_decompress_lzss.c.obj                   104     0         0      
       cpy_tbl.c.obj                                76      0         0      
       rand.c.obj                                   52      0         4      
       _lock.c.obj                                  26      0         8      
       args_main.c.obj                              24      0         0      
       ll_mul_t2.asm.obj                            24      0         0      
       copy_decompress_none.c.obj                   14      0         0      
       copy_zero_init.c.obj                         12      0         0      
       stkdepth_vars.c.obj                          0       0         4      
       div0.asm.obj                                 2       0         0      
    +--+--------------------------------------------+-------+---------+---------+
       Total:                                       762     0         16     
                                                                             
       Stack:                                       0       0         1024   
       Linker Generated:                            0       481       0      
    +--+--------------------------------------------+-------+---------+---------+
       Grand Total:                                 30262   5893      6987   


LINKER GENERATED COPY TABLES

__TI_cinit_table @ 00008ce8 records: 2, size/record: 8, table size: 16
	.data: load addr=00008b10, load size=000001bd bytes, run addr=200040d8, run size=000010a2 bytes, compression=lzss
	.bss: load addr=00008ce0, load size=00000008 bytes, run addr=20005180, run size=000005d1 bytes, compression=zero_init


LINKER GENERATED HANDLER TABLE

__TI_handler_table @ 00008cd0 records: 3, size/record: 4, table size: 12
	index: 0, handler: __TI_decompress_lzss
	index: 1, handler: __TI_decompress_none
	index: 2, handler: __TI_zero_init


GLOBAL SYMBOLS: SORTED ALPHABETICALLY BY Name 

address   name                                                               
-------   ----                                                               
20004b58  BIOS_Module_state                                                  
00005ff9  BIOS_atExitFunc                                                    
00007275  BIOS_exit                                                          
00006f8d  BIOS_exitFunc                                                      
00007475  BIOS_getThreadType                                                 
20004b2c  BIOS_heapMemObject                                                 
00005101  BIOS_init                                                          
00007481  BIOS_linkedWithIncorrectBootLibrary                                
00002b57  BIOS_nullFunc                                                      
00006769  BIOS_registerRTSLock                                               
00006a7d  BIOS_removeRTSLock                                                 
20004ab4  BIOS_rtsGate                                                       
00006451  BIOS_rtsLock                                                       
00006a9d  BIOS_rtsUnlock                                                     
00007029  BIOS_setThreadType                                                 
00007285  BIOS_start                                                         
000054c9  BIOS_startFunc                                                     
0000703d  Board_init                                                         
00003857  Board_initHook                                                     
00004eb1  Board_sendExtFlashByte                                             
00004fb5  Board_shutDownExtFlash                                             
00006029  Board_wakeUpExtFlash                                               
00002e69  Boot_trimDevice                                                    
00008b00  CONFIG_LED_0_CONST                                                 
00008afe  CONFIG_LED_0_GPIO_CONST                                            
00008b01  CONFIG_LED_1_CONST                                                 
00008aff  CONFIG_LED_1_GPIO_CONST                                            
00007589  ClockP_Params_init                                                 
00005df1  ClockP_construct                                                   
00005bc1  ClockP_create                                                      
00007625  ClockP_destruct                                                    
00007629  ClockP_getSystemTickPeriod                                         
00006efd  ClockP_getSystemTicks                                              
0000762d  ClockP_getTimeout                                                  
00007631  ClockP_isActive                                                    
00007635  ClockP_setTimeout                                                  
00007639  ClockP_start                                                       
0000763d  ClockP_stop                                                        
00007295  EasyLink_Params_init                                               
0000003d  EasyLink_init                                                      
00008b07  EasyLink_numSupportedPhys                                          
00000ced  EasyLink_receive                                                   
200050d8  EasyLink_supportedPhys                                             
00008ab8  GPIO_config                                                        
00006cd5  GPIO_disableInt                                                    
000050b1  GPIO_hwiIntFxn                                                     
000026fd  GPIO_init                                                          
00008afc  GPIO_pinLowerBound                                                 
00008afd  GPIO_pinUpperBound                                                 
00006059  GPIO_resetConfig                                                   
00006cf1  GPIO_setCallback                                                   
00003e11  GPIO_setConfig                                                     
00007051  GPIO_setUserArg                                                    
00007065  GPIO_write                                                         
00004000  HEAPSIZE                                                           
000072a5  HwiP_Params_init                                                   
000056a5  HwiP_construct                                                     
00007641  HwiP_destruct                                                      
0000748d  HwiP_disable                                                       
00007645  HwiP_enableInterrupt                                               
00007649  HwiP_post                                                          
00007603  HwiP_restore                                                       
00006fa3  HwiP_setFunc                                                       
UNDEFED   ITM_flush                                                          
UNDEFED   ITM_restore                                                        
20005458  LEDObjects                                                         
00007209  LED_Params_init                                                    
00008ac8  LED_config                                                         
00008b02  LED_count                                                          
00008aec  LED_defaultParams                                                  
00003fff  LED_init                                                           
00001e31  LED_open                                                           
00005925  LED_setBrightnessLevel                                             
00005a1d  LED_setOff                                                         
00005db9  LED_setOn                                                          
00004f07  LED_startBlinking                                                  
00006a39  LED_stopBlinking                                                   
00006ded  LED_toggle                                                         
00007079  List_clearList                                                     
00006a5b  List_get                                                           
000063a9  List_insert                                                        
000066a9  List_put                                                           
000066cf  List_putHead                                                       
000066f5  List_remove                                                        
00005e25  NOROM_AUXSYSIFOpModeChange                                         
00007499  NOROM_CPUcpsid                                                     
000074a5  NOROM_CPUcpsie                                                     
000075e5  NOROM_CPUdelay                                                     
00006d0d  NOROM_ChipInfo_GetChipFamily                                       
00003c11  NOROM_ChipInfo_GetChipType                                         
0000550d  NOROM_ChipInfo_GetHwRevision                                       
00003975  NOROM_OSCHF_AttemptToSwitchToXosc                                  
000046a5  NOROM_OSCHF_SwitchToRcOscTurnOffXosc                               
0000678d  NOROM_OSCHF_TurnOnXosc                                             
000067b1  NOROM_OSC_CapArrayAdjustWorkaround_Boot                            
000056e5  NOROM_OSC_HPOSCRelativeFrequencyOffsetGet                          
000049cd  NOROM_PRCMPowerDomainsAllOff                                       
0000514d  NOROM_PRCMPowerDomainsAllOn                                        
00004337  NOROM_RFCAnaDivTxOverride                                          
0000708d  NOROM_RFCCpeIntGetAndClear                                         
000043a7  NOROM_RFCCpePatchReset                                             
000067d5  NOROM_RFCDoorbellSendTo                                            
000072b5  NOROM_RFCHwIntGetAndClear                                          
00006479  NOROM_RFCOverrideSearch                                            
0000764d  NOROM_RFCOverrideUpdate                                            
00005361  NOROM_RFCSynthPowerDown                                            
00002e69  NOROM_SetupTrimDevice                                              
00005e59  NOROM_SysCtrlIdle                                                  
00003c91  NOROM_SysCtrlSetRechargeBeforePowerDown                            
0000251d  NOROM_SysCtrlStandby                                               
00006fb9  NOROM_ThisLibraryIsFor_CC13x2_CC26x2_HwRev20AndLater_HaltIfViolated
UNDEFED   PIN_hwi_bypass                                                     
000070a1  PWM_Params_init                                                    
00007593  PWM_close                                                          
UNDEFED   PWM_config                                                         
UNDEFED   PWM_count                                                          
00008a7c  PWM_defaultParams                                                  
00005551  PWM_init                                                           
00005725  PWM_open                                                           
0000759d  PWM_setDuty                                                        
000075a7  PWM_start                                                          
00005765  PowerCC26X2_RCOSC_clockFunc                                        
00004001  PowerCC26X2_auxISR                                                 
000070b5  PowerCC26X2_calibrate                                              
00008a94  PowerCC26X2_config                                                 
00006abd  PowerCC26X2_disableTCXOQual                                        
00006add  PowerCC26X2_enableTCXOQual                                         
00004b99  PowerCC26X2_initiateCalibration                                    
20004d20  PowerCC26X2_module                                                 
000070c9  PowerCC26X2_oscClockSourceGet                                      
000072d5  PowerCC26X2_oscCtlClearXtal                                        
000057a5  PowerCC26X2_oscDisableQualifiers                                   
000046a5  PowerCC26X2_oschfSwitchToRcosc                                     
00006fcf  PowerCC26X2_oschfTrySwitchToXosc                                   
000072c5  PowerCC26X2_prcmEnableCacheRetention                               
000072e5  PowerCC26X2_readCtrim                                              
000072f5  PowerCC26X2_readCtrimFract                                         
00007305  PowerCC26X2_readRtrim                                              
000057e5  PowerCC26X2_setAclkRefSrc                                          
00005a59  PowerCC26X2_setTdcClkSrc24M                                        
00007315  PowerCC26X2_switchToTCXO                                           
00005e59  PowerCC26X2_sysCtrlIdle                                            
000075b1  PowerCC26X2_sysCtrlStandby                                         
00007325  PowerCC26X2_sysCtrlVoltageConditionalControl                       
00003a85  PowerCC26X2_updateSubSecInc                                        
000067f9  PowerCC26X2_writeCtrim                                             
0000681d  PowerCC26X2_writeCtrimFract                                        
00006841  PowerCC26X2_writeCtrimFractEn                                      
00006865  PowerCC26X2_writeRtrim                                             
00006e07  PowerCC26XX_calibrate                                              
00005825  PowerCC26XX_isStableXOSC_HF                                        
00006e3d  PowerCC26XX_schedulerDisable                                       
00006e55  PowerCC26XX_schedulerRestore                                       
0000314d  PowerCC26XX_standbyPolicy                                          
20004998  PowerCC26XX_swiKey                                                 
000053a9  PowerCC26XX_switchXOSC_HF                                          
20004994  PowerCC26XX_taskKey                                                
000074b1  Power_getConstraintMask                                            
000074bd  Power_getDependencyCount                                           
00006c3d  Power_getTransitionLatency                                         
00006e6d  Power_idleFunc                                                     
00001ad9  Power_init                                                         
000064a1  Power_registerNotify                                               
000060b9  Power_releaseConstraint                                            
00002ce9  Power_releaseDependency                                            
000060e9  Power_setConstraint                                                
00002fe1  Power_setDependency                                                
00001321  Power_sleep                                                        
00006afd  Power_unregisterNotify                                             
00008ad8  RFCC26XX_hwAttrs                                                   
20005168  RFCC26XX_schedulerPolicy                                           
000070dd  RF_Params_init                                                     
00006d29  RF_ScheduleCmdParams_init                                          
00001bfd  RF_close                                                           
20005120  RF_cmdFs                                                           
2000508c  RF_cmdPropRadioDivSetup                                            
2000505c  RF_cmdPropRxAdv                                                    
20005138  RF_cmdPropTx                                                       
00007651  RF_defaultExecutionPolicy                                          
00004f5d  RF_defaultSubmitPolicy                                             
000043a9  RF_getCurrentTime                                                  
00000a55  RF_open                                                            
000029ad  RF_pendCmd                                                         
000027e5  RF_postCmd                                                         
000074c9  RF_powerConstraintGet                                              
00005e8d  RF_powerConstraintRelease                                          
00006d7d  RF_powerConstraintSet                                              
20005150  RF_prop                                                            
000064f1  RF_runCmd                                                          
00006519  RF_runScheduleCmd                                                  
00000f35  RF_scheduleCmd                                                     
00004c49  ResetISR                                                           
UNDEFED   SHT$$INIT_ARRAY$$Base                                              
UNDEFED   SHT$$INIT_ARRAY$$Limit                                             
00006b9d  SemaphoreP_constructBinary                                         
00007655  SemaphoreP_destruct                                                
0000721b  SemaphoreP_pend                                                    
00007659  SemaphoreP_post                                                    
00007355  SwiP_Params_init                                                   
000051e5  SwiP_construct                                                     
0000765d  SwiP_destruct                                                      
00007661  SwiP_disable                                                       
00007665  SwiP_getTrigger                                                    
00007669  SwiP_or                                                            
00005cd9  SwiP_restore                                                       
20014000  __STACK_END                                                        
00000400  __STACK_SIZE                                                       
00008ce8  __TI_CINIT_Base                                                    
00008cf8  __TI_CINIT_Limit                                                   
00008cd0  __TI_Handler_Table_Base                                            
00008cdc  __TI_Handler_Table_Limit                                           
00003551  __TI_auto_init                                                     
00004775  __TI_decompress_lzss                                               
00007413  __TI_decompress_none                                               
ffffffff  __TI_pprof_out_hndl                                                
ffffffff  __TI_prof_data_size                                                
ffffffff  __TI_prof_data_start                                               
00000000  __TI_static_base__                                                 
000074ed  __TI_zero_init                                                     
00005def  __aeabi_idiv0                                                      
00005def  __aeabi_ldiv0                                                      
00006eb5  __aeabi_lmul                                                       
00003f85  __aeabi_memclr                                                     
[...]
00006afd  Power_unregisterNotify                                             
00006b9d  SemaphoreP_constructBinary                                         
00006bbd  deserializeCommand                                                 
00006bdd  deserializeSensorData                                              
00006bfd  ti_sysbios_knl_Clock_create                                        
00006c1d  ti_sysbios_knl_Task_construct                                      
00006c3d  Power_getTransitionLatency                                         
00006c79  ti_sysbios_family_arm_m3_Hwi_switchAndRunFunc                      
00006c97  ti_sysbios_knl_Semaphore_create                                    
00006cb5  ti_sysbios_knl_Semaphore_destruct                                  
00006cd5  GPIO_disableInt                                                    
00006cf1  GPIO_setCallback                                                   
00006d0d  NOROM_ChipInfo_GetChipFamily                                       
00006d29  RF_ScheduleCmdParams_init                                          
00006d7d  RF_powerConstraintSet                                              
00006d99  ti_sysbios_knl_Clock_scheduleNextTick                              
00006db5  ti_sysbios_knl_Queue_put                                           
00006dd1  ti_sysbios_knl_TaskSupport_swap                                    
00006de1  ti_sysbios_knl_TaskSupport_swapReturn                              
00006ded  LED_toggle                                                         
00006e07  PowerCC26XX_calibrate                                              
00006e21  ti_sysbios_knl_Task_delete                                         
00006e3d  PowerCC26XX_schedulerDisable                                       
00006e55  PowerCC26XX_schedulerRestore                                       
00006e6d  Power_idleFunc                                                     
00006e9d  _args_main                                                         
00006eb5  __aeabi_lmul                                                       
00006ecd  ti_sysbios_family_arm_m3_Hwi_plug                                  
00006ee5  ti_sysbios_family_arm_m3_Hwi_switchFromBootStack                   
00006efd  ClockP_getSystemTicks                                              
00006efd  ti_sysbios_knl_Clock_getTicks                                      
00006f15  ti_sysbios_knl_Idle_run                                            
00006f2d  ti_sysbios_knl_Swi_construct                                       
00006f45  ti_sysbios_knl_Swi_destruct                                        
00006f5d  ti_sysbios_knl_Swi_or                                              
00006f75  ti_sysbios_knl_Task_unblock                                        
00006f8d  BIOS_exitFunc                                                      
00006fa3  HwiP_setFunc                                                       
00006fb9  NOROM_ThisLibraryIsFor_CC13x2_CC26x2_HwRev20AndLater_HaltIfViolated
00006fcf  PowerCC26X2_oschfTrySwitchToXosc                                   
00006ffb  ti_sysbios_knl_Clock_Instance_finalize                             
00006ffb  ti_sysbios_knl_Clock_destruct                                      
00007011  ti_sysbios_knl_Clock_start                                         
00007029  BIOS_setThreadType                                                 
0000703d  Board_init                                                         
00007051  GPIO_setUserArg                                                    
00007065  GPIO_write                                                         
00007079  List_clearList                                                     
0000708d  NOROM_RFCCpeIntGetAndClear                                         
000070a1  PWM_Params_init                                                    
000070b5  PowerCC26X2_calibrate                                              
000070c9  PowerCC26X2_oscClockSourceGet                                      
000070dd  RF_Params_init                                                     
0000712d  pthread_attr_setschedparam                                         
00007141  ti_sysbios_family_arm_cc26xx_Timer_dynamicStub                     
00007155  ti_sysbios_knl_Clock_construct                                     
00007169  ti_sysbios_knl_Semaphore_construct                                 
0000717d  ti_sysbios_knl_Swi_construct2                                      
00007191  ti_sysbios_family_arm_m3_Hwi_swiDisable                            
00007191  ti_sysbios_knl_Swi_disable                                         
000071a5  ti_sysbios_knl_Swi_enabled                                         
000071b9  ti_sysbios_family_arm_m3_Hwi_taskDisable                           
000071b9  ti_sysbios_knl_Task_disable                                        
000071cd  ti_sysbios_runtime_Error_init                                      
000071e1  ti_sysbios_runtime_Memory_free                                     
000071f5  ti_sysbios_runtime_System_init                                     
00007209  LED_Params_init                                                    
0000721b  SemaphoreP_pend                                                    
0000722d  _pthread_cleanup_pop                                               
00007251  ti_sysbios_family_arm_cc26xx_Timer_postInit                        
00007263  ti_sysbios_runtime_System_abort                                    
00007275  BIOS_exit                                                          
00007285  BIOS_start                                                         
00007295  EasyLink_Params_init                                               
000072a5  HwiP_Params_init                                                   
000072b5  NOROM_RFCHwIntGetAndClear                                          
000072c5  PowerCC26X2_prcmEnableCacheRetention                               
000072d5  PowerCC26X2_oscCtlClearXtal                                        
000072e5  PowerCC26X2_readCtrim                                              
000072f5  PowerCC26X2_readCtrimFract                                         
00007305  PowerCC26X2_readRtrim                                              
00007315  PowerCC26X2_switchToTCXO                                           
00007325  PowerCC26X2_sysCtrlVoltageConditionalControl                       
00007355  SwiP_Params_init                                                   
00007365  ti_sysbios_family_arm_cc26xx_Timer_getCount64                      
00007375  ti_sysbios_family_arm_cc26xx_TimestampProvider_init                
00007375  ti_sysbios_runtime_Timestamp_init                                  
00007385  ti_sysbios_family_arm_m3_Hwi_excHandler                            
00007395  ti_sysbios_family_arm_m3_Hwi_getHandle                             
000073a5  ti_sysbios_family_arm_m3_Hwi_post                                  
000073b5  ti_sysbios_knl_ClockSupport_getCurrentTick                         
000073c5  ti_sysbios_knl_ClockSupport_setNextTick                            
000073d5  ti_sysbios_knl_Clock_enqueueI                                      
000073e5  ti_sysbios_knl_Semaphore_Params_init                               
000073f5  ti_sysbios_knl_TaskSupport_glue                                    
00007413  __TI_decompress_none                                               
00007421  pthread_attr_setdetachstate                                        
0000742f  ti_sysbios_gates_GateMutex_leave                                   
0000743d  ti_sysbios_heaps_HeapMem_restore                                   
0000744b  ti_sysbios_knl_Clock_initI                                         
00007459  ti_sysbios_knl_Queue_empty                                         
00007467  ti_sysbios_knl_Queue_remove                                        
00007475  BIOS_getThreadType                                                 
00007481  BIOS_linkedWithIncorrectBootLibrary                                
0000748d  HwiP_disable                                                       
00007499  NOROM_CPUcpsid                                                     
000074a5  NOROM_CPUcpsie                                                     
000074b1  Power_getConstraintMask                                            
000074bd  Power_getDependencyCount                                           
000074c9  RF_powerConstraintGet                                              
000074d5  _register_lock                                                     
000074e1  _register_unlock                                                   
000074ed  __TI_zero_init                                                     
00007505  ti_sysbios_heaps_HeapMem_init                                      
00007511  ti_sysbios_knl_ClockSupport_getMaxTicks                            
0000751d  ti_sysbios_knl_Clock_tick                                          
00007529  ti_sysbios_knl_Queue_dequeue                                       
00007535  ti_sysbios_knl_Queue_enqueue                                       
00007541  ti_sysbios_knl_Queue_insert                                        
0000754d  ti_sysbios_knl_Swi_getTrigger                                      
00007559  ti_sysbios_knl_Swi_self                                            
00007565  ti_sysbios_knl_TaskSupport_checkStack                              
00007571  ti_sysbios_knl_Task_self                                           
0000757d  ti_sysbios_runtime_System_exit                                     
00007589  ClockP_Params_init                                                 
00007593  PWM_close                                                          
0000759d  PWM_setDuty                                                        
000075a7  PWM_start                                                          
000075b1  PowerCC26X2_sysCtrlStandby                                         
000075bb  pthread_self                                                       
000075c5  pthread_attr_setstacksize                                          
000075cd  ti_sysbios_family_arm_m3_Hwi_doSwiRestore                          
000075d5  ti_sysbios_family_arm_m3_Hwi_startup                               
000075dd  ti_sysbios_knl_Idle_loop                                           
000075e5  NOROM_CPUdelay                                                     
000075f7  ti_sysbios_family_arm_m3_Hwi_destruct                              
000075fd  ti_sysbios_family_arm_m3_Hwi_doTaskRestore                         
00007603  HwiP_restore                                                       
00007609  ti_sysbios_knl_Clock_stop                                          
0000760f  ti_sysbios_knl_Queue_destruct                                      
0000760f  ti_sysbios_knl_Queue_elemClear                                     
00007615  ti_sysbios_knl_Semaphore_Instance_finalize                         
0000761b  ti_sysbios_knl_Swi_startup                                         
00007625  ClockP_destruct                                                    
00007629  ClockP_getSystemTickPeriod                                         
0000762d  ClockP_getTimeout                                                  
00007631  ClockP_isActive                                                    
00007635  ClockP_setTimeout                                                  
00007639  ClockP_start                                                       
0000763d  ClockP_stop                                                        
00007641  HwiP_destruct                                                      
00007645  HwiP_enableInterrupt                                               
00007649  HwiP_post                                                          
0000764d  NOROM_RFCOverrideUpdate                                            
00007651  RF_defaultExecutionPolicy                                          
00007655  SemaphoreP_destruct                                                
00007659  SemaphoreP_post                                                    
0000765d  SwiP_destruct                                                      
00007661  SwiP_disable                                                       
00007665  SwiP_getTrigger                                                    
00007669  SwiP_or                                                            
00007675  ti_sysbios_heaps_HeapMem_isBlocking                                
00007678  ti_sysbios_family_arm_cc26xx_Timer_funcHookCH1                     
0000767c  ti_sysbios_family_arm_cc26xx_Timer_funcHookCH2                     
00008a08  resourceDB                                                         
00008a7c  PWM_defaultParams                                                  
00008a94  PowerCC26X2_config                                                 
00008ab8  GPIO_config                                                        
00008ac8  LED_config                                                         
00008ad8  RFCC26XX_hwAttrs                                                   
00008aec  LED_defaultParams                                                  
00008af4  ti_sysbios_knl_Idle_funcList                                       
00008afc  GPIO_pinLowerBound                                                 
00008afd  GPIO_pinUpperBound                                                 
00008afe  CONFIG_LED_0_GPIO_CONST                                            
00008aff  CONFIG_LED_1_GPIO_CONST                                            
00008b00  CONFIG_LED_0_CONST                                                 
00008b01  CONFIG_LED_1_CONST                                                 
00008b02  LED_count                                                          
00008b07  EasyLink_numSupportedPhys                                          
00008b08  __c_args__                                                         
00008cd0  __TI_Handler_Table_Base                                            
00008cdc  __TI_Handler_Table_Limit                                           
00008ce8  __TI_CINIT_Base                                                    
00008cf8  __TI_CINIT_Limit                                                   
00057fa8  __ccfg                                                             
20000000  __start___llvm_prf_cnts                                            
20000000  __stop___llvm_prf_cnts                                             
20000000  ti_sysbios_family_arm_m3_Hwi_ramVectors                            
200000d8  __primary_heap_start__                                             
200040d8  __primary_heap_end__                                               
20004992  ti_sysbios_knl_Idle_initDone                                       
20004994  PowerCC26XX_taskKey                                                
20004998  PowerCC26XX_swiKey                                                 
200049b0  ti_sysbios_family_arm_cc26xx_TimestampProvider_Module_state        
200049b4  ti_sysbios_knl_Task_defaultStackHeap                               
200049b8  ti_sysbios_runtime_Memory_defaultHeapInstance                      
200049bc  ti_sysbios_gates_GateMutex_Module_state                            
200049c4  ti_sysbios_heaps_HeapMem_Module_state                              
200049cc  ti_sysbios_knl_Event_state                                         
200049d4  ti_sysbios_knl_Mailbox_Module_state                                
200049dc  ti_sysbios_knl_Semaphore_Module_state                              
200049f0  ti_sysbios_family_arm_cc26xx_Timer_Module_state                    
200049fc  ti_sysbios_runtime_Error_ignore                                    
20004a08  ti_sysbios_runtime_System_Module_state                             
20004a38  ti_sysbios_hal_Seconds_Module_state                                
20004ab4  BIOS_rtsGate                                                       
20004adc  ti_sysbios_heaps_HeapMem_gate                                      
20004b04  ti_sysbios_knl_Swi_Module_state                                    
20004b2c  BIOS_heapMemObject                                                 
20004b58  BIOS_Module_state                                                  
20004b84  ti_sysbios_family_arm_m3_Hwi_Module_state                          
20004bc0  ti_sysbios_knl_Task_Module_state                                   
20004bfc  ti_sysbios_knl_Idle_taskStruct                                     
20004c58  ti_sysbios_knl_ClockSupport_timerStruct                            
20004cb8  ti_sysbios_knl_Clock_Module_state                                  
20004d20  PowerCC26X2_module                                                 
20004e90  ledHandle                                                          
20004e98  rxPacket                                                           
20004f30  gpioPinConfigs                                                     
20004fac  txPowerTable_868_pa13                                              
2000505c  RF_cmdPropRxAdv                                                    
2000508c  RF_cmdPropRadioDivSetup                                            
200050b4  _hposcCoeffs                                                       
200050d8  EasyLink_supportedPhys                                             
200050fc  pOverrides                                                         
20005120  RF_cmdFs                                                           
20005138  RF_cmdPropTx                                                       
20005150  RF_prop                                                            
20005160  _lock                                                              
20005164  _unlock                                                            
20005168  RFCC26XX_schedulerPolicy                                           
20005174  main_func_sp                                                       
20005179  ti_sysbios_runtime_Startup_done                                    
20005180  ti_sysbios_knl_Idle_taskStack                                      
20005380  ti_sysbios_family_arm_m3_Hwi_dispatchTable                         
20005458  LEDObjects                                                         
200055a8  gpioCallbackFunctions                                              
20005624  gpioUserArgs                                                       
200056a0  ti_sysbios_knl_Swi_readyQs                                         
200056d0  ti_sysbios_knl_Task_readyQs                                        
20005700  ti_sysbios_runtime_System_atexitHandlers                           
20013c00  __stack                                                            
20014000  __STACK_END                                                        
ffffffff  __TI_pprof_out_hndl                                                
ffffffff  __TI_prof_data_size                                                
ffffffff  __TI_prof_data_start                                               
ffffffff  __binit__                                                          
ffffffff  binit                                                              
UNDEFED   ITM_flush                                                          
UNDEFED   ITM_restore                                                        
UNDEFED   PIN_hwi_bypass                                                     
UNDEFED   PWM_config                                                         
UNDEFED   PWM_count                                                          
UNDEFED   SHT$$INIT_ARRAY$$Base                                              
UNDEFED   SHT$$INIT_ARRAY$$Limit                                             

[479 symbols]
