******************************************************************************
                  TI ARM Linker PC v20.2.6                     
******************************************************************************
>> Linked Sat May 28 12:19:53 2022

OUTPUT FILE NAME:   <MoveStructsRx.out>
ENTRY POINT SYMBOL: "ResetISR"  address: 00004b25


MEMORY CONFIGURATION

         name            origin    length      used     unused   attr    fill
----------------------  --------  ---------  --------  --------  ----  --------
  FLASH                 00000000   00058000  000088db  0004f725  R  X
  GPRAM                 11000000   00002000  00000000  00002000  RW X
  SRAM                  20000000   00014000  00005a8a  0000e576  RW X
  LOG_DATA              90000000   00040000  00000000  00040000  R   


SEGMENT ALLOCATION MAP

run origin  load origin   length   init length attrs members
----------  ----------- ---------- ----------- ----- -------
00000000    00000000    00008695   00008695    r-x
  00000000    00000000    0000003c   0000003c    r-- .resetVecs
  0000003c    0000003c    000071fe   000071fe    r-x .text
  0000723c    0000723c    00001459   00001459    r-- .const
00008698    00008698    00000008   00000008    rw-
  00008698    00008698    00000008   00000008    rw- .args
000086a0    000086a0    000001e8   000001e8    r--
  000086a0    000086a0    000001e8   000001e8    r-- .cinit
00057fa8    00057fa8    00000058   00000058    r--
  00057fa8    00057fa8    00000058   00000058    r-- .ccfg
200000d8    200000d8    00004000   00000000    r--
  200000d8    200000d8    00004000   00000000    r-- .priheap
200040d8    200040d8    000015b9   00000000    rw-
  200040d8    200040d8    00001099   00000000    rw- .data
  20005178    20005178    00000519   00000000    rw- .bss
20013c00    20013c00    00000400   00000000    rw-
  20013c00    20013c00    00000400   00000000    rw- .stack


SECTION ALLOCATION MAP

 output                                  attributes/
section   page    origin      length       input sections
--------  ----  ----------  ----------   ----------------
.binit     0    00000000    00000000     

.cinit     0    000086a0    000001e8     
                  000086a0    000001c2     (.cinit..data.load) [load image, compression = lzss]
                  00008862    00000002     --HOLE-- [fill = 0]
                  00008864    0000000c     (__TI_handler_table)
                  00008870    00000008     (.cinit..bss.load) [load image, compression = zero_init]
                  00008878    00000010     (__TI_cinit_table)

.init_array 
*          0    00000000    00000000     UNINITIALIZED

.ccfg      0    00057fa8    00000058     
                  00057fa8    00000058     ti_devices_config.obj (.ccfg:retain)

.data      0    200040d8    00001099     UNINITIALIZED
                  200040d8    00000508     rf_multiMode_cc13x2.a : RFCC26X2_multiMode.c.cc13x2.ccs.o (.data:$O1$$)
                  200045e0    000003b0     EasyLink.obj (.data:$O1$$)
                  20004990    00000390     ti_sysbios_config.obj (.data:$O1$$)
                  20004d20    00000170     drivers_cc13x2.a : PowerCC26X2.oem4f (.data:PowerCC26X2_module)
                  20004e90    00000098     moveStructsRx.obj (.data:rxPacket)
                  20004f28    0000007c     ti_drivers_config.obj (.data:gpioPinConfigs)
                  20004fa4    0000006e     ti_radio_config.obj (.data:txPowerTable_868_pa13)
                  20005012    00000001     drivers_cc13x2.a : GPIOCC26XX.oem4f (.data)
                  20005013    00000001     rf_multiMode_cc13x2.a : rf_patch_cpe_multi_protocol.c.cc13x2.ccs.o (.data)
                  20005014    00000040     EasyLink.obj (.data:addrFilterTable)
                  20005054    00000030     ti_radio_config.obj (.data:RF_cmdPropRxAdv)
                  20005084    00000028     ti_radio_config.obj (.data:RF_cmdPropRadioDivSetup)
                  200050ac    00000024     driverlib.lib : osc.obj (.data:$O1$$)
                  200050d0    00000024     ti_easylink_config.obj (.data:EasyLink_supportedPhys)
                  200050f4    00000024     ti_radio_config.obj (.data:pOverrides)
                  20005118    00000018     ti_radio_config.obj (.data:RF_cmdFs)
                  20005130    00000018     ti_radio_config.obj (.data:RF_cmdPropTx)
                  20005148    00000010     ti_radio_config.obj (.data:RF_prop)
                  20005158    00000008     rtsv7M4_T_le_v4SPD16_eabi.lib : _lock.c.obj (.data:$O1$$)
                  20005160    00000008     rf_multiMode_cc13x2.a : RFCC26X2_multiMode.c.cc13x2.ccs.o (.data:RFCC26XX_schedulerPolicy)
                  20005168    00000004     rtsv7M4_T_le_v4SPD16_eabi.lib : rand.c.obj (.data)
                  2000516c    00000004                                   : stkdepth_vars.c.obj (.data)
                  20005170    00000001     ti_sysbios_config.obj (.data)

.bss       0    20005178    00000519     UNINITIALIZED
                  20005178    00000200     (.common:ti_sysbios_knl_Idle_taskStack)
                  20005378    000000d8     (.common:ti_sysbios_family_arm_m3_Hwi_dispatchTable)
                  20005450    00000098     EasyLink.obj (.bss:rxBuffer)
                  200054e8    0000007c     (.common:gpioCallbackFunctions)
                  20005564    0000007c     (.common:gpioUserArgs)
                  200055e0    00000030     (.common:ti_sysbios_knl_Swi_readyQs)
                  20005610    00000030     (.common:ti_sysbios_knl_Task_readyQs)
                  20005640    00000020     (.common:ti_sysbios_runtime_System_atexitHandlers)
                  20005660    0000001c     drivers_cc13x2.a : GPIOCC26XX.oem4f (.bss:gpioHwi)
                  2000567c    00000014     rf_multiMode_cc13x2.a : RFCC26X2_multiMode.c.cc13x2.ccs.o (.bss:RF_ratSyncCmd)
                  20005690    00000001                           : RFCC26X2_multiMode.c.cc13x2.ccs.o (.bss)

.stack     0    20013c00    00000400     UNINITIALIZED
                  20013c00    00000400     --HOLE--

.priheap   0    200000d8    00004000     UNINITIALIZED
                  200000d8    00004000     --HOLE--

.log_data 
*          0    90000000    00000000     COPY SECTION

.resetVecs 
*          0    00000000    0000003c     
                  00000000    0000003c     ti_sysbios_config.obj (.resetVecs)

.vecs      0    20000000    000000d8     NOLOAD SECTION
                  20000000    000000d8     ti_sysbios_config.obj (.vecs)

__llvm_prf_cnts 
*          0    20000000    00000000     UNINITIALIZED

.text      0    0000003c    000071fe     
                  0000003c    00000558     EasyLink.obj (.text:EasyLink_init)
                  00000594    000004c0     rf_multiMode_cc13x2.a : RFCC26X2_multiMode.c.cc13x2.ccs.o (.text:RF_fsmActiveState)
                  00000a54    00000298                           : RFCC26X2_multiMode.c.cc13x2.ccs.o (.text:RF_open)
                  00000cec    00000248     EasyLink.obj (.text:EasyLink_receive)
                  00000f34    00000210     rf_multiMode_cc13x2.a : RFCC26X2_multiMode.c.cc13x2.ccs.o (.text:RF_scheduleCmd)
                  00001144    000001dc                           : RFCC26X2_multiMode.c.cc13x2.ccs.o (.text:RF_dispatchNextCmd)
                  00001320    00000184     drivers_cc13x2.a : PowerCC26X2.oem4f (.text:Power_sleep)
                  000014a4    00000154     rf_multiMode_cc13x2.a : RFCC26X2_multiMode.c.cc13x2.ccs.o (.text:RF_radioOpDoneCb)
                  000015f8    00000144                           : RFCC26X2_multiMode.c.cc13x2.ccs.o (.text:RF_fsmSetupState)
                  0000173c    00000138                           : RFCC26X2_multiMode.c.cc13x2.ccs.o (.text:RF_abortCmd)
                  00001874    00000134     ti_sysbios_config.obj (.text:ti_sysbios_family_arm_cc26xx_Timer_construct)
                  000019a8    00000130     drivers_cc13x2.a : PowerCC26X2_calibrateRCOSC.oem4f (.text:calibrateRcoscHf1)
                  00001ad8    00000124                      : PowerCC26X2.oem4f (.text:Power_init)
                  00001bfc    00000120     rf_multiMode_cc13x2.a : RFCC26X2_multiMode.c.cc13x2.ccs.o (.text:RF_close)
                  00001d1c    00000114     drivers_cc13x2.a : PowerCC26X2_calibrateRCOSC.oem4f (.text:runCalibrateFsm)
                  00001e30    00000104     rf_multiMode_cc13x2.a : RFCC26X2_multiMode.c.cc13x2.ccs.o (.text:RF_hwiCpe0Active)
                  00001f34    000000fc     ti_sysbios_config.obj (.text:ti_sysbios_knl_TaskSupport_buildTaskStack)
                  00002030    000000f8     rf_multiMode_cc13x2.a : RFCC26X2_multiMode.c.cc13x2.ccs.o (.text:RF_decodeOverridePointers)
                  00002128    000000f8     ti_sysbios_config.obj (.text:pthread_create)
                  00002220    000000f8     ti_sysbios_config.obj (.text:ti_sysbios_family_arm_m3_Hwi_excFillContext)
                  00002318    000000f4     sysbios.a : Hwi_asm.obj (.text:ti_sysbios_family_arm_m3_Hwi_dispatch)
                  0000240c    000000f0     driverlib.lib : sys_ctrl.obj (.text:NOROM_SysCtrlStandby)
                  000024fc    000000f0     rf_multiMode_cc13x2.a : RFCC26X2_multiMode.c.cc13x2.ccs.o (.text:RF_fsmPowerUpState)
                  000025ec    000000e8     drivers_cc13x2.a : GPIOCC26XX.oem4f (.text:GPIO_init)
                  000026d4    000000e4     rf_multiMode_cc13x2.a : RFCC26X2_multiMode.c.cc13x2.ccs.o (.text:RF_postCmd)
                  000027b8    000000e4     drivers_cc13x2.a : PowerCC26X2.oem4f (.text:configureXOSCHF)
                  0000289c    000000d8     rf_multiMode_cc13x2.a : RFCC26X2_multiMode.c.cc13x2.ccs.o (.text:RF_pendCmd)
                  00002974    000000d2                           : RFCC26X2_multiMode.c.cc13x2.ccs.o (.text:RF_updatePaConfiguration)
                  00002a46    00000002     ti_sysbios_config.obj (.text:BIOS_nullFunc)
                  00002a48    000000cc     rf_multiMode_cc13x2.a : RFCC26X2_multiMode.c.cc13x2.ccs.o (.text:RF_swiHw)
                  00002b14    000000c4     ti_sysbios_config.obj (.text:ti_sysbios_knl_Semaphore_pend)
                  00002bd8    000000c0     drivers_cc13x2.a : PowerCC26X2.oem4f (.text:Power_releaseDependency)
                  00002c98    000000c0     ti_sysbios_config.obj (.text:ti_sysbios_knl_Task_Instance_init)
                  00002d58    000000bc     driverlib.lib : setup.obj (.text:NOROM_SetupTrimDevice)
                  00002e14    000000bc     rf_multiMode_cc13x2.a : RFCC26X2_multiMode.c.cc13x2.ccs.o (.text:RF_initRadioSetup)
                  00002ed0    000000b8     drivers_cc13x2.a : PowerCC26X2.oem4f (.text:Power_setDependency)
                  00002f88    000000b4     driverlib.lib : setup.obj (.text:TrimAfterColdResetWakeupFromShutDown)
                  0000303c    000000b0     ti_sysbios_config.obj (.text:PowerCC26XX_standbyPolicy)
                  000030ec    000000b0     ti_sysbios_config.obj (.text:ti_sysbios_knl_Clock_workFuncDynamic)
                  0000319c    000000b0     ti_sysbios_config.obj (.text:ti_sysbios_knl_Task_setPri)
                  0000324c    000000a4     rf_multiMode_cc13x2.a : RFCC26X2_multiMode.c.cc13x2.ccs.o (.text:RF_ratRestartChannels)
                  000032f0    000000a0                           : RFCC26X2_multiMode.c.cc13x2.ccs.o (.text:RF_cmdDispatchTime)
                  00003390    000000a0     sysbios.a : auto_init.obj (.text)
                  00003430    0000009c     moveStructsRx.obj (.text:mainThread)
                  000034cc    0000009c     rtsv7M4_T_le_v4SPD16_eabi.lib : memcpy_t2.asm.obj (.text)
                  00003568    0000009c     ti_sysbios_config.obj (.text:ti_sysbios_knl_Task_Instance_finalize)
                  00003604    00000098     rf_multiMode_cc13x2.a : RFCC26X2_multiMode.c.cc13x2.ccs.o (.text:RF_calculateDispatchTime)
                  0000369c    00000096     rtsv7M4_T_le_v4SPD16_eabi.lib : ull_div_t2.asm.obj (.text)
                  00003732    00000002     ti_drivers_config.obj (.text:Board_initHook)
                  00003734    00000090     rf_multiMode_cc13x2.a : RFCC26X2_multiMode.c.cc13x2.ccs.o (.text:RF_discardPendCmd)
                  000037c4    0000008c     ti_sysbios_config.obj (.text:ti_sysbios_family_arm_m3_Hwi_initNVIC)
                  00003850    00000088     driverlib.lib : osc.obj (.text:NOROM_OSCHF_AttemptToSwitchToXosc)
                  000038d8    00000088     ti_sysbios_config.obj (.text:ti_sysbios_family_arm_m3_Hwi_Instance_init)
                  00003960    00000084     drivers_cc13x2.a : PowerCC26X2_calibrateRCOSC_helpers.oem4f (.text:PowerCC26X2_updateSubSecInc)
                  000039e4    00000084     rf_multiMode_cc13x2.a : RFCC26X2_multiMode.c.cc13x2.ccs.o (.text:RF_issueRadioFreeCb)
                  00003a68    00000084                           : RFCC26X2_multiMode.c.cc13x2.ccs.o (.text:RF_verifyGap)
                  00003aec    00000080     driverlib.lib : chipinfo.obj (.text:NOROM_ChipInfo_GetChipType)
                  00003b6c    00000080                   : sys_ctrl.obj (.text:NOROM_SysCtrlSetRechargeBeforePowerDown)
                  00003bec    00000080     ti_sysbios_config.obj (.text:ti_sysbios_knl_Idle_init)
                  00003c6c    00000080     ti_sysbios_config.obj (.text:ti_sysbios_knl_Task_checkStacks)
                  00003cec    0000007c     drivers_cc13x2.a : GPIOCC26XX.oem4f (.text:GPIO_setConfig)
                  00003d68    0000007c     rf_multiMode_cc13x2.a : RFCC26X2_multiMode.c.cc13x2.ccs.o (.text:RF_ratFreeChannel)
                  00003de4    0000007c     ti_sysbios_config.obj (.text:_pthread_removeThreadKeys)
                  00003e60    0000007a     rtsv7M4_T_le_v4SPD16_eabi.lib : memset_t2.asm.obj (.text)
                  00003eda    00000002     rf_multiMode_cc13x2.a : rfc.c.cc13x2.ccs.o (.text:NOROM_RFCCpePatchReset)
                  00003edc    00000078     drivers_cc13x2.a : PowerCC26X2_calibrateRCOSC.oem4f (.text:PowerCC26X2_auxISR)
                  00003f54    00000078     rf_multiMode_cc13x2.a : rf_patch_cpe_multi_protocol.c.cc13x2.ccs.o (.text:configureMultiProtocolPatch)
                  00003fcc    00000078     ti_sysbios_config.obj (.text:ti_sysbios_knl_Task_postInit)
                  00004044    00000074     ti_sysbios_config.obj (.text:ti_sysbios_heaps_HeapMem_allocUnprotected)
                  000040b8    00000074     ti_sysbios_config.obj (.text:ti_sysbios_knl_Clock_startI)
                  0000412c    00000074     ti_sysbios_config.obj (.text:ti_sysbios_knl_Swi_restoreHwi)
                  000041a0    00000072     rf_multiMode_cc13x2.a : RFCC26X2_multiMode.c.cc13x2.ccs.o (.text:RF_detachOverrides)
                  00004212    00000070                           : rfc.c.cc13x2.ccs.o (.text:NOROM_RFCAnaDivTxOverride)
                  00004282    00000002                           : RFCC26X2_multiMode.c.cc13x2.ccs.o (.text:RF_defaultCallback)
                  00004284    00000070                           : RFCC26X2_multiMode.c.cc13x2.ccs.o (.text:RF_getCurrentTime)
                  000042f4    0000006e                           : RFCC26X2_multiMode.c.cc13x2.ccs.o (.text:RF_attachOverrides)
                  00004362    0000006e                           : RFCC26X2_multiMode.c.cc13x2.ccs.o (.text:RF_howToSchedule)
                  000043d0    0000006c                           : RFCC26X2_multiMode.c.cc13x2.ccs.o (.text:RF_dispatchNextEvent)
                  0000443c    0000006c     ti_sysbios_config.obj (.text:ti_sysbios_knl_Clock_walkQueueDynamic)
                  000044a8    0000006c     ti_sysbios_config.obj (.text:ti_sysbios_knl_Swi_run)
                  00004514    0000006c     ti_sysbios_config.obj (.text:ti_sysbios_knl_Task_schedule)
                  00004580    00000068     driverlib.lib : osc.obj (.text:NOROM_OSCHF_SwitchToRcOscTurnOffXosc)
                  000045e8    00000068     rf_multiMode_cc13x2.a : RFCC26X2_multiMode.c.cc13x2.ccs.o (.text:RF_hwiHw)
                  00004650    00000068     rtsv7M4_T_le_v4SPD16_eabi.lib : copy_decompress_lzss.c.obj (.text:decompress:lzss:__TI_decompress_lzss)
                  000046b8    00000068     ti_sysbios_config.obj (.text:ti_sysbios_knl_Task_startup)
                  00004720    00000064     ti_sysbios_config.obj (.text:ti_sysbios_knl_Clock_init)
                  00004784    00000062     rf_multiMode_cc13x2.a : RFCC26X2_multiMode.c.cc13x2.ccs.o (.text:RF_syncCb)
                  000047e6    00000002     rtsv7M4_T_le_v4SPD16_eabi.lib : _lock.c.obj (.text:_nop)
                  000047e8    00000060     rf_multiMode_cc13x2.a : RFCC26X2_multiMode.c.cc13x2.ccs.o (.text:RF_applyRfCorePatch)
                  00004848    00000060     main_tirtos.obj (.text:main)
                  000048a8    0000005c     driverlib.lib : prcm.obj (.text:NOROM_PRCMPowerDomainsAllOff)
                  00004904    0000005c     rf_multiMode_cc13x2.a : RFCC26X2_multiMode.c.cc13x2.ccs.o (.text:RF_hwiCpe0PowerFsm)
                  00004960    0000005c     ti_sysbios_config.obj (.text:ti_sysbios_family_arm_m3_Hwi_postInit)
                  000049bc    0000005c     ti_sysbios_config.obj (.text:ti_sysbios_knl_Swi_Instance_init)
                  00004a18    0000005c     ti_sysbios_config.obj (.text:ti_sysbios_knl_Swi_schedule)
                  00004a74    00000058     drivers_cc13x2.a : PowerCC26X2_calibrateRCOSC.oem4f (.text:PowerCC26X2_initiateCalibration)
                  00004acc    00000058     ti_sysbios_config.obj (.text:pthread_exit)
                  00004b24    00000058     sysbios.a : boot.obj (.text)
                  00004b7c    00000058     ti_sysbios_config.obj (.text:ti_sysbios_family_arm_m3_Hwi_dispatchC)
                  00004bd4    00000058     ti_sysbios_config.obj (.text:ti_sysbios_family_arm_m3_Hwi_excHandlerMin)
                  00004c2c    00000058     sysbios.a : Hwi_asm_switch.obj (.text:ti_sysbios_family_arm_m3_Hwi_initStacks)
                  00004c84    00000058     ti_sysbios_config.obj (.text:ti_sysbios_heaps_HeapMem_freeUnprotected)
                  00004cdc    00000058     ti_sysbios_config.obj (.text:ti_sysbios_knl_Semaphore_post)
                  00004d34    00000058     ti_sysbios_config.obj (.text:ti_sysbios_knl_Swi_runLoop)
                  00004d8c    00000056     ti_drivers_config.obj (.text:Board_sendExtFlashByte)
                  00004de2    00000056     rf_multiMode_cc13x2.a : RFCC26X2_multiMode.c.cc13x2.ccs.o (.text:RF_defaultSubmitPolicy)
                  00004e38    00000054     ti_drivers_config.obj (.text:Board_shutDownExtFlash)
                  00004e8c    00000054     rf_multiMode_cc13x2.a : RFCC26X2_multiMode.c.cc13x2.ccs.o (.text:RF_fsmXOSCState)
                  00004ee0    00000054     ti_sysbios_config.obj (.text:ti_sysbios_family_arm_cc26xx_Timer_dynamicMultiStub)
                  00004f34    00000050     drivers_cc13x2.a : GPIOCC26XX.oem4f (.text:GPIO_hwiIntFxn)
                  00004f84    0000004c     ti_sysbios_config.obj (.text:BIOS_init)
                  00004fd0    0000004c     driverlib.lib : prcm.obj (.text:NOROM_PRCMPowerDomainsAllOn)
                  0000501c    0000004c     rf_multiMode_cc13x2.a : RFCC26X2_multiMode.c.cc13x2.ccs.o (.text:RF_wakeupNotification)
                  00005068    0000004c     ti_sysbios_config.obj (.text:SwiP_construct)
                  000050b4    0000004c     rtsv7M4_T_le_v4SPD16_eabi.lib : cpy_tbl.c.obj (.text:copy_in)
                  00005100    0000004c     drivers_cc13x2.a : PowerCC26X2.oem4f (.text:switchXOSCHF)
                  0000514c    0000004c     ti_sysbios_config.obj (.text:ti_sysbios_heaps_HeapMem_Instance_init)
                  00005198    0000004c     ti_sysbios_config.obj (.text:ti_sysbios_knl_Swi_post)
                  000051e4    00000048     rf_multiMode_cc13x2.a : rfc.c.cc13x2.ccs.o (.text:NOROM_RFCSynthPowerDown)
                  0000522c    00000048     drivers_cc13x2.a : PowerCC26X2.oem4f (.text:PowerCC26XX_switchXOSC_HF)
                  00005274    00000048                      : PowerCC26X2_calibrateRCOSC.oem4f (.text:calibrateRcoscHf2)
                  000052bc    00000048     ti_sysbios_config.obj (.text:ti_sysbios_family_arm_m3_Hwi_disableInterrupt)
                  00005304    00000048     ti_sysbios_config.obj (.text:ti_sysbios_heaps_HeapMem_alloc)
                  0000534c    00000044     ti_sysbios_config.obj (.text:BIOS_startFunc)
                  00005390    00000044     driverlib.lib : chipinfo.obj (.text:NOROM_ChipInfo_GetHwRevision)
                  000053d4    00000044     ti_sysbios_config.obj (.text:ti_sysbios_family_arm_cc26xx_Timer_start)
                  00005418    00000044     ti_sysbios_config.obj (.text:ti_sysbios_family_arm_m3_Hwi_enableInterrupt)
                  0000545c    00000044     ti_sysbios_config.obj (.text:ti_sysbios_family_arm_m3_Hwi_getStackInfo)
                  000054a0    00000044     ti_sysbios_config.obj (.text:ti_sysbios_heaps_HeapMem_getStats)
                  000054e4    00000040     ti_sysbios_config.obj (.text:HwiP_construct)
                  00005524    00000040     driverlib.lib : osc.obj (.text:NOROM_OSC_HPOSCRelativeFrequencyOffsetGet)
                  00005564    00000040     drivers_cc13x2.a : PowerCC26X2_calibrateRCOSC.oem4f (.text:PowerCC26X2_RCOSC_clockFunc)
                  000055a4    00000040                      : PowerCC26X2_helpers.oem4f (.text:PowerCC26X2_oscDisableQualifiers)
                  000055e4    00000040                      : PowerCC26X2_calibrateRCOSC_helpers.oem4f (.text:PowerCC26X2_setAclkRefSrc)
                  00005624    00000040                      : PowerCC26X2.oem4f (.text:PowerCC26XX_isStableXOSC_HF)
                  00005664    00000040     rf_multiMode_cc13x2.a : RFCC26X2_multiMode.c.cc13x2.ccs.o (.text:RF_updatePowerupDuration)
                  000056a4    00000040     ti_sysbios_config.obj (.text:ti_sysbios_family_arm_cc26xx_Timer_setThreshold)
                  000056e4    00000040     ti_sysbios_config.obj (.text:ti_sysbios_knl_Task_blockI)
                  00005724    0000003e     EasyLink.obj (.text:createTxAdvFromTx)
                  00005762    00000002     drivers_cc13x2.a : PowerCC26X2.oem4f (.text:emptyClockFunc)
                  00005764    0000003c     driverlib.lib : osc.obj (.text:InternCapArrayAdjustWithBaseline7001F)
                  000057a0    0000003c     drivers_cc13x2.a : PowerCC26X2_calibrateRCOSC_helpers.oem4f (.text:PowerCC26X2_setTdcClkSrc24M)
                  000057dc    0000003c     rf_multiMode_cc13x2.a : RFCC26X2_multiMode.c.cc13x2.ccs.o (.text:RF_cmdGet)
                  00005818    0000003c                           : RFCC26X2_multiMode.c.cc13x2.ccs.o (.text:RF_cmdStoreEvents)
                  00005854    0000003c     ti_sysbios_config.obj (.text:ti_sysbios_family_arm_m3_Hwi_construct2)
                  00005890    0000003c     ti_sysbios_config.obj (.text:ti_sysbios_knl_ClockSupport_init)
                  000058cc    0000003c     ti_sysbios_config.obj (.text:ti_sysbios_knl_Task_exit)
                  00005908    00000038     rf_multiMode_cc13x2.a : RFCC26X2_multiMode.c.cc13x2.ccs.o (.text:RF_checkCmdFsError)
                  00005940    00000038     drivers_cc13x2.a : PowerCC26X2.oem4f (.text:notify)
                  00005978    00000038     ti_sysbios_config.obj (.text:ti_sysbios_family_arm_m3_Hwi_init)
                  000059b0    00000038     ti_sysbios_config.obj (.text:ti_sysbios_heaps_HeapMem_construct)
                  000059e8    00000038     ti_sysbios_config.obj (.text:ti_sysbios_knl_Swi_restore)
                  00005a20    00000038     ti_sysbios_config.obj (.text:ti_sysbios_knl_Task_processVitalTaskFlag)
                  00005a58    00000038     ti_sysbios_config.obj (.text:ti_sysbios_runtime_Memory_alloc)
                  00005a90    00000038     ti_sysbios_config.obj (.text:ti_sysbios_runtime_Startup_exec)
                  00005ac8    00000034     ti_sysbios_config.obj (.text:ClockP_construct)
                  00005afc    00000034     driverlib.lib : aux_sysif.obj (.text:NOROM_AUXSYSIFOpModeChange)
                  00005b30    00000034                   : sys_ctrl.obj (.text:NOROM_SysCtrlIdle)
                  00005b64    00000034     rf_multiMode_cc13x2.a : RFCC26X2_multiMode.c.cc13x2.ccs.o (.text:RF_powerConstraintRelease)
                  00005b98    00000034     rtsv7M4_T_le_v4SPD16_eabi.lib : rand.c.obj (.text:rand)
                  00005bcc    00000034     ti_sysbios_config.obj (.text:ti_sysbios_family_arm_m3_Hwi_Instance_finalize)
                  00005c00    00000034     ti_sysbios_config.obj (.text:ti_sysbios_knl_Task_create)
                  00005c34    00000034     ti_sysbios_config.obj (.text:ti_sysbios_knl_Task_unblockI)
                  00005c68    00000034     ti_sysbios_config.obj (.text:ti_sysbios_runtime_System_atexit)
                  00005c9c    00000032     ti_sysbios_config.obj (.text:ti_sysbios_family_arm_cc26xx_Timer_setNextTick)
                  00005cce    00000002     rtsv7M4_T_le_v4SPD16_eabi.lib : div0.asm.obj (.text)
                  00005cd0    00000030     ti_sysbios_config.obj (.text:BIOS_atExitFunc)
                  00005d00    00000030     ti_drivers_config.obj (.text:Board_wakeUpExtFlash)
                  00005d30    00000030     drivers_cc13x2.a : GPIO.oem4f (.text:GPIO_resetConfig)
                  00005d60    00000030                      : PowerCC26X2.oem4f (.text:Power_releaseConstraint)
                  00005d90    00000030                      : PowerCC26X2.oem4f (.text:Power_setConstraint)
                  00005dc0    00000030     driverlib.lib : osc.obj (.text:SpecialCapArrayWorkaroundEnabledAndNeeded)
                  00005df0    00000030     rf_multiMode_cc13x2.a : rf_patch_cpe_multi_protocol.c.cc13x2.ccs.o (.text:applyMultiProtocolPatch)
                  00005e20    00000030     ti_sysbios_config.obj (.text:ti_sysbios_family_arm_cc26xx_Timer_getCurrentTick)
                  00005e50    00000030     ti_sysbios_config.obj (.text:ti_sysbios_heaps_HeapMem_free)
                  00005e80    00000030     ti_sysbios_config.obj (.text:ti_sysbios_knl_Clock_Instance_init)
                  00005eb0    00000030     ti_sysbios_config.obj (.text:ti_sysbios_knl_Clock_getTicksUntilInterrupt)
                  00005ee0    00000030     ti_sysbios_config.obj (.text:ti_sysbios_knl_TaskSupport_start)
                  00005f10    00000030     ti_sysbios_config.obj (.text:ti_sysbios_knl_Task_restore)
                  00005f40    0000002e     rf_multiMode_cc13x2.a : RFCC26X2_multiMode.c.cc13x2.ccs.o (.text:RF_queueEnd)
                  00005f6e    0000002e     ti_sysbios_config.obj (.text:pthread_setcancelstate)
                  00005f9c    0000002e     ti_sysbios_config.obj (.text:ti_sysbios_family_arm_m3_Hwi_initStack)
                  00005fca    00000002     ti_sysbios_config.obj (.text:ti_sysbios_runtime_SysCallback_defaultAbort)
                  00005fcc    0000002c     rf_multiMode_cc13x2.a : RFCC26X2_multiMode.c.cc13x2.ccs.o (.text:RF_executeDirectImmediateCmd)
                  00005ff8    0000002c     ti_sysbios_config.obj (.text:ti_sysbios_knl_Semaphore_pendTimeout)
                  00006024    0000002c     ti_sysbios_config.obj (.text:ti_sysbios_runtime_System_processAtExit)
                  00006050    0000002a     drivers_cc13x2.a : List.oem4f (.text:List_insert)
                  0000607a    0000002a     rf_multiMode_cc13x2.a : RFCC26X2_multiMode.c.cc13x2.ccs.o (.text:RF_searchAndReplacePAOverride)
                  000060a4    0000002a     ti_sysbios_config.obj (.text:ti_sysbios_gates_GateMutex_enter)
                  000060ce    0000002a     ti_sysbios_config.obj (.text:ti_sysbios_knl_Clock_getTimeout)
                  000060f8    00000028     ti_sysbios_config.obj (.text:BIOS_rtsLock)
                  00006120    00000028     rf_multiMode_cc13x2.a : rfc.c.cc13x2.ccs.o (.text:NOROM_RFCOverrideSearch)
                  00006148    00000028     drivers_cc13x2.a : PowerCC26X2.oem4f (.text:Power_registerNotify)
                  00006170    00000028     rf_multiMode_cc13x2.a : RFCC26X2_multiMode.c.cc13x2.ccs.o (.text:RF_calculateDeltaTimeUs)
                  00006198    00000028                           : RFCC26X2_multiMode.c.cc13x2.ccs.o (.text:RF_runCmd)
                  000061c0    00000028                           : RFCC26X2_multiMode.c.cc13x2.ccs.o (.text:RF_runScheduleCmd)
                  000061e8    00000028     drivers_cc13x2.a : PowerCC26X2.oem4f (.text:oscillatorISR)
                  00006210    00000028     ti_sysbios_config.obj (.text:ti_sysbios_family_arm_m3_Hwi_construct)
                  00006238    00000028     sysbios.a : Hwi_asm.obj (.text:ti_sysbios_family_arm_m3_Hwi_excHandlerAsm)
                  00006260    00000028     ti_sysbios_config.obj (.text:ti_sysbios_gates_GateMutex_Instance_init)
                  00006288    00000028     ti_sysbios_config.obj (.text:ti_sysbios_knl_Semaphore_Instance_init)
                  000062b0    00000028     ti_sysbios_config.obj (.text:ti_sysbios_knl_Swi_init)
                  000062d8    00000028     ti_sysbios_config.obj (.text:ti_sysbios_knl_Task_init)
                  00006300    00000028     ti_sysbios_config.obj (.text:ti_sysbios_knl_Task_restoreHwi)
                  00006328    00000028     drivers_cc13x2.a : GPIOCC26XX.oem4f (.text:writePinmask64)
                  00006350    00000026                      : List.oem4f (.text:List_put)
                  00006376    00000026                      : List.oem4f (.text:List_putHead)
                  0000639c    00000026                      : List.oem4f (.text:List_remove)
                  000063c2    00000026                      : PowerCC26X2.oem4f (.text:disableLFClockQualifiers)
                  000063e8    00000026     sysbios.a : Hwi_asm.obj (.text:ti_sysbios_family_arm_m3_Hwi_pendSV)
                  0000640e    00000002     ti_sysbios_config.obj (.text:ti_sysbios_runtime_System_abortSpin)
                  00006410    00000024     ti_sysbios_config.obj (.text:BIOS_registerRTSLock)
                  00006434    00000024     driverlib.lib : osc.obj (.text:NOROM_OSCHF_TurnOnXosc)
                  00006458    00000024                   : osc.obj (.text:NOROM_OSC_CapArrayAdjustWorkaround_Boot)
                  0000647c    00000024     rf_multiMode_cc13x2.a : rfc.c.cc13x2.ccs.o (.text:NOROM_RFCDoorbellSendTo)
                  000064a0    00000024     drivers_cc13x2.a : PowerCC26X2_calibrateRCOSC_helpers.oem4f (.text:PowerCC26X2_writeCtrim)
                  000064c4    00000024                      : PowerCC26X2_calibrateRCOSC_helpers.oem4f (.text:PowerCC26X2_writeCtrimFract)
                  000064e8    00000024                      : PowerCC26X2_calibrateRCOSC_helpers.oem4f (.text:PowerCC26X2_writeCtrimFractEn)
                  0000650c    00000024                      : PowerCC26X2_calibrateRCOSC_helpers.oem4f (.text:PowerCC26X2_writeRtrim)
                  00006530    00000024     rf_multiMode_cc13x2.a : RFCC26X2_multiMode.c.cc13x2.ccs.o (.text:RF_cmdAlloc)
                  00006554    00000024                           : RFCC26X2_multiMode.c.cc13x2.ccs.o (.text:RF_invokeGlobalCallback)
                  00006578    00000024     ti_sysbios_config.obj (.text:_pthread_cleanupFxn)
                  0000659c    00000024     ti_sysbios_config.obj (.text:_pthread_delete)
                  000065c0    00000024     drivers_cc13x2.a : PowerCC26X2_calibrateRCOSC.oem4f (.text:getTdcSemaphore)
                  000065e4    00000024     ti_sysbios_config.obj (.text:pthread_attr_init)
                  00006608    00000024     ti_sysbios_config.obj (.text:ti_sysbios_family_arm_cc26xx_Timer_getMaxTicks)
                  0000662c    00000024     ti_sysbios_config.obj (.text:ti_sysbios_family_arm_m3_Hwi_setPriority)
                  00006650    00000024     ti_sysbios_config.obj (.text:ti_sysbios_knl_Task_allBlockedFunction)
                  00006674    00000024     ti_sysbios_config.obj (.text:ti_sysbios_knl_Task_destruct)
                  00006698    00000024     ti_sysbios_config.obj (.text:ti_sysbios_knl_Task_enter)
                  000066bc    00000024     ti_sysbios_config.obj (.text:ti_sysbios_runtime_Error_raiseX)
                  000066e0    00000022     drivers_cc13x2.a : List.oem4f (.text:List_get)
                  00006702    00000002     ti_sysbios_config.obj (.text:ti_sysbios_runtime_System_exitSpin)
                  00006704    00000020     ti_sysbios_config.obj (.text:BIOS_removeRTSLock)
                  00006724    00000020     ti_sysbios_config.obj (.text:BIOS_rtsUnlock)
                  00006744    00000020     drivers_cc13x2.a : PowerCC26X2_helpers.oem4f (.text:PowerCC26X2_disableTCXOQual)
                  00006764    00000020                      : PowerCC26X2_helpers.oem4f (.text:PowerCC26X2_enableTCXOQual)
                  00006784    00000020                      : PowerCC26X2.oem4f (.text:Power_unregisterNotify)
                  000067a4    00000020     rf_multiMode_cc13x2.a : RFCC26X2_multiMode.c.cc13x2.ccs.o (.text:RF_clkPowerUp)
                  000067c4    00000020                           : RFCC26X2_multiMode.c.cc13x2.ccs.o (.text:RF_hwiCpe0ChangePhy)
                  000067e4    00000020                           : RFCC26X2_multiMode.c.cc13x2.ccs.o (.text:RF_isStateTransitionAllowed)
                  00006804    00000020                           : RFCC26X2_multiMode.c.cc13x2.ccs.o (.text:RF_ratIsRunning)
                  00006824    00000020     ti_sysbios_config.obj (.text:SemaphoreP_constructBinary)
                  00006844    00000020     ti_sysbios_config.obj (.text:ti_sysbios_knl_Task_construct)
                  00006864    0000001e     drivers_cc13x2.a : PowerCC26X2.oem4f (.text:Power_getTransitionLatency)
                  00006882    0000001e     sysbios.a : Hwi_asm_switch.obj (.text:ti_sysbios_family_arm_m3_Hwi_switchAndRunFunc)
                  000068a0    0000001e     ti_sysbios_config.obj (.text:ti_sysbios_knl_Semaphore_create)
                  000068be    0000001e     ti_sysbios_config.obj (.text:ti_sysbios_knl_Semaphore_destruct)
                  000068dc    0000001c     drivers_cc13x2.a : GPIOCC26XX.oem4f (.text:GPIO_disableInt)
                  000068f8    0000001c                      : GPIO.oem4f (.text:GPIO_setCallback)
                  00006914    0000001c     driverlib.lib : chipinfo.obj (.text:NOROM_ChipInfo_GetChipFamily)
                  00006930    0000001c     rf_multiMode_cc13x2.a : RFCC26X2_multiMode.c.cc13x2.ccs.o (.text:RF_ScheduleCmdParams_init)
                  0000694c    0000001c                           : RFCC26X2_multiMode.c.cc13x2.ccs.o (.text:RF_clkInactivityCallback)
                  00006968    0000001c                           : RFCC26X2_multiMode.c.cc13x2.ccs.o (.text:RF_getPAOverrideOffsetAndValue)
                  00006984    0000001c                           : RFCC26X2_multiMode.c.cc13x2.ccs.o (.text:RF_powerConstraintSet)
                  000069a0    0000001c     ti_sysbios_config.obj (.text:ti_sysbios_knl_Clock_scheduleNextTick)
                  000069bc    0000001c     ti_sysbios_config.obj (.text:ti_sysbios_knl_Queue_put)
                  000069d8    0000001c     sysbios.a : TaskSupport_asm.obj (.text:ti_sysbios_knl_TaskSupport_swap)
                  000069f4    0000001a     drivers_cc13x2.a : PowerCC26X2.oem4f (.text:PowerCC26XX_calibrate)
                  00006a0e    0000001a     ti_sysbios_config.obj (.text:ti_sysbios_knl_Task_delete)
                  00006a28    00000018     ti_sysbios_config.obj (.text:PowerCC26XX_schedulerDisable)
                  00006a40    00000018     ti_sysbios_config.obj (.text:PowerCC26XX_schedulerRestore)
                  00006a58    00000018     drivers_cc13x2.a : PowerCC26X2.oem4f (.text:Power_idleFunc)
                  00006a70    00000018     rf_multiMode_cc13x2.a : RFCC26X2_multiMode.c.cc13x2.ccs.o (.text:RF_swiFsm)
                  00006a88    00000018     rtsv7M4_T_le_v4SPD16_eabi.lib : args_main.c.obj (.text:_args_main)
                  00006aa0    00000018                                   : ll_mul_t2.asm.obj (.text)
                  00006ab8    00000018     ti_sysbios_config.obj (.text:ti_sysbios_family_arm_m3_Hwi_plug)
                  00006ad0    00000018     ti_sysbios_config.obj (.text:ti_sysbios_family_arm_m3_Hwi_switchFromBootStack)
                  00006ae8    00000018     ti_sysbios_config.obj (.text:ti_sysbios_knl_Clock_getTicks)
                  00006b00    00000018     ti_sysbios_config.obj (.text:ti_sysbios_knl_Idle_run)
                  00006b18    00000018     ti_sysbios_config.obj (.text:ti_sysbios_knl_Swi_construct)
                  00006b30    00000018     ti_sysbios_config.obj (.text:ti_sysbios_knl_Swi_destruct)
                  00006b48    00000018     ti_sysbios_config.obj (.text:ti_sysbios_knl_Swi_or)
                  00006b60    00000018     ti_sysbios_config.obj (.text:ti_sysbios_knl_Task_unblock)
                  00006b78    00000016     ti_sysbios_config.obj (.text:BIOS_exitFunc)
                  00006b8e    00000016     ti_sysbios_config.obj (.text:HwiP_setFunc)
                  00006ba4    00000016     driverlib.lib : chipinfo.obj (.text:NOROM_ThisLibraryIsFor_CC13x2_CC26x2_HwRev20AndLater_HaltIfViolated)
                  00006bba    00000016     drivers_cc13x2.a : PowerCC26X2_helpers.oem4f (.text:PowerCC26X2_oschfTrySwitchToXosc)
                  00006bd0    00000016     rf_multiMode_cc13x2.a : RFCC26X2_multiMode.c.cc13x2.ccs.o (.text:RF_restartClockTimeout)
                  00006be6    00000016     dataFormat.obj (.text:deserializeCommand)
                  00006bfc    00000016     dataFormat.obj (.text:deserializeSensorData)
                  00006c12    00000016     ti_sysbios_config.obj (.text:ti_sysbios_knl_Clock_Instance_finalize)
                  00006c28    00000016     ti_sysbios_config.obj (.text:ti_sysbios_knl_Clock_start)
                  00006c3e    00000002     --HOLE-- [fill = 0]
                  00006c40    00000014     ti_sysbios_config.obj (.text:BIOS_setThreadType)
                  00006c54    00000014     ti_drivers_config.obj (.text:Board_init)
                  00006c68    00000014     drivers_cc13x2.a : GPIO.oem4f (.text:GPIO_setUserArg)
                  00006c7c    00000014                      : GPIOCC26XX.oem4f (.text:GPIO_write)
                  00006c90    00000014                      : List.oem4f (.text:List_clearList)
                  00006ca4    00000014     rf_multiMode_cc13x2.a : rfc.c.cc13x2.ccs.o (.text:NOROM_RFCCpeIntGetAndClear)
                  00006cb8    00000014     drivers_cc13x2.a : PowerCC26X2_calibrateRCOSC.oem4f (.text:PowerCC26X2_calibrate)
                  00006ccc    00000014                      : PowerCC26X2_helpers.oem4f (.text:PowerCC26X2_oscClockSourceGet)
                  00006ce0    00000014     rf_multiMode_cc13x2.a : RFCC26X2_multiMode.c.cc13x2.ccs.o (.text:RF_Params_init)
                  00006cf4    00000014                           : RFCC26X2_multiMode.c.cc13x2.ccs.o (.text:RF_dbellSyncOnAck)
                  00006d08    00000014                           : RFCC26X2_multiMode.c.cc13x2.ccs.o (.text:RF_ratGetChannel)
                  00006d1c    00000014                           : rf_patch_cpe_multi_protocol.c.cc13x2.ccs.o (.text:enterMultiProtocolCpeHdPatch)
                  00006d30    00000014     ti_sysbios_config.obj (.text:pthread_attr_setschedparam)
                  00006d44    00000014     ti_sysbios_config.obj (.text:ti_sysbios_family_arm_cc26xx_Timer_dynamicStub)
                  00006d58    00000014     ti_sysbios_config.obj (.text:ti_sysbios_knl_Semaphore_construct)
                  00006d6c    00000014     ti_sysbios_config.obj (.text:ti_sysbios_knl_Swi_construct2)
                  00006d80    00000014     ti_sysbios_config.obj (.text:ti_sysbios_knl_Swi_disable)
                  00006d94    00000014     ti_sysbios_config.obj (.text:ti_sysbios_knl_Swi_enabled)
                  00006da8    00000014     ti_sysbios_config.obj (.text:ti_sysbios_knl_Task_disable)
                  00006dbc    00000014     ti_sysbios_config.obj (.text:ti_sysbios_runtime_Error_init)
                  00006dd0    00000014     ti_sysbios_config.obj (.text:ti_sysbios_runtime_Memory_free)
                  00006de4    00000014     ti_sysbios_config.obj (.text:ti_sysbios_runtime_System_init)
                  00006df8    00000012     ti_sysbios_config.obj (.text:SemaphoreP_pend)
                  00006e0a    00000012     ti_sysbios_config.obj (.text:_pthread_cleanup_pop)
                  00006e1c    00000012     ti_sysbios_config.obj (.text:_pthread_runStub)
                  00006e2e    00000012     ti_sysbios_config.obj (.text:ti_sysbios_family_arm_cc26xx_Timer_postInit)
                  00006e40    00000012     ti_sysbios_config.obj (.text:ti_sysbios_runtime_System_abort)
                  00006e52    00000002     --HOLE-- [fill = 0]
                  00006e54    00000010     ti_sysbios_config.obj (.text:BIOS_exit)
                  00006e64    00000010     ti_sysbios_config.obj (.text:BIOS_start)
                  00006e74    00000010     EasyLink.obj (.text:EasyLink_Params_init)
                  00006e84    00000010     ti_sysbios_config.obj (.text:HwiP_Params_init)
                  00006e94    00000010     rf_multiMode_cc13x2.a : rfc.c.cc13x2.ccs.o (.text:NOROM_RFCHwIntGetAndClear)
                  00006ea4    00000010     drivers_cc13x2.a : PowerCC26X2_helpers.oem4f (.text:PRCMCacheRetentionEnable)
                  00006eb4    00000010                      : PowerCC26X2_helpers.oem4f (.text:PowerCC26X2_oscCtlClearXtal)
                  00006ec4    00000010                      : PowerCC26X2_calibrateRCOSC_helpers.oem4f (.text:PowerCC26X2_readCtrim)
                  00006ed4    00000010                      : PowerCC26X2_calibrateRCOSC_helpers.oem4f (.text:PowerCC26X2_readCtrimFract)
                  00006ee4    00000010                      : PowerCC26X2_calibrateRCOSC_helpers.oem4f (.text:PowerCC26X2_readRtrim)
                  00006ef4    00000010                      : PowerCC26X2_helpers.oem4f (.text:PowerCC26X2_switchToTCXO)
                  00006f04    00000010                      : PowerCC26X2_helpers.oem4f (.text:PowerCC26X2_sysCtrlVoltageConditionalControl)
                  00006f14    00000010     rf_multiMode_cc13x2.a : RFCC26X2_multiMode.c.cc13x2.ccs.o (.text:RF_dbellSubmitCmdAsync)
                  00006f24    00000010                           : RFCC26X2_multiMode.c.cc13x2.ccs.o (.text:RF_isClientOwner)
                  00006f34    00000010     ti_sysbios_config.obj (.text:SwiP_Params_init)
                  00006f44    00000010     ti_sysbios_config.obj (.text:ti_sysbios_family_arm_cc26xx_Timer_getCount64)
                  00006f54    00000010     ti_sysbios_config.obj (.text:ti_sysbios_family_arm_cc26xx_TimestampProvider_init)
                  00006f64    00000010     ti_sysbios_config.obj (.text:ti_sysbios_family_arm_m3_Hwi_excHandler)
                  00006f74    00000010     ti_sysbios_config.obj (.text:ti_sysbios_family_arm_m3_Hwi_getHandle)
                  00006f84    00000010     ti_sysbios_config.obj (.text:ti_sysbios_family_arm_m3_Hwi_post)
                  00006f94    00000010     ti_sysbios_config.obj (.text:ti_sysbios_knl_ClockSupport_getCurrentTick)
                  00006fa4    00000010     ti_sysbios_config.obj (.text:ti_sysbios_knl_ClockSupport_setNextTick)
                  00006fb4    00000010     ti_sysbios_config.obj (.text:ti_sysbios_knl_Clock_enqueueI)
                  00006fc4    00000010     ti_sysbios_config.obj (.text:ti_sysbios_knl_Semaphore_Params_init)
                  00006fd4    00000010     sysbios.a : TaskSupport_asm.obj (.text:ti_sysbios_knl_TaskSupport_glue)
                  00006fe4    0000000e     rf_multiMode_cc13x2.a : RFCC26X2_multiMode.c.cc13x2.ccs.o (.text:RF_getSwitchingTimeInUs)
                  00006ff2    0000000e     rtsv7M4_T_le_v4SPD16_eabi.lib : copy_decompress_none.c.obj (.text:decompress:none:__TI_decompress_none)
                  00007000    0000000e     ti_sysbios_config.obj (.text:pthread_attr_setdetachstate)
                  0000700e    0000000e     ti_sysbios_config.obj (.text:ti_sysbios_gates_GateMutex_leave)
                  0000701c    0000000e     ti_sysbios_config.obj (.text:ti_sysbios_heaps_HeapMem_restore)
                  0000702a    0000000e     ti_sysbios_config.obj (.text:ti_sysbios_knl_Clock_initI)
                  00007038    0000000e     ti_sysbios_config.obj (.text:ti_sysbios_knl_Queue_empty)
                  00007046    0000000e     ti_sysbios_config.obj (.text:ti_sysbios_knl_Queue_remove)
                  00007054    0000000c     ti_sysbios_config.obj (.text:BIOS_getThreadType)
                  00007060    0000000c     ti_sysbios_config.obj (.text:BIOS_linkedWithIncorrectBootLibrary)
                  0000706c    0000000c     ti_sysbios_config.obj (.text:HwiP_disable)
                  00007078    0000000c     driverlib.lib : cpu.obj (.text:NOROM_CPUcpsid)
                  00007084    0000000c                   : cpu.obj (.text:NOROM_CPUcpsie)
                  00007090    0000000c     drivers_cc13x2.a : PowerCC26X2.oem4f (.text:Power_getConstraintMask)
                  0000709c    0000000c                      : PowerCC26X2.oem4f (.text:Power_getDependencyCount)
                  000070a8    0000000c     rf_multiMode_cc13x2.a : RFCC26X2_multiMode.c.cc13x2.ccs.o (.text:RF_powerConstraintGet)
                  000070b4    0000000c     rtsv7M4_T_le_v4SPD16_eabi.lib : _lock.c.obj (.text:_register_lock)
                  000070c0    0000000c                                   : _lock.c.obj (.text:_register_unlock)
                  000070cc    0000000c                                   : copy_zero_init.c.obj (.text:decompress:ZI:__TI_zero_init)
                  000070d8    0000000c     drivers_cc13x2.a : PowerCC26X2.oem4f (.text:switchToTCXO)
                  000070e4    0000000c     ti_sysbios_config.obj (.text:ti_sysbios_heaps_HeapMem_init)
                  000070f0    0000000c     ti_sysbios_config.obj (.text:ti_sysbios_knl_ClockSupport_getMaxTicks)
                  000070fc    0000000c     ti_sysbios_config.obj (.text:ti_sysbios_knl_Clock_tick)
                  00007108    0000000c     ti_sysbios_config.obj (.text:ti_sysbios_knl_Queue_dequeue)
                  00007114    0000000c     ti_sysbios_config.obj (.text:ti_sysbios_knl_Queue_enqueue)
                  00007120    0000000c     ti_sysbios_config.obj (.text:ti_sysbios_knl_Queue_insert)
                  0000712c    0000000c     ti_sysbios_config.obj (.text:ti_sysbios_knl_Swi_getTrigger)
                  00007138    0000000c     ti_sysbios_config.obj (.text:ti_sysbios_knl_Swi_self)
                  00007144    0000000c     ti_sysbios_config.obj (.text:ti_sysbios_knl_TaskSupport_checkStack)
                  00007150    0000000c     ti_sysbios_config.obj (.text:ti_sysbios_knl_Task_self)
                  0000715c    0000000c     ti_sysbios_config.obj (.text:ti_sysbios_runtime_System_exit)
                  00007168    0000000a     ti_sysbios_config.obj (.text:ClockP_Params_init)
                  00007172    0000000a     drivers_cc13x2.a : PowerCC26X2_helpers.oem4f (.text:PowerCC26X2_sysCtrlStandby)
                  0000717c    0000000a     ti_sysbios_config.obj (.text:pthread_self)
                  00007186    00000008     ti_sysbios_config.obj (.text:pthread_attr_setstacksize)
                  0000718e    00000008     ti_sysbios_config.obj (.text:ti_sysbios_family_arm_m3_Hwi_doSwiRestore)
                  00007196    00000008     ti_sysbios_config.obj (.text:ti_sysbios_family_arm_m3_Hwi_startup)
                  0000719e    00000008     ti_sysbios_config.obj (.text:ti_sysbios_knl_Idle_loop)
                  000071a6    00000006     driverlib.lib : cpu.obj (.text:NOROM_CPUdelay)
                  000071ac    00000006     rf_multiMode_cc13x2.a : RFCC26X2_multiMode.c.cc13x2.ccs.o (.text:RF_clkReqAccess)
                  000071b2    00000006     drivers_cc13x2.a : PowerCC26X2.oem4f (.text:delayUs)
                  000071b8    00000006     ti_sysbios_config.obj (.text:ti_sysbios_family_arm_m3_Hwi_destruct)
                  000071be    00000006     ti_sysbios_config.obj (.text:ti_sysbios_family_arm_m3_Hwi_doTaskRestore)
                  000071c4    00000006     ti_sysbios_config.obj (.text:ti_sysbios_family_arm_m3_Hwi_restore)
                  000071ca    00000006     ti_sysbios_config.obj (.text:ti_sysbios_knl_Clock_stop)
                  000071d0    00000006     ti_sysbios_config.obj (.text:ti_sysbios_knl_Queue_elemClear)
                  000071d6    00000006     ti_sysbios_config.obj (.text:ti_sysbios_knl_Semaphore_Instance_finalize)
                  000071dc    00000006     ti_sysbios_config.obj (.text:ti_sysbios_knl_Swi_startup)
                  000071e2    00000004     ti_sysbios_config.obj (.text:CPUwfi)
                  000071e6    00000004     ti_sysbios_config.obj (.text:ClockP_destruct)
                  000071ea    00000004     ti_sysbios_config.obj (.text:ClockP_getSystemTickPeriod)
                  000071ee    00000004     ti_sysbios_config.obj (.text:ClockP_getTimeout)
                  000071f2    00000004     ti_sysbios_config.obj (.text:ClockP_isActive)
                  000071f6    00000004     ti_sysbios_config.obj (.text:ClockP_setTimeout)
                  000071fa    00000004     ti_sysbios_config.obj (.text:ClockP_start)
                  000071fe    00000004     ti_sysbios_config.obj (.text:ClockP_stop)
                  00007202    00000004     ti_sysbios_config.obj (.text:HwiP_destruct)
                  00007206    00000004     ti_sysbios_config.obj (.text:HwiP_enableInterrupt)
                  0000720a    00000004     ti_sysbios_config.obj (.text:HwiP_post)
                  0000720e    00000004     rf_multiMode_cc13x2.a : rfc.c.cc13x2.ccs.o (.text:NOROM_RFCOverrideUpdate)
                  00007212    00000004                           : RFCC26X2_multiMode.c.cc13x2.ccs.o (.text:RF_defaultExecutionPolicy)
                  00007216    00000004     ti_sysbios_config.obj (.text:SemaphoreP_destruct)
                  0000721a    00000004     ti_sysbios_config.obj (.text:SemaphoreP_post)
                  0000721e    00000004     ti_sysbios_config.obj (.text:SwiP_destruct)
                  00007222    00000004     ti_sysbios_config.obj (.text:SwiP_disable)
                  00007226    00000004     ti_sysbios_config.obj (.text:SwiP_getTrigger)
                  0000722a    00000004     ti_sysbios_config.obj (.text:SwiP_or)
                  0000722e    00000004     drivers_cc13x2.a : PowerCC26X2.oem4f (.text:configureRFCoreClocks)
                  00007232    00000004                      : PowerCC26X2.oem4f (.text:nopResourceHandler)
                  00007236    00000004     ti_sysbios_config.obj (.text:ti_sysbios_heaps_HeapMem_isBlocking)

.const     0    0000723c    00001459     
                  0000723c    00000ca4     ti_sysbios_config.obj (.const:$O2$$)
                  00007ee0    000006ec     rf_multiMode_cc13x2.a : rf_patch_cpe_multi_protocol.c.cc13x2.ccs.o (.const:$O1$$)
                  000085cc    00000054     drivers_cc13x2.a : PowerCC26X2.oem4f (.const:resourceDB)
                  00008620    00000020     rf_multiMode_cc13x2.a : RFCC26X2_multiMode.c.cc13x2.ccs.o (.const:RF_defaultParams)
                  00008640    00000014     ti_drivers_config.obj (.const:PowerCC26X2_config)
                  00008654    00000010     EasyLink.obj (.const:EasyLink_defaultParams)
                  00008664    00000010     ti_drivers_config.obj (.const:GPIO_config)
                  00008674    0000000c     ti_drivers_config.obj (.const:RFCC26XX_hwAttrs)
                  00008680    00000008     driverlib.lib : aux_sysif.obj (.const:$O1$$)
                  00008688    00000008     ti_sysbios_config.obj (.const:ti_sysbios_knl_Idle_funcList)
                  00008690    00000004     ti_drivers_config.obj (.const)
                  00008694    00000001     ti_easylink_config.obj (.const)

.args      0    00008698    00000008     
                  00008698    00000008     --HOLE-- [fill = 0]

MODULE SUMMARY

       Module                                       code    ro data   rw data
       ------                                       ----    -------   -------
    .\
       moveStructsRx.obj                            156     0         152    
       main_tirtos.obj                              96      0         0      
    +--+--------------------------------------------+-------+---------+---------+
       Total:                                       252     0         152    
                                                                             
    .\data\
       dataFormat.obj                               44      0         0      
    +--+--------------------------------------------+-------+---------+---------+
       Total:                                       44      0         0      
                                                                             
    .\easylink\
       EasyLink.obj                                 2030    16        1160   
    +--+--------------------------------------------+-------+---------+---------+
       Total:                                       2030    16        1160   
                                                                             
    .\syscfg\
       ti_sysbios_config.obj                        9256    3304      1985   
       ti_drivers_config.obj                        240     52        372    
       ti_radio_config.obj                          0       0         298    
       ti_devices_config.obj                        0       88        0      
       ti_easylink_config.obj                       0       1         36     
    +--+--------------------------------------------+-------+---------+---------+
       Total:                                       9496    3445      2691   
                                                                             
    F:/ti/ccs1110/simplelink_cc13xx_cc26xx_sdk_6_10_00_29/kernel/tirtos7/packages/ti/sysbios/lib/ccs/m4f/sysbios.a
       Hwi_asm.obj                                  322     0         0      
       auto_init.obj                                160     0         0      
       Hwi_asm_switch.obj                           118     0         0      
       boot.obj                                     88      0         0      
       TaskSupport_asm.obj                          44      0         0      
    +--+--------------------------------------------+-------+---------+---------+
       Total:                                       732     0         0      
                                                                             
    F:/ti/ccs1110/simplelink_cc13xx_cc26xx_sdk_6_10_00_29/source/ti/devices/cc13x2_cc26x2/driverlib/bin/ccs/driverlib.lib
       osc.obj                                      484     0         36     
       sys_ctrl.obj                                 420     0         0      
       setup.obj                                    368     0         0      
       chipinfo.obj                                 246     0         0      
       prcm.obj                                     168     0         0      
       aux_sysif.obj                                52      8         0      
       cpu.obj                                      30      0         0      
    +--+--------------------------------------------+-------+---------+---------+
       Total:                                       1768    8         36     
                                                                             
    F:/ti/ccs1110/simplelink_cc13xx_cc26xx_sdk_6_10_00_29/source/ti/drivers/lib/ccs/m4f/drivers_cc13x2.a
       PowerCC26X2.oem4f                            1930    84        368    
       PowerCC26X2_calibrateRCOSC.oem4f             980     0         0      
       GPIOCC26XX.oem4f                             524     0         29     
       PowerCC26X2_calibrateRCOSC_helpers.oem4f     448     0         0      
       PowerCC26X2_helpers.oem4f                    244     0         0      
       List.oem4f                                   210     0         0      
       GPIO.oem4f                                   96      0         0      
    +--+--------------------------------------------+-------+---------+---------+
       Total:                                       4432    84        397    
                                                                             
    F:/ti/ccs1110/simplelink_cc13xx_cc26xx_sdk_6_10_00_29/source/ti/drivers/rf/lib/ccs/m4f/rf_multiMode_cc13x2.a
       RFCC26X2_multiMode.c.cc13x2.ccs.o            9172    32        1317   
       rf_patch_cpe_multi_protocol.c.cc13x2.ccs.o   188     1772      1      
       rfc.c.cc13x2.ccs.o                           302     0         0      
    +--+--------------------------------------------+-------+---------+---------+
       Total:                                       9662    1804      1318   
                                                                             
    F:\ti\ccs1110\ccs\tools\compiler\ti-cgt-arm_20.2.6.LTS\lib\rtsv7M4_T_le_v4SPD16_eabi.lib
       memcpy_t2.asm.obj                            156     0         0      
       ull_div_t2.asm.obj                           150     0         0      
       memset_t2.asm.obj                            122     0         0      
       copy_decompress_lzss.c.obj                   104     0         0      
       cpy_tbl.c.obj                                76      0         0      
       rand.c.obj                                   52      0         4      
       _lock.c.obj                                  26      0         8      
       args_main.c.obj                              24      0         0      
       ll_mul_t2.asm.obj                            24      0         0      
       copy_decompress_none.c.obj                   14      0         0      
       copy_zero_init.c.obj                         12      0         0      
       stkdepth_vars.c.obj                          0       0         4      
       div0.asm.obj                                 2       0         0      
    +--+--------------------------------------------+-------+---------+---------+
       Total:                                       762     0         16     
                                                                             
       Stack:                                       0       0         1024   
       Linker Generated:                            0       486       0      
    +--+--------------------------------------------+-------+---------+---------+
       Grand Total:                                 29178   5843      6794   


LINKER GENERATED COPY TABLES

__TI_cinit_table @ 00008878 records: 2, size/record: 8, table size: 16
	.data: load addr=000086a0, load size=000001c2 bytes, run addr=200040d8, run size=00001099 bytes, compression=lzss
	.bss: load addr=00008870, load size=00000008 bytes, run addr=20005178, run size=00000519 bytes, compression=zero_init


LINKER GENERATED HANDLER TABLE

__TI_handler_table @ 00008864 records: 3, size/record: 4, table size: 12
	index: 0, handler: __TI_decompress_lzss
	index: 1, handler: __TI_decompress_none
	index: 2, handler: __TI_zero_init


GLOBAL SYMBOLS: SORTED ALPHABETICALLY BY Name 

address   name                                                               
-------   ----                                                               
20004b58  BIOS_Module_state                                                  
00005cd1  BIOS_atExitFunc                                                    
00006e55  BIOS_exit                                                          
00006b79  BIOS_exitFunc                                                      
00007055  BIOS_getThreadType                                                 
20004b2c  BIOS_heapMemObject                                                 
00004f85  BIOS_init                                                          
00007061  BIOS_linkedWithIncorrectBootLibrary                                
00002a47  BIOS_nullFunc                                                      
00006411  BIOS_registerRTSLock                                               
00006705  BIOS_removeRTSLock                                                 
20004ab4  BIOS_rtsGate                                                       
000060f9  BIOS_rtsLock                                                       
00006725  BIOS_rtsUnlock                                                     
00006c41  BIOS_setThreadType                                                 
00006e65  BIOS_start                                                         
0000534d  BIOS_startFunc                                                     
00006c55  Board_init                                                         
00003733  Board_initHook                                                     
00004d8d  Board_sendExtFlashByte                                             
00004e39  Board_shutDownExtFlash                                             
00005d01  Board_wakeUpExtFlash                                               
00002d59  Boot_trimDevice                                                    
00008693  CONFIG_GPIO_GLED_CONST                                             
00008692  CONFIG_GPIO_RLED_CONST                                             
00007169  ClockP_Params_init                                                 
00005ac9  ClockP_construct                                                   
000071e7  ClockP_destruct                                                    
000071eb  ClockP_getSystemTickPeriod                                         
00006ae9  ClockP_getSystemTicks                                              
000071ef  ClockP_getTimeout                                                  
000071f3  ClockP_isActive                                                    
000071f7  ClockP_setTimeout                                                  
000071fb  ClockP_start                                                       
000071ff  ClockP_stop                                                        
00006e75  EasyLink_Params_init                                               
0000003d  EasyLink_init                                                      
00008694  EasyLink_numSupportedPhys                                          
00000ced  EasyLink_receive                                                   
200050d0  EasyLink_supportedPhys                                             
00008664  GPIO_config                                                        
000068dd  GPIO_disableInt                                                    
00004f35  GPIO_hwiIntFxn                                                     
000025ed  GPIO_init                                                          
00008690  GPIO_pinLowerBound                                                 
00008691  GPIO_pinUpperBound                                                 
00005d31  GPIO_resetConfig                                                   
000068f9  GPIO_setCallback                                                   
00003ced  GPIO_setConfig                                                     
00006c69  GPIO_setUserArg                                                    
00006c7d  GPIO_write                                                         
00004000  HEAPSIZE                                                           
00006e85  HwiP_Params_init                                                   
000054e5  HwiP_construct                                                     
00007203  HwiP_destruct                                                      
0000706d  HwiP_disable                                                       
00007207  HwiP_enableInterrupt                                               
0000720b  HwiP_post                                                          
000071c5  HwiP_restore                                                       
00006b8f  HwiP_setFunc                                                       
UNDEFED   ITM_flush                                                          
UNDEFED   ITM_restore                                                        
00006c91  List_clearList                                                     
000066e1  List_get                                                           
00006051  List_insert                                                        
00006351  List_put                                                           
00006377  List_putHead                                                       
0000639d  List_remove                                                        
00005afd  NOROM_AUXSYSIFOpModeChange                                         
00007079  NOROM_CPUcpsid                                                     
00007085  NOROM_CPUcpsie                                                     
000071a7  NOROM_CPUdelay                                                     
00006915  NOROM_ChipInfo_GetChipFamily                                       
00003aed  NOROM_ChipInfo_GetChipType                                         
00005391  NOROM_ChipInfo_GetHwRevision                                       
00003851  NOROM_OSCHF_AttemptToSwitchToXosc                                  
00004581  NOROM_OSCHF_SwitchToRcOscTurnOffXosc                               
00006435  NOROM_OSCHF_TurnOnXosc                                             
00006459  NOROM_OSC_CapArrayAdjustWorkaround_Boot                            
00005525  NOROM_OSC_HPOSCRelativeFrequencyOffsetGet                          
000048a9  NOROM_PRCMPowerDomainsAllOff                                       
00004fd1  NOROM_PRCMPowerDomainsAllOn                                        
00004213  NOROM_RFCAnaDivTxOverride                                          
00006ca5  NOROM_RFCCpeIntGetAndClear                                         
00003edb  NOROM_RFCCpePatchReset                                             
0000647d  NOROM_RFCDoorbellSendTo                                            
00006e95  NOROM_RFCHwIntGetAndClear                                          
00006121  NOROM_RFCOverrideSearch                                            
0000720f  NOROM_RFCOverrideUpdate                                            
000051e5  NOROM_RFCSynthPowerDown                                            
00002d59  NOROM_SetupTrimDevice                                              
00005b31  NOROM_SysCtrlIdle                                                  
00003b6d  NOROM_SysCtrlSetRechargeBeforePowerDown                            
0000240d  NOROM_SysCtrlStandby                                               
00006ba5  NOROM_ThisLibraryIsFor_CC13x2_CC26x2_HwRev20AndLater_HaltIfViolated
UNDEFED   PIN_hwi_bypass                                                     
00005565  PowerCC26X2_RCOSC_clockFunc                                        
00003edd  PowerCC26X2_auxISR                                                 
00006cb9  PowerCC26X2_calibrate                                              
00008640  PowerCC26X2_config                                                 
00006745  PowerCC26X2_disableTCXOQual                                        
00006765  PowerCC26X2_enableTCXOQual                                         
00004a75  PowerCC26X2_initiateCalibration                                    
20004d20  PowerCC26X2_module                                                 
00006ccd  PowerCC26X2_oscClockSourceGet                                      
00006eb5  PowerCC26X2_oscCtlClearXtal                                        
000055a5  PowerCC26X2_oscDisableQualifiers                                   
00004581  PowerCC26X2_oschfSwitchToRcosc                                     
00006bbb  PowerCC26X2_oschfTrySwitchToXosc                                   
00006ea5  PowerCC26X2_prcmEnableCacheRetention                               
00006ec5  PowerCC26X2_readCtrim                                              
00006ed5  PowerCC26X2_readCtrimFract                                         
00006ee5  PowerCC26X2_readRtrim                                              
000055e5  PowerCC26X2_setAclkRefSrc                                          
000057a1  PowerCC26X2_setTdcClkSrc24M                                        
00006ef5  PowerCC26X2_switchToTCXO                                           
00005b31  PowerCC26X2_sysCtrlIdle                                            
00007173  PowerCC26X2_sysCtrlStandby                                         
00006f05  PowerCC26X2_sysCtrlVoltageConditionalControl                       
00003961  PowerCC26X2_updateSubSecInc                                        
000064a1  PowerCC26X2_writeCtrim                                             
000064c5  PowerCC26X2_writeCtrimFract                                        
000064e9  PowerCC26X2_writeCtrimFractEn                                      
0000650d  PowerCC26X2_writeRtrim                                             
000069f5  PowerCC26XX_calibrate                                              
00005625  PowerCC26XX_isStableXOSC_HF                                        
00006a29  PowerCC26XX_schedulerDisable                                       
00006a41  PowerCC26XX_schedulerRestore                                       
0000303d  PowerCC26XX_standbyPolicy                                          
20004998  PowerCC26XX_swiKey                                                 
0000522d  PowerCC26XX_switchXOSC_HF                                          
20004994  PowerCC26XX_taskKey                                                
00007091  Power_getConstraintMask                                            
0000709d  Power_getDependencyCount                                           
00006865  Power_getTransitionLatency                                         
00006a59  Power_idleFunc                                                     
00001ad9  Power_init                                                         
00006149  Power_registerNotify                                               
00005d61  Power_releaseConstraint                                            
00002bd9  Power_releaseDependency                                            
00005d91  Power_setConstraint                                                
00002ed1  Power_setDependency                                                
00001321  Power_sleep                                                        
00006785  Power_unregisterNotify                                             
00008674  RFCC26XX_hwAttrs                                                   
20005160  RFCC26XX_schedulerPolicy                                           
00006ce1  RF_Params_init                                                     
00006931  RF_ScheduleCmdParams_init                                          
00001bfd  RF_close                                                           
20005118  RF_cmdFs                                                           
20005084  RF_cmdPropRadioDivSetup                                            
20005054  RF_cmdPropRxAdv                                                    
20005130  RF_cmdPropTx                                                       
00007213  RF_defaultExecutionPolicy                                          
00004de3  RF_defaultSubmitPolicy                                             
00004285  RF_getCurrentTime                                                  
00000a55  RF_open                                                            
0000289d  RF_pendCmd                                                         
000026d5  RF_postCmd                                                         
000070a9  RF_powerConstraintGet                                              
00005b65  RF_powerConstraintRelease                                          
00006985  RF_powerConstraintSet                                              
20005148  RF_prop                                                            
00006199  RF_runCmd                                                          
000061c1  RF_runScheduleCmd                                                  
00000f35  RF_scheduleCmd                                                     
00004b25  ResetISR                                                           
UNDEFED   SHT$$INIT_ARRAY$$Base                                              
UNDEFED   SHT$$INIT_ARRAY$$Limit                                             
00006825  SemaphoreP_constructBinary                                         
00007217  SemaphoreP_destruct                                                
00006df9  SemaphoreP_pend                                                    
0000721b  SemaphoreP_post                                                    
00006f35  SwiP_Params_init                                                   
00005069  SwiP_construct                                                     
0000721f  SwiP_destruct                                                      
00007223  SwiP_disable                                                       
00007227  SwiP_getTrigger                                                    
0000722b  SwiP_or                                                            
000059e9  SwiP_restore                                                       
20014000  __STACK_END                                                        
00000400  __STACK_SIZE                                                       
00008878  __TI_CINIT_Base                                                    
00008888  __TI_CINIT_Limit                                                   
00008864  __TI_Handler_Table_Base                                            
00008870  __TI_Handler_Table_Limit                                           
00003391  __TI_auto_init                                                     
00004651  __TI_decompress_lzss                                               
00006ff3  __TI_decompress_none                                               
ffffffff  __TI_pprof_out_hndl                                                
ffffffff  __TI_prof_data_size                                                
ffffffff  __TI_prof_data_start                                               
00000000  __TI_static_base__                                                 
000070cd  __TI_zero_init                                                     
00005ccf  __aeabi_idiv0                                                      
00005ccf  __aeabi_ldiv0                                                      
00006aa1  __aeabi_lmul                                                       
00003e61  __aeabi_memclr                                                     
00003e61  __aeabi_memclr4                                                    
00003e61  __aeabi_memclr8                                                    
000034cd  __aeabi_memcpy                                                     
000034cd  __aeabi_memcpy4                                                    
000034cd  __aeabi_memcpy8                                                    
00003e63  __aeabi_memset                                                     
00003e63  __aeabi_memset4                                                    
00003e63  __aeabi_memset8                                                    
0000369d  __aeabi_uldivmod                                                   
ffffffff  __binit__                                                          
00008698  __c_args__                                                         
00057fa8  __ccfg                                                             
200040d8  __primary_heap_end__                                               
200000d8  __primary_heap_start__                                             
20013c00  __stack                                                            
20000000  __start___llvm_prf_cnts                                            
20000000  __stop___llvm_prf_cnts                                             
00006a89  _args_main                                                         
00004b25  _c_int00                                                           
200050ac  _hposcCoeffs                                                       
20005158  _lock                                                              
000047e7  _nop                                                               
00006579  _pthread_cleanupFxn                                                
00006e0b  _pthread_cleanup_pop                                               
00003de5  _pthread_removeThreadKeys                                          
000070b5  _register_lock                                                     
000070c1  _register_unlock                                                   
00005a91  _system_post_cinit                                                 
00002d59  _system_pre_init                                                   
2000515c  _unlock                                                            
ffffffff  binit                                                              
000050b5  copy_in                                                            
00005725  createTxAdvFromTx                                                  
00006be7  deserializeCommand                                                 
00006bfd  deserializeSensorData                                              
200054e8  gpioCallbackFunctions                                              
20004f28  gpioPinConfigs                                                     
20005564  gpioUserArgs                                                       
00005a91  iar_startup_exec                                                   
00002d59  iar_startup_reset                                                  
00004849  main                                                               
00003431  mainThread                                                         
2000516c  main_func_sp                                                       
000034cd  memcpy                                                             
00003e69  memset                                                             
200050f4  pOverrides                                                         
000065e5  pthread_attr_init                                                  
00007001  pthread_attr_setdetachstate                                        
00006d31  pthread_attr_setschedparam                                         
00007187  pthread_attr_setstacksize                                          
00002129  pthread_create                                                     
00004acd  pthread_exit                                                       
0000717d  pthread_self                                                       
00005f6f  pthread_setcancelstate                                             
00005b99  rand                                                               
000085cc  resourceDB                                                         
00005df1  rf_patch_cpe_multi_protocol                                        
20004e90  rxPacket                                                           
200049f0  ti_sysbios_family_arm_cc26xx_Timer_Module_state                    
00001875  ti_sysbios_family_arm_cc26xx_Timer_construct                       
[...]
000064a1  PowerCC26X2_writeCtrim                                             
000064c5  PowerCC26X2_writeCtrimFract                                        
000064e9  PowerCC26X2_writeCtrimFractEn                                      
0000650d  PowerCC26X2_writeRtrim                                             
00006579  _pthread_cleanupFxn                                                
000065e5  pthread_attr_init                                                  
00006609  ti_sysbios_family_arm_cc26xx_Timer_getMaxTicks                     
0000662d  ti_sysbios_family_arm_m3_Hwi_setPriority                           
00006651  ti_sysbios_knl_Task_allBlockedFunction                             
00006675  ti_sysbios_knl_Task_destruct                                       
00006699  ti_sysbios_knl_Task_enter                                          
000066bd  ti_sysbios_runtime_Error_raiseX                                    
000066e1  List_get                                                           
00006703  ti_sysbios_runtime_System_exitSpin                                 
00006705  BIOS_removeRTSLock                                                 
00006725  BIOS_rtsUnlock                                                     
00006745  PowerCC26X2_disableTCXOQual                                        
00006765  PowerCC26X2_enableTCXOQual                                         
00006785  Power_unregisterNotify                                             
00006825  SemaphoreP_constructBinary                                         
00006845  ti_sysbios_knl_Task_construct                                      
00006865  Power_getTransitionLatency                                         
00006883  ti_sysbios_family_arm_m3_Hwi_switchAndRunFunc                      
000068a1  ti_sysbios_knl_Semaphore_create                                    
000068bf  ti_sysbios_knl_Semaphore_destruct                                  
000068dd  GPIO_disableInt                                                    
000068f9  GPIO_setCallback                                                   
00006915  NOROM_ChipInfo_GetChipFamily                                       
00006931  RF_ScheduleCmdParams_init                                          
00006985  RF_powerConstraintSet                                              
000069a1  ti_sysbios_knl_Clock_scheduleNextTick                              
000069bd  ti_sysbios_knl_Queue_put                                           
000069d9  ti_sysbios_knl_TaskSupport_swap                                    
000069e9  ti_sysbios_knl_TaskSupport_swapReturn                              
000069f5  PowerCC26XX_calibrate                                              
00006a0f  ti_sysbios_knl_Task_delete                                         
00006a29  PowerCC26XX_schedulerDisable                                       
00006a41  PowerCC26XX_schedulerRestore                                       
00006a59  Power_idleFunc                                                     
00006a89  _args_main                                                         
00006aa1  __aeabi_lmul                                                       
00006ab9  ti_sysbios_family_arm_m3_Hwi_plug                                  
00006ad1  ti_sysbios_family_arm_m3_Hwi_switchFromBootStack                   
00006ae9  ClockP_getSystemTicks                                              
00006ae9  ti_sysbios_knl_Clock_getTicks                                      
00006b01  ti_sysbios_knl_Idle_run                                            
00006b19  ti_sysbios_knl_Swi_construct                                       
00006b31  ti_sysbios_knl_Swi_destruct                                        
00006b49  ti_sysbios_knl_Swi_or                                              
00006b61  ti_sysbios_knl_Task_unblock                                        
00006b79  BIOS_exitFunc                                                      
00006b8f  HwiP_setFunc                                                       
00006ba5  NOROM_ThisLibraryIsFor_CC13x2_CC26x2_HwRev20AndLater_HaltIfViolated
00006bbb  PowerCC26X2_oschfTrySwitchToXosc                                   
00006be7  deserializeCommand                                                 
00006bfd  deserializeSensorData                                              
00006c13  ti_sysbios_knl_Clock_Instance_finalize                             
00006c13  ti_sysbios_knl_Clock_destruct                                      
00006c29  ti_sysbios_knl_Clock_start                                         
00006c41  BIOS_setThreadType                                                 
00006c55  Board_init                                                         
00006c69  GPIO_setUserArg                                                    
00006c7d  GPIO_write                                                         
00006c91  List_clearList                                                     
00006ca5  NOROM_RFCCpeIntGetAndClear                                         
00006cb9  PowerCC26X2_calibrate                                              
00006ccd  PowerCC26X2_oscClockSourceGet                                      
00006ce1  RF_Params_init                                                     
00006d31  pthread_attr_setschedparam                                         
00006d45  ti_sysbios_family_arm_cc26xx_Timer_dynamicStub                     
00006d59  ti_sysbios_knl_Semaphore_construct                                 
00006d6d  ti_sysbios_knl_Swi_construct2                                      
00006d81  ti_sysbios_family_arm_m3_Hwi_swiDisable                            
00006d81  ti_sysbios_knl_Swi_disable                                         
00006d95  ti_sysbios_knl_Swi_enabled                                         
00006da9  ti_sysbios_family_arm_m3_Hwi_taskDisable                           
00006da9  ti_sysbios_knl_Task_disable                                        
00006dbd  ti_sysbios_runtime_Error_init                                      
00006dd1  ti_sysbios_runtime_Memory_free                                     
00006de5  ti_sysbios_runtime_System_init                                     
00006df9  SemaphoreP_pend                                                    
00006e0b  _pthread_cleanup_pop                                               
00006e2f  ti_sysbios_family_arm_cc26xx_Timer_postInit                        
00006e41  ti_sysbios_runtime_System_abort                                    
00006e55  BIOS_exit                                                          
00006e65  BIOS_start                                                         
00006e75  EasyLink_Params_init                                               
00006e85  HwiP_Params_init                                                   
00006e95  NOROM_RFCHwIntGetAndClear                                          
00006ea5  PowerCC26X2_prcmEnableCacheRetention                               
00006eb5  PowerCC26X2_oscCtlClearXtal                                        
00006ec5  PowerCC26X2_readCtrim                                              
00006ed5  PowerCC26X2_readCtrimFract                                         
00006ee5  PowerCC26X2_readRtrim                                              
00006ef5  PowerCC26X2_switchToTCXO                                           
00006f05  PowerCC26X2_sysCtrlVoltageConditionalControl                       
00006f35  SwiP_Params_init                                                   
00006f45  ti_sysbios_family_arm_cc26xx_Timer_getCount64                      
00006f55  ti_sysbios_family_arm_cc26xx_TimestampProvider_init                
00006f55  ti_sysbios_runtime_Timestamp_init                                  
00006f65  ti_sysbios_family_arm_m3_Hwi_excHandler                            
00006f75  ti_sysbios_family_arm_m3_Hwi_getHandle                             
00006f85  ti_sysbios_family_arm_m3_Hwi_post                                  
00006f95  ti_sysbios_knl_ClockSupport_getCurrentTick                         
00006fa5  ti_sysbios_knl_ClockSupport_setNextTick                            
00006fb5  ti_sysbios_knl_Clock_enqueueI                                      
00006fc5  ti_sysbios_knl_Semaphore_Params_init                               
00006fd5  ti_sysbios_knl_TaskSupport_glue                                    
00006ff3  __TI_decompress_none                                               
00007001  pthread_attr_setdetachstate                                        
0000700f  ti_sysbios_gates_GateMutex_leave                                   
0000701d  ti_sysbios_heaps_HeapMem_restore                                   
0000702b  ti_sysbios_knl_Clock_initI                                         
00007039  ti_sysbios_knl_Queue_empty                                         
00007047  ti_sysbios_knl_Queue_remove                                        
00007055  BIOS_getThreadType                                                 
00007061  BIOS_linkedWithIncorrectBootLibrary                                
0000706d  HwiP_disable                                                       
00007079  NOROM_CPUcpsid                                                     
00007085  NOROM_CPUcpsie                                                     
00007091  Power_getConstraintMask                                            
0000709d  Power_getDependencyCount                                           
000070a9  RF_powerConstraintGet                                              
000070b5  _register_lock                                                     
000070c1  _register_unlock                                                   
000070cd  __TI_zero_init                                                     
000070e5  ti_sysbios_heaps_HeapMem_init                                      
000070f1  ti_sysbios_knl_ClockSupport_getMaxTicks                            
000070fd  ti_sysbios_knl_Clock_tick                                          
00007109  ti_sysbios_knl_Queue_dequeue                                       
00007115  ti_sysbios_knl_Queue_enqueue                                       
00007121  ti_sysbios_knl_Queue_insert                                        
0000712d  ti_sysbios_knl_Swi_getTrigger                                      
00007139  ti_sysbios_knl_Swi_self                                            
00007145  ti_sysbios_knl_TaskSupport_checkStack                              
00007151  ti_sysbios_knl_Task_self                                           
0000715d  ti_sysbios_runtime_System_exit                                     
00007169  ClockP_Params_init                                                 
00007173  PowerCC26X2_sysCtrlStandby                                         
0000717d  pthread_self                                                       
00007187  pthread_attr_setstacksize                                          
0000718f  ti_sysbios_family_arm_m3_Hwi_doSwiRestore                          
00007197  ti_sysbios_family_arm_m3_Hwi_startup                               
0000719f  ti_sysbios_knl_Idle_loop                                           
000071a7  NOROM_CPUdelay                                                     
000071b9  ti_sysbios_family_arm_m3_Hwi_destruct                              
000071bf  ti_sysbios_family_arm_m3_Hwi_doTaskRestore                         
000071c5  HwiP_restore                                                       
000071cb  ti_sysbios_knl_Clock_stop                                          
000071d1  ti_sysbios_knl_Queue_destruct                                      
000071d1  ti_sysbios_knl_Queue_elemClear                                     
000071d7  ti_sysbios_knl_Semaphore_Instance_finalize                         
000071dd  ti_sysbios_knl_Swi_startup                                         
000071e7  ClockP_destruct                                                    
000071eb  ClockP_getSystemTickPeriod                                         
000071ef  ClockP_getTimeout                                                  
000071f3  ClockP_isActive                                                    
000071f7  ClockP_setTimeout                                                  
000071fb  ClockP_start                                                       
000071ff  ClockP_stop                                                        
00007203  HwiP_destruct                                                      
00007207  HwiP_enableInterrupt                                               
0000720b  HwiP_post                                                          
0000720f  NOROM_RFCOverrideUpdate                                            
00007213  RF_defaultExecutionPolicy                                          
00007217  SemaphoreP_destruct                                                
0000721b  SemaphoreP_post                                                    
0000721f  SwiP_destruct                                                      
00007223  SwiP_disable                                                       
00007227  SwiP_getTrigger                                                    
0000722b  SwiP_or                                                            
00007237  ti_sysbios_heaps_HeapMem_isBlocking                                
0000723c  ti_sysbios_family_arm_cc26xx_Timer_funcHookCH1                     
00007240  ti_sysbios_family_arm_cc26xx_Timer_funcHookCH2                     
000085cc  resourceDB                                                         
00008640  PowerCC26X2_config                                                 
00008664  GPIO_config                                                        
00008674  RFCC26XX_hwAttrs                                                   
00008688  ti_sysbios_knl_Idle_funcList                                       
00008690  GPIO_pinLowerBound                                                 
00008691  GPIO_pinUpperBound                                                 
00008692  CONFIG_GPIO_RLED_CONST                                             
00008693  CONFIG_GPIO_GLED_CONST                                             
00008694  EasyLink_numSupportedPhys                                          
00008698  __c_args__                                                         
00008864  __TI_Handler_Table_Base                                            
00008870  __TI_Handler_Table_Limit                                           
00008878  __TI_CINIT_Base                                                    
00008888  __TI_CINIT_Limit                                                   
00057fa8  __ccfg                                                             
20000000  __start___llvm_prf_cnts                                            
20000000  __stop___llvm_prf_cnts                                             
20000000  ti_sysbios_family_arm_m3_Hwi_ramVectors                            
200000d8  __primary_heap_start__                                             
200040d8  __primary_heap_end__                                               
20004992  ti_sysbios_knl_Idle_initDone                                       
20004994  PowerCC26XX_taskKey                                                
20004998  PowerCC26XX_swiKey                                                 
200049b0  ti_sysbios_family_arm_cc26xx_TimestampProvider_Module_state        
200049b4  ti_sysbios_knl_Task_defaultStackHeap                               
200049b8  ti_sysbios_runtime_Memory_defaultHeapInstance                      
200049bc  ti_sysbios_gates_GateMutex_Module_state                            
200049c4  ti_sysbios_heaps_HeapMem_Module_state                              
200049cc  ti_sysbios_knl_Event_state                                         
200049d4  ti_sysbios_knl_Mailbox_Module_state                                
200049dc  ti_sysbios_knl_Semaphore_Module_state                              
200049f0  ti_sysbios_family_arm_cc26xx_Timer_Module_state                    
200049fc  ti_sysbios_runtime_Error_ignore                                    
20004a08  ti_sysbios_runtime_System_Module_state                             
20004a38  ti_sysbios_hal_Seconds_Module_state                                
20004ab4  BIOS_rtsGate                                                       
20004adc  ti_sysbios_heaps_HeapMem_gate                                      
20004b04  ti_sysbios_knl_Swi_Module_state                                    
20004b2c  BIOS_heapMemObject                                                 
20004b58  BIOS_Module_state                                                  
20004b84  ti_sysbios_family_arm_m3_Hwi_Module_state                          
20004bc0  ti_sysbios_knl_Task_Module_state                                   
20004bfc  ti_sysbios_knl_Idle_taskStruct                                     
20004c58  ti_sysbios_knl_ClockSupport_timerStruct                            
20004cb8  ti_sysbios_knl_Clock_Module_state                                  
20004d20  PowerCC26X2_module                                                 
20004e90  rxPacket                                                           
20004f28  gpioPinConfigs                                                     
20004fa4  txPowerTable_868_pa13                                              
20005054  RF_cmdPropRxAdv                                                    
20005084  RF_cmdPropRadioDivSetup                                            
200050ac  _hposcCoeffs                                                       
200050d0  EasyLink_supportedPhys                                             
200050f4  pOverrides                                                         
20005118  RF_cmdFs                                                           
20005130  RF_cmdPropTx                                                       
20005148  RF_prop                                                            
20005158  _lock                                                              
2000515c  _unlock                                                            
20005160  RFCC26XX_schedulerPolicy                                           
2000516c  main_func_sp                                                       
20005170  ti_sysbios_runtime_Startup_done                                    
20005178  ti_sysbios_knl_Idle_taskStack                                      
20005378  ti_sysbios_family_arm_m3_Hwi_dispatchTable                         
200054e8  gpioCallbackFunctions                                              
20005564  gpioUserArgs                                                       
200055e0  ti_sysbios_knl_Swi_readyQs                                         
20005610  ti_sysbios_knl_Task_readyQs                                        
20005640  ti_sysbios_runtime_System_atexitHandlers                           
20013c00  __stack                                                            
20014000  __STACK_END                                                        
ffffffff  __TI_pprof_out_hndl                                                
ffffffff  __TI_prof_data_size                                                
ffffffff  __TI_prof_data_start                                               
ffffffff  __binit__                                                          
ffffffff  binit                                                              
UNDEFED   ITM_flush                                                          
UNDEFED   ITM_restore                                                        
UNDEFED   PIN_hwi_bypass                                                     
UNDEFED   SHT$$INIT_ARRAY$$Base                                              
UNDEFED   SHT$$INIT_ARRAY$$Limit                                             

[450 symbols]
